******************************************************************************
                  TI ARM Linker Unix v18.12.3                  
******************************************************************************
>> Linked Wed Sep 18 15:49:29 2019

OUTPUT FILE NAME:   <boostxl_edumkii_accelerometer_msp432p401r_MSP_EXP432P401R_nortos_ccs.out>
ENTRY POINT SYMBOL: "_c_int00_noargs"  address: 0000329d


MEMORY CONFIGURATION

         name            origin    length      used     unused   attr    fill
----------------------  --------  ---------  --------  --------  ----  --------
  MAIN                  00000000   00040000  00003bf0  0003c410  R  X
  INFO                  00200000   00004000  00000000  00004000  R  X
  SRAM_CODE             01000000   00010000  00000242  0000fdbe  RW X
  SRAM_DATA             20000000   00010000  00000242  0000fdbe  RW  


SEGMENT ALLOCATION MAP

run origin  load origin   length   init length attrs members
----------  ----------- ---------- ----------- ----- -------
00000000    00000000    00003bf0   00003bf0    r-x
  00000000    00000000    000000e4   000000e4    r-- .intvecs
  000000e4    000000e4    0000351c   0000351c    r-x .text
  00003600    00003600    000005b8   000005b8    r-- .const
  00003bb8    00003bb8    00000038   00000038    r-- .cinit
20000000    20000000    00000044   00000000    rw-
  20000000    20000000    0000002e   00000000    rw- .bss
  20000030    20000030    00000014   00000000    rw- .data
2000fe00    2000fe00    00000200   00000000    rw-
  2000fe00    2000fe00    00000200   00000000    rw- .stack


SECTION ALLOCATION MAP

 output                                  attributes/
section   page    origin      length       input sections
--------  ----  ----------  ----------   ----------------
.intvecs   0    00000000    000000e4     
                  00000000    000000e4     startup_msp432p401r_ccs.obj (.intvecs:retain)

.text      0    000000e4    0000351c     
                  000000e4    00000a4e     rtsv7M4_T_le_v4SPD16_eabi.lib : _printfi.c.obj (.text:__TI_printfi)
                  00000b32    0000047e     grlib.a : string.obj (.text:Graphics_drawString)
                  00000fb0    00000270     rtsv7M4_T_le_v4SPD16_eabi.lib : _printfi.c.obj (.text:_pconv_a)
                  00001220    000001d8     Crystalfontz128x128_ST7735.obj (.text:Crystalfontz128x128_PixelDrawMultiple)
                  000013f8    000001d0     rtsv7M4_T_le_v4SPD16_eabi.lib : _printfi.c.obj (.text:_pconv_g)
                  000015c8    000001b6                                   : fd_add_t2.asm.obj (.text)
                  0000177e    00000002     startup_msp432p401r_ccs.obj (.text:Default_Handler)
                  00001780    000001b4     main.obj (.text:main)
                  00001934    00000160     msp432p4xx_driverlib.lib : adc14.o (.text:_getIndexForMemRegister)
                  00001a94    0000013c     rtsv7M4_T_le_v4SPD16_eabi.lib : _printfi.c.obj (.text:_pconv_e)
                  00001bd0    00000136                                   : fd_div_t2.asm.obj (.text)
                  00001d06    00000002                                   : div0.asm.obj (.text)
                  00001d08    00000134     Crystalfontz128x128_ST7735.obj (.text:Crystalfontz128x128_SetDrawFrame)
                  00001e3c    0000012c     Crystalfontz128x128_ST7735.obj (.text:Crystalfontz128x128_Init)
                  00001f68    00000124     rtsv7M4_T_le_v4SPD16_eabi.lib : _printfi.c.obj (.text:fcvt)
                  0000208c    00000110                                   : s_scalbn.c.obj (.text:scalbn)
                  0000219c    000000fc                                   : fd_mul_t2.asm.obj (.text)
                  00002298    000000fa     grlib.a : string.obj (.text:Graphics_getStringWidth)
                  00002392    00000002     --HOLE-- [fill = 0]
                  00002394    000000f8     main.obj (.text:ADC14_IRQHandler)
                  0000248c    000000b1     rtsv7M4_T_le_v4SPD16_eabi.lib : _printfi.c.obj (.text:_ltostr)
                  0000253d    00000001     --HOLE-- [fill = 0]
                  0000253e    000000b0     msp432p4xx_driverlib.lib : spi.o (.text:SPI_initMaster)
                  000025ee    0000009c     Crystalfontz128x128_ST7735.obj (.text:Crystalfontz128x128_RectFill)
                  0000268a    0000009c     grlib.a : line.obj (.text:Graphics_drawLineH)
                  00002726    0000009c     rtsv7M4_T_le_v4SPD16_eabi.lib : memcpy_t2.asm.obj (.text)
                  000027c2    00000096                                   : ull_div_t2.asm.obj (.text)
                  00002858    00000094     main.obj (.text:drawAccelData)
                  000028ec    00000088     msp432p4xx_driverlib.lib : gpio.o (.text:GPIO_setAsPeripheralModuleFunctionOutputPin)
                  00002974    00000086     rtsv7M4_T_le_v4SPD16_eabi.lib : fd_cmp_t2.asm.obj (.text:__aeabi_cdcmple)
                  000029fa    00000086                                   : fd_cmp_t2.asm.obj (.text:__aeabi_cdrcmple)
                  00002a80    0000007a                                   : memset_t2.asm.obj (.text)
                  00002afa    00000002     --HOLE-- [fill = 0]
                  00002afc    00000078     system_msp432p401r.obj (.text:SystemInit)
                  00002b74    0000006e     rtsv7M4_T_le_v4SPD16_eabi.lib : _printfi.c.obj (.text:_mcpy)
                  00002be2    00000068                                   : copy_decompress_lzss.c.obj (.text:decompress:lzss:__TI_decompress_lzss)
                  00002c4a    00000002     --HOLE-- [fill = 0]
                  00002c4c    00000064                                   : s_frexp.c.obj (.text:frexp)
                  00002cb0    00000060     Crystalfontz128x128_ST7735.obj (.text:Crystalfontz128x128_LineDrawH)
                  00002d10    00000060     Crystalfontz128x128_ST7735.obj (.text:Crystalfontz128x128_LineDrawV)
                  00002d70    00000056     rtsv7M4_T_le_v4SPD16_eabi.lib : _printfi.c.obj (.text:_pconv_f)
                  00002dc6    00000002     --HOLE-- [fill = 0]
                  00002dc8    00000054     Crystalfontz128x128_ST7735.obj (.text:Crystalfontz128x128_SetOrientation)
                  00002e1c    00000054     rtsv7M4_T_le_v4SPD16_eabi.lib : ltoa.c.obj (.text:ltoa)
                  00002e70    00000052     grlib.a : context.obj (.text:Graphics_initContext)
                  00002ec2    00000052     rtsv7M4_T_le_v4SPD16_eabi.lib : _printfi.c.obj (.text:_ecpy)
                  00002f14    0000004c                                   : atoi.c.obj (.text:atoi)
                  00002f60    00000048     grlib.a : string.obj (.text:Graphics_drawStringCentered)
                  00002fa8    00000048     rtsv7M4_T_le_v4SPD16_eabi.lib : fd_toi_t2.asm.obj (.text)
                  00002ff0    00000044                                   : autoinit.c.obj (.text:__TI_auto_init_nobinit_nopinit:__TI_auto_init_nobinit_nopinit)
                  00003034    00000040     Crystalfontz128x128_ST7735.obj (.text:Crystalfontz128x128_PixelDraw)
                  00003074    00000040     msp432p4xx_driverlib.lib : gpio.o (.text:GPIO_setAsOutputPin)
                  000030b4    00000040     grlib.a : string.obj (.text:Graphics_getNumberOfLeadingZeros)
                  000030f4    00000040     HAL_MSP_EXP432P401R_Crystalfontz128x128_ST7735.obj (.text:HAL_LCD_SpiInit)
                  00003134    00000040     msp432p4xx_driverlib.lib : spi.o (.text:is_A_Module)
                  00003174    00000040     rtsv7M4_T_le_v4SPD16_eabi.lib : sprintf.c.obj (.text:sprintf)
                  000031b4    0000003e                                   : _printfi.c.obj (.text:_fcpy)
                  000031f2    00000002     --HOLE-- [fill = 0]
                  000031f4    00000038     HAL_MSP_EXP432P401R_Crystalfontz128x128_ST7735.obj (.text:HAL_LCD_writeCommand)
                  0000322c    00000038     main.obj (.text:drawTitle)
                  00003264    00000036     grlib.a : display.obj (.text:Graphics_drawHorizontalLineOnDisplay)
                  0000329a    00000002     --HOLE-- [fill = 0]
                  0000329c    00000034     rtsv7M4_T_le_v4SPD16_eabi.lib : boot_cortex_m.c.obj (.text:_c_int00_noargs:_c_int00_noargs)
                  000032d0    00000030     HAL_MSP_EXP432P401R_Crystalfontz128x128_ST7735.obj (.text:HAL_LCD_PortInit)
                  00003300    0000002e     rtsv7M4_T_le_v4SPD16_eabi.lib : i_tofd_t2.asm.obj (.text)
                  0000332e    00000002     --HOLE-- [fill = 0]
                  00003330    0000002c     Crystalfontz128x128_ST7735.obj (.text:Crystalfontz128x128_ClearScreen)
                  0000335c    0000002c     grlib.a : display.obj (.text:Graphics_drawPixelOnDisplay)
                  00003388    0000002c     HAL_MSP_EXP432P401R_Crystalfontz128x128_ST7735.obj (.text:HAL_LCD_writeData)
                  000033b4    00000028     Crystalfontz128x128_ST7735.obj (.text:Crystalfontz128x128_ColorTranslate)
                  000033dc    00000028     msp432p4xx_driverlib.lib : gpio.o (.text:GPIO_setOutputHighOnPin)
                  00003404    00000028                              : gpio.o (.text:GPIO_setOutputLowOnPin)
                  0000342c    0000001c                              : adc14.o (.text:ADC14_getResult)
                  00003448    0000001c                              : spi.o (.text:SPI_enableModule)
                  00003464    0000001c     rtsv7M4_T_le_v4SPD16_eabi.lib : copy_zero_init.c.obj (.text:decompress:ZI:__TI_zero_init_nomemset:__TI_zero_init_nomemset)
                  00003480    0000001c                                   : memccpy.c.obj (.text:memccpy)
                  0000349c    0000001a     grlib.a : display.obj (.text:Graphics_clearDisplayOnDisplay)
                  000034b6    0000001a             : context.obj (.text:Graphics_setBackgroundColor)
                  000034d0    0000001a             : context.obj (.text:Graphics_setFont)
                  000034ea    0000001a     rtsv7M4_T_le_v4SPD16_eabi.lib : s_copysign.c.obj (.text:copysign)
                  00003504    00000018                                   : sprintf.c.obj (.text:_outs)
                  0000351c    00000016     msp432p4xx_driverlib.lib : spi.o (.text:EUSCI_A_SPI_enable)
                  00003532    00000016                              : spi.o (.text:EUSCI_B_SPI_enable)
                  00003548    00000016     grlib.a : context.obj (.text:Graphics_setForegroundColor)
                  0000355e    00000016             : display.obj (.text:Graphics_translateColorOnDisplay)
                  00003574    00000016     rtsv7M4_T_le_v4SPD16_eabi.lib : strchr.c.obj (.text:strchr)
                  0000358a    00000014                                   : strlen.c.obj (.text:strlen)
                  0000359e    00000012     grlib.a : context.obj (.text:Graphics_clearDisplay)
                  000035b0    00000012     rtsv7M4_T_le_v4SPD16_eabi.lib : wcslen.c.obj (.text:wcslen)
                  000035c2    0000000e                                   : copy_decompress_none.c.obj (.text:decompress:none:__TI_decompress_none)
                  000035d0    0000000c     startup_msp432p401r_ccs.obj (.text:Reset_Handler)
                  000035dc    0000000a     Crystalfontz128x128_ST7735.obj (.text:Crystalfontz128x128_Flush)
                  000035e6    0000000a     rtsv7M4_T_le_v4SPD16_eabi.lib : sprintf.c.obj (.text:_outc)
                  000035f0    00000008                                   : errno.c.obj (.text:__aeabi_errno_addr)
                  000035f8    00000004                                   : pre_init.c.obj (.text:_system_pre_init)
                  000035fc    00000004                                   : exit.c.obj (.text:abort:abort)

.const     0    00003600    000005b8     
                  00003600    000002f8     grlib.a : fontfixed6x8.obj (.const:.string:g_pucFontFixed6x8Data)
                  000038f8    00000101     rtsv7M4_T_le_v4SPD16_eabi.lib : ctype.c.obj (.const:.string:_ctypes_)
                  000039f9    00000003     --HOLE-- [fill = 0]
                  000039fc    000000c8     grlib.a : fontfixed6x8.obj (.const:g_sFontFixed6x8)
                  00003ac4    00000080     msp432p4xx_driverlib.lib : adc14.o (.const:_ctlRegs)
                  00003b44    00000030                              : gpio.o (.const:GPIO_PORT_TO_BASE)
                  00003b74    00000020     Crystalfontz128x128_ST7735.obj (.const:g_sCrystalfontz128x128_funcs)
                  00003b94    0000001c     HAL_MSP_EXP432P401R_Crystalfontz128x128_ST7735.obj (.const:$P$T0$1)
                  00003bb0    00000008     Crystalfontz128x128_ST7735.obj (.const:$P$T0$1)

.cinit     0    00003bb8    00000038     
                  00003bb8    0000000d     (.cinit..data.load) [load image, compression = lzss]
                  00003bc5    00000003     --HOLE-- [fill = 0]
                  00003bc8    0000000c     (__TI_handler_table)
                  00003bd4    00000004     --HOLE-- [fill = 0]
                  00003bd8    00000008     (.cinit..bss.load) [load image, compression = zero_init]
                  00003be0    00000010     (__TI_cinit_table)

.init_array 
*          0    00000000    00000000     UNINITIALIZED

.binit     0    00000000    00000000     

.bss       0    20000000    0000002e     UNINITIALIZED
                  20000000    0000001c     (.common:g_sContext)
                  2000001c    00000008     main.obj (.bss:resultsBuffer)
                  20000024    00000002     (.common:Lcd_ScreenHeigth)
                  20000026    00000002     (.common:Lcd_ScreenWidth)
                  20000028    00000002     (.common:Lcd_TouchTrim)
                  2000002a    00000001     (.common:Lcd_FlagRead)
                  2000002b    00000001     (.common:Lcd_FontSolid)
                  2000002c    00000001     (.common:Lcd_Orientation)
                  2000002d    00000001     (.common:Lcd_PenSolid)

.data      0    20000030    00000014     UNINITIALIZED
                  20000030    00000010     Crystalfontz128x128_ST7735.obj (.data:g_sCrystalfontz128x128)
                  20000040    00000004     rtsv7M4_T_le_v4SPD16_eabi.lib : errno.c.obj (.data)

.stack     0    2000fe00    00000200     UNINITIALIZED
                  2000fe00    00000004     rtsv7M4_T_le_v4SPD16_eabi.lib : boot_cortex_m.c.obj (.stack)
                  2000fe04    000001fc     --HOLE--

MODULE SUMMARY

       Module                                               code    ro data   rw data
       ------                                               ----    -------   -------
    ./
       main.obj                                             888     0         72     
       system_msp432p401r.obj                               120     0         0      
    +--+----------------------------------------------------+-------+---------+---------+
       Total:                                               1008    0         72     
                                                                                     
    ./LcdDriver/
       Crystalfontz128x128_ST7735.obj                       1670    40        52     
       HAL_MSP_EXP432P401R_Crystalfontz128x128_ST7735.obj   212     28        0      
    +--+----------------------------------------------------+-------+---------+---------+
       Total:                                               1882    68        52     
                                                                                     
    ./ccs/
       startup_msp432p401r_ccs.obj                          14      228       0      
    +--+----------------------------------------------------+-------+---------+---------+
       Total:                                               14      228       0      
                                                                                     
    /home/ariac/ti/ccs910/ccs/tools/compiler/ti-cgt-arm_18.12.3.LTS/lib/rtsv7M4_T_le_v4SPD16_eabi.lib
       _printfi.c.obj                                       4851    0         0      
       fd_add_t2.asm.obj                                    438     0         0      
       fd_div_t2.asm.obj                                    310     0         0      
       s_scalbn.c.obj                                       272     0         0      
       fd_cmp_t2.asm.obj                                    268     0         0      
       ctype.c.obj                                          0       257       0      
       fd_mul_t2.asm.obj                                    252     0         0      
       memcpy_t2.asm.obj                                    156     0         0      
       ull_div_t2.asm.obj                                   150     0         0      
       memset_t2.asm.obj                                    122     0         0      
       copy_decompress_lzss.c.obj                           104     0         0      
       s_frexp.c.obj                                        100     0         0      
       sprintf.c.obj                                        98      0         0      
       ltoa.c.obj                                           84      0         0      
       atoi.c.obj                                           76      0         0      
       fd_toi_t2.asm.obj                                    72      0         0      
       autoinit.c.obj                                       68      0         0      
       boot_cortex_m.c.obj                                  52      0         0      
       i_tofd_t2.asm.obj                                    46      0         0      
       copy_zero_init.c.obj                                 28      0         0      
       memccpy.c.obj                                        28      0         0      
       s_copysign.c.obj                                     26      0         0      
       strchr.c.obj                                         22      0         0      
       strlen.c.obj                                         20      0         0      
       wcslen.c.obj                                         18      0         0      
       errno.c.obj                                          8       0         8      
       copy_decompress_none.c.obj                           14      0         0      
       exit.c.obj                                           4       0         0      
       pre_init.c.obj                                       4       0         0      
       div0.asm.obj                                         2       0         0      
    +--+----------------------------------------------------+-------+---------+---------+
       Total:                                               7693    257       8      
                                                                                     
    /home/ariac/ti/simplelink_msp432p4_sdk_3_20_00_06/source/ti/devices/msp432p4xx/driverlib/ccs/msp432p4xx_driverlib.lib
       adc14.o                                              380     128       0      
       gpio.o                                               280     48        0      
       spi.o                                                312     0         0      
    +--+----------------------------------------------------+-------+---------+---------+
       Total:                                               972     176       0      
                                                                                     
    /home/ariac/ti/simplelink_msp432p4_sdk_3_20_00_06/source/ti/grlib/lib/ccs/m4f/grlib.a
       string.obj                                           1536    0         0      
       fontfixed6x8.obj                                     0       960       0      
       context.obj                                          174     0         0      
       line.obj                                             156     0         0      
       display.obj                                          146     0         0      
    +--+----------------------------------------------------+-------+---------+---------+
       Total:                                               2012    960       0      
                                                                                     
       Stack:                                               0       0         1024   
       Linker Generated:                                    0       49        0      
    +--+----------------------------------------------------+-------+---------+---------+
       Grand Total:                                         13581   1738      1156   


LINKER GENERATED COPY TABLES

__TI_cinit_table @ 00003be0 records: 2, size/record: 8, table size: 16
	.data: load addr=00003bb8, load size=0000000d bytes, run addr=20000030, run size=00000014 bytes, compression=lzss
	.bss: load addr=00003bd8, load size=00000008 bytes, run addr=20000000, run size=0000002e bytes, compression=zero_init


LINKER GENERATED HANDLER TABLE

__TI_handler_table @ 00003bc8 records: 3, size/record: 4, table size: 12
	index: 0, handler: __TI_decompress_lzss
	index: 1, handler: __TI_decompress_none
	index: 2, handler: __TI_zero_init


GLOBAL SYMBOLS: SORTED ALPHABETICALLY BY Name 

address   name                                       
-------   ----                                       
00002395  ADC14_IRQHandler                           
00002395  ADC14_IRQHandler                           
0000342d  ADC14_getResult                            
0000177f  AES256_IRQHandler                          
0000177f  BusFault_Handler                           
000035fd  C$$EXIT                                    
0000177f  COMP_E0_IRQHandler                         
0000177f  COMP_E1_IRQHandler                         
0000177f  CS_IRQHandler                              
00001e3d  Crystalfontz128x128_Init                   
00001d09  Crystalfontz128x128_SetDrawFrame           
00002dc9  Crystalfontz128x128_SetOrientation         
0000177f  DMA_ERR_IRQHandler                         
0000177f  DMA_INT0_IRQHandler                        
0000177f  DMA_INT1_IRQHandler                        
0000177f  DMA_INT2_IRQHandler                        
0000177f  DMA_INT3_IRQHandler                        
0000177f  DebugMon_Handler                           
0000177f  Default_Handler                            
0000177f  EUSCIA0_IRQHandler                         
0000177f  EUSCIA1_IRQHandler                         
0000177f  EUSCIA2_IRQHandler                         
0000177f  EUSCIA3_IRQHandler                         
0000177f  EUSCIB0_IRQHandler                         
0000177f  EUSCIB1_IRQHandler                         
0000177f  EUSCIB2_IRQHandler                         
0000177f  EUSCIB3_IRQHandler                         
0000351d  EUSCI_A_SPI_enable                         
00003533  EUSCI_B_SPI_enable                         
0000177f  FLCTL_IRQHandler                           
0000177f  FPU_IRQHandler                             
00003075  GPIO_setAsOutputPin                        
000028ed  GPIO_setAsPeripheralModuleFunctionOutputPin
000033dd  GPIO_setOutputHighOnPin                    
00003405  GPIO_setOutputLowOnPin                     
0000359f  Graphics_clearDisplay                      
0000349d  Graphics_clearDisplayOnDisplay             
00003265  Graphics_drawHorizontalLineOnDisplay       
0000268b  Graphics_drawLineH                         
0000335d  Graphics_drawPixelOnDisplay                
00000b33  Graphics_drawString                        
00002f61  Graphics_drawStringCentered                
00002299  Graphics_getStringWidth                    
00002e71  Graphics_initContext                       
000034b7  Graphics_setBackgroundColor                
000034d1  Graphics_setFont                           
00003549  Graphics_setForegroundColor                
0000355f  Graphics_translateColorOnDisplay           
000032d1  HAL_LCD_PortInit                           
000030f5  HAL_LCD_SpiInit                            
000031f5  HAL_LCD_writeCommand                       
00003389  HAL_LCD_writeData                          
0000177f  HardFault_Handler                          
2000002a  Lcd_FlagRead                               
2000002b  Lcd_FontSolid                              
2000002c  Lcd_Orientation                            
2000002d  Lcd_PenSolid                               
20000024  Lcd_ScreenHeigth                           
20000026  Lcd_ScreenWidth                            
20000028  Lcd_TouchTrim                              
0000177f  MemManage_Handler                          
0000177f  NMI_Handler                                
0000177f  PCM_IRQHandler                             
0000177f  PORT1_IRQHandler                           
0000177f  PORT2_IRQHandler                           
0000177f  PORT3_IRQHandler                           
0000177f  PORT4_IRQHandler                           
0000177f  PORT5_IRQHandler                           
0000177f  PORT6_IRQHandler                           
0000177f  PSS_IRQHandler                             
0000177f  PendSV_Handler                             
0000177f  RTC_C_IRQHandler                           
000035d1  Reset_Handler                              
00003449  SPI_enableModule                           
0000253f  SPI_initMaster                             
0000177f  SVC_Handler                                
0000177f  SysTick_Handler                            
00002afd  SystemInit                                 
0000177f  T32_INT1_IRQHandler                        
0000177f  T32_INT2_IRQHandler                        
0000177f  T32_INTC_IRQHandler                        
0000177f  TA0_0_IRQHandler                           
0000177f  TA0_N_IRQHandler                           
0000177f  TA1_0_IRQHandler                           
0000177f  TA1_N_IRQHandler                           
0000177f  TA2_0_IRQHandler                           
0000177f  TA2_N_IRQHandler                           
0000177f  TA3_0_IRQHandler                           
0000177f  TA3_N_IRQHandler                           
0000177f  UsageFault_Handler                         
4000480c  WDTCTL_SYM                                 
0000177f  WDT_A_IRQHandler                           
20010000  __STACK_END                                
00000200  __STACK_SIZE                               
00003be0  __TI_CINIT_Base                            
00003bf0  __TI_CINIT_Limit                           
00003bc8  __TI_Handler_Table_Base                    
00003bd4  __TI_Handler_Table_Limit                   
00002ff1  __TI_auto_init_nobinit_nopinit             
00002be3  __TI_decompress_lzss                       
000035c3  __TI_decompress_none                       
ffffffff  __TI_pprof_out_hndl                        
000000e5  __TI_printfi                               
ffffffff  __TI_prof_data_size                        
ffffffff  __TI_prof_data_start                       
00000000  __TI_static_base__                         
00003465  __TI_zero_init_nomemset                    
00002975  __aeabi_cdcmpeq                            
00002975  __aeabi_cdcmple                            
000029fb  __aeabi_cdrcmple                           
00002fa9  __aeabi_d2iz                               
000015d3  __aeabi_dadd                               
00001bd1  __aeabi_ddiv                               
0000219d  __aeabi_dmul                               
000015c9  __aeabi_dsub                               
000035f1  __aeabi_errno_addr                         
00003301  __aeabi_i2d                                
00001d07  __aeabi_idiv0                              
00001d07  __aeabi_ldiv0                              
00002a81  __aeabi_memclr                             
00002a81  __aeabi_memclr4                            
00002a81  __aeabi_memclr8                            
00002727  __aeabi_memcpy                             
00002727  __aeabi_memcpy4                            
00002727  __aeabi_memcpy8                            
00002a83  __aeabi_memset                             
00002a83  __aeabi_memset4                            
00002a83  __aeabi_memset8                            
000027c3  __aeabi_uldivmod                           
ffffffff  __binit__                                  
ffffffff  __c_args__                                 
UNDEFED   __mpu_init                                 
2000fe00  __stack                                    
0000329d  _c_int00_noargs                            
000038f8  _ctypes_                                   
UNDEFED   _system_post_cinit                         
000035f9  _system_pre_init                           
000035fd  abort                                      
00002f15  atoi                                       
ffffffff  binit                                      
000034eb  copysign                                   
000034eb  copysignl                                  
00002859  drawAccelData                              
0000322d  drawTitle                                  
20000040  errno                                      
00002c4d  frexp                                      
00002c4d  frexpl                                     
20000000  g_sContext                                 
20000030  g_sCrystalfontz128x128                     
00003b74  g_sCrystalfontz128x128_funcs               
000039fc  g_sFontFixed6x8                            
00000000  interruptVectors                           
0000208d  ldexp                                      
0000208d  ldexpl                                     
00002e1d  ltoa                                       
00001781  main                                       
00003481  memccpy                                    
00002727  memcpy                                     
00002a89  memset                                     
0000208d  scalbn                                     
0000208d  scalbnl                                    
00003175  sprintf                                    
00003575  strchr                                     
0000358b  strlen                                     
000035b1  wcslen                                     


GLOBAL SYMBOLS: SORTED BY Symbol Address 

address   name                                       
-------   ----                                       
00000000  __TI_static_base__                         
00000000  interruptVectors                           
000000e5  __TI_printfi                               
00000200  __STACK_SIZE                               
00000b33  Graphics_drawString                        
000015c9  __aeabi_dsub                               
000015d3  __aeabi_dadd                               
0000177f  AES256_IRQHandler                          
0000177f  BusFault_Handler                           
0000177f  COMP_E0_IRQHandler                         
0000177f  COMP_E1_IRQHandler                         
0000177f  CS_IRQHandler                              
0000177f  DMA_ERR_IRQHandler                         
0000177f  DMA_INT0_IRQHandler                        
0000177f  DMA_INT1_IRQHandler                        
0000177f  DMA_INT2_IRQHandler                        
0000177f  DMA_INT3_IRQHandler                        
0000177f  DebugMon_Handler                           
0000177f  Default_Handler                            
0000177f  EUSCIA0_IRQHandler                         
0000177f  EUSCIA1_IRQHandler                         
0000177f  EUSCIA2_IRQHandler                         
0000177f  EUSCIA3_IRQHandler                         
0000177f  EUSCIB0_IRQHandler                         
0000177f  EUSCIB1_IRQHandler                         
0000177f  EUSCIB2_IRQHandler                         
0000177f  EUSCIB3_IRQHandler                         
0000177f  FLCTL_IRQHandler                           
0000177f  FPU_IRQHandler                             
0000177f  HardFault_Handler                          
0000177f  MemManage_Handler                          
0000177f  NMI_Handler                                
0000177f  PCM_IRQHandler                             
0000177f  PORT1_IRQHandler                           
0000177f  PORT2_IRQHandler                           
0000177f  PORT3_IRQHandler                           
0000177f  PORT4_IRQHandler                           
0000177f  PORT5_IRQHandler                           
0000177f  PORT6_IRQHandler                           
0000177f  PSS_IRQHandler                             
0000177f  PendSV_Handler                             
0000177f  RTC_C_IRQHandler                           
0000177f  SVC_Handler                                
0000177f  SysTick_Handler                            
0000177f  T32_INT1_IRQHandler                        
0000177f  T32_INT2_IRQHandler                        
0000177f  T32_INTC_IRQHandler                        
0000177f  TA0_0_IRQHandler                           
0000177f  TA0_N_IRQHandler                           
0000177f  TA1_0_IRQHandler                           
0000177f  TA1_N_IRQHandler                           
0000177f  TA2_0_IRQHandler                           
0000177f  TA2_N_IRQHandler                           
0000177f  TA3_0_IRQHandler                           
0000177f  TA3_N_IRQHandler                           
0000177f  UsageFault_Handler                         
0000177f  WDT_A_IRQHandler                           
00001781  main                                       
00001bd1  __aeabi_ddiv                               
00001d07  __aeabi_idiv0                              
00001d07  __aeabi_ldiv0                              
00001d09  Crystalfontz128x128_SetDrawFrame           
00001e3d  Crystalfontz128x128_Init                   
0000208d  ldexp                                      
0000208d  ldexpl                                     
0000208d  scalbn                                     
0000208d  scalbnl                                    
0000219d  __aeabi_dmul                               
00002299  Graphics_getStringWidth                    
00002395  ADC14_IRQHandler                           
00002395  ADC14_IRQHandler                           
0000253f  SPI_initMaster                             
0000268b  Graphics_drawLineH                         
00002727  __aeabi_memcpy                             
00002727  __aeabi_memcpy4                            
00002727  __aeabi_memcpy8                            
00002727  memcpy                                     
000027c3  __aeabi_uldivmod                           
00002859  drawAccelData                              
000028ed  GPIO_setAsPeripheralModuleFunctionOutputPin
00002975  __aeabi_cdcmpeq                            
00002975  __aeabi_cdcmple                            
000029fb  __aeabi_cdrcmple                           
00002a81  __aeabi_memclr                             
00002a81  __aeabi_memclr4                            
00002a81  __aeabi_memclr8                            
00002a83  __aeabi_memset                             
00002a83  __aeabi_memset4                            
00002a83  __aeabi_memset8                            
00002a89  memset                                     
00002afd  SystemInit                                 
00002be3  __TI_decompress_lzss                       
00002c4d  frexp                                      
00002c4d  frexpl                                     
00002dc9  Crystalfontz128x128_SetOrientation         
00002e1d  ltoa                                       
00002e71  Graphics_initContext                       
00002f15  atoi                                       
00002f61  Graphics_drawStringCentered                
00002fa9  __aeabi_d2iz                               
00002ff1  __TI_auto_init_nobinit_nopinit             
00003075  GPIO_setAsOutputPin                        
000030f5  HAL_LCD_SpiInit                            
00003175  sprintf                                    
000031f5  HAL_LCD_writeCommand                       
0000322d  drawTitle                                  
00003265  Graphics_drawHorizontalLineOnDisplay       
0000329d  _c_int00_noargs                            
000032d1  HAL_LCD_PortInit                           
00003301  __aeabi_i2d                                
0000335d  Graphics_drawPixelOnDisplay                
00003389  HAL_LCD_writeData                          
000033dd  GPIO_setOutputHighOnPin                    
00003405  GPIO_setOutputLowOnPin                     
0000342d  ADC14_getResult                            
00003449  SPI_enableModule                           
00003465  __TI_zero_init_nomemset                    
00003481  memccpy                                    
0000349d  Graphics_clearDisplayOnDisplay             
000034b7  Graphics_setBackgroundColor                
000034d1  Graphics_setFont                           
000034eb  copysign                                   
000034eb  copysignl                                  
0000351d  EUSCI_A_SPI_enable                         
00003533  EUSCI_B_SPI_enable                         
00003549  Graphics_setForegroundColor                
0000355f  Graphics_translateColorOnDisplay           
00003575  strchr                                     
0000358b  strlen                                     
0000359f  Graphics_clearDisplay                      
000035b1  wcslen                                     
000035c3  __TI_decompress_none                       
000035d1  Reset_Handler                              
000035f1  __aeabi_errno_addr                         
000035f9  _system_pre_init                           
000035fd  C$$EXIT                                    
000035fd  abort                                      
000038f8  _ctypes_                                   
000039fc  g_sFontFixed6x8                            
00003b74  g_sCrystalfontz128x128_funcs               
00003bc8  __TI_Handler_Table_Base                    
00003bd4  __TI_Handler_Table_Limit                   
00003be0  __TI_CINIT_Base                            
00003bf0  __TI_CINIT_Limit                           
20000000  g_sContext                                 
20000024  Lcd_ScreenHeigth                           
20000026  Lcd_ScreenWidth                            
20000028  Lcd_TouchTrim                              
2000002a  Lcd_FlagRead                               
2000002b  Lcd_FontSolid                              
2000002c  Lcd_Orientation                            
2000002d  Lcd_PenSolid                               
20000030  g_sCrystalfontz128x128                     
20000040  errno                                      
2000fe00  __stack                                    
20010000  __STACK_END                                
4000480c  WDTCTL_SYM                                 
ffffffff  __TI_pprof_out_hndl                        
ffffffff  __TI_prof_data_size                        
ffffffff  __TI_prof_data_start                       
ffffffff  __binit__                                  
ffffffff  __c_args__                                 
ffffffff  binit                                      
UNDEFED   __mpu_init                                 
UNDEFED   _system_post_cinit                         

[165 symbols]
