<?xml version="1.0" encoding="ISO-8859-1" ?>
<link_info>
   <banner>TI ARM Linker Unix v18.12.3.LTS</banner>
   <copyright>Copyright (c) 1996-2018 Texas Instruments Incorporated</copyright>
   <link_time>0x5d9e4dae</link_time>
   <link_errors>0x0</link_errors>
   <output_file>firmware.out</output_file>
   <entry_point>
      <name>_c_int00_noargs</name>
      <address>0x1ad9</address>
   </entry_point>
   <input_file_list>
      <input_file id="fl-2">
         <path>./</path>
         <kind>object</kind>
         <file>main.obj</file>
         <name>main.obj</name>
      </input_file>
      <input_file id="fl-3">
         <path>./</path>
         <kind>object</kind>
         <file>system_msp432p401r.obj</file>
         <name>system_msp432p401r.obj</name>
      </input_file>
      <input_file id="fl-4">
         <path>./LcdDriver/</path>
         <kind>object</kind>
         <file>Crystalfontz128x128_ST7735.obj</file>
         <name>Crystalfontz128x128_ST7735.obj</name>
      </input_file>
      <input_file id="fl-5">
         <path>./LcdDriver/</path>
         <kind>object</kind>
         <file>HAL_MSP_EXP432P401R_Crystalfontz128x128_ST7735.obj</file>
         <name>HAL_MSP_EXP432P401R_Crystalfontz128x128_ST7735.obj</name>
      </input_file>
      <input_file id="fl-6">
         <path>./ccs/</path>
         <kind>object</kind>
         <file>startup_msp432p401r_ccs.obj</file>
         <name>startup_msp432p401r_ccs.obj</name>
      </input_file>
      <input_file id="fl-11">
         <kind>object</kind>
         <file>&lt;internal&gt;</file>
         <name>&lt;internal&gt;</name>
      </input_file>
      <input_file id="fl-12">
         <path>/home/ariac/ti/simplelink_msp432p4_sdk_3_20_00_06/source/ti/grlib/lib/ccs/m4f/</path>
         <kind>archive</kind>
         <file>grlib.a</file>
         <name>context.obj</name>
      </input_file>
      <input_file id="fl-13">
         <path>/home/ariac/ti/simplelink_msp432p4_sdk_3_20_00_06/source/ti/grlib/lib/ccs/m4f/</path>
         <kind>archive</kind>
         <file>grlib.a</file>
         <name>display.obj</name>
      </input_file>
      <input_file id="fl-14">
         <path>/home/ariac/ti/simplelink_msp432p4_sdk_3_20_00_06/source/ti/grlib/lib/ccs/m4f/</path>
         <kind>archive</kind>
         <file>grlib.a</file>
         <name>fontfixed6x8.obj</name>
      </input_file>
      <input_file id="fl-15">
         <path>/home/ariac/ti/simplelink_msp432p4_sdk_3_20_00_06/source/ti/grlib/lib/ccs/m4f/</path>
         <kind>archive</kind>
         <file>grlib.a</file>
         <name>image.obj</name>
      </input_file>
      <input_file id="fl-16">
         <path>/home/ariac/ti/simplelink_msp432p4_sdk_3_20_00_06/source/ti/devices/msp432p4xx/driverlib/ccs/</path>
         <kind>archive</kind>
         <file>msp432p4xx_driverlib.lib</file>
         <name>adc14.o</name>
      </input_file>
      <input_file id="fl-17">
         <path>/home/ariac/ti/simplelink_msp432p4_sdk_3_20_00_06/source/ti/devices/msp432p4xx/driverlib/ccs/</path>
         <kind>archive</kind>
         <file>msp432p4xx_driverlib.lib</file>
         <name>cs.o</name>
      </input_file>
      <input_file id="fl-18">
         <path>/home/ariac/ti/simplelink_msp432p4_sdk_3_20_00_06/source/ti/devices/msp432p4xx/driverlib/ccs/</path>
         <kind>archive</kind>
         <file>msp432p4xx_driverlib.lib</file>
         <name>gpio.o</name>
      </input_file>
      <input_file id="fl-19">
         <path>/home/ariac/ti/simplelink_msp432p4_sdk_3_20_00_06/source/ti/devices/msp432p4xx/driverlib/ccs/</path>
         <kind>archive</kind>
         <file>msp432p4xx_driverlib.lib</file>
         <name>interrupt.o</name>
      </input_file>
      <input_file id="fl-1a">
         <path>/home/ariac/ti/simplelink_msp432p4_sdk_3_20_00_06/source/ti/devices/msp432p4xx/driverlib/ccs/</path>
         <kind>archive</kind>
         <file>msp432p4xx_driverlib.lib</file>
         <name>spi.o</name>
      </input_file>
      <input_file id="fl-1b">
         <path>/home/ariac/ti/simplelink_msp432p4_sdk_3_20_00_06/source/ti/devices/msp432p4xx/driverlib/ccs/</path>
         <kind>archive</kind>
         <file>msp432p4xx_driverlib.lib</file>
         <name>sysctl_a.o</name>
      </input_file>
      <input_file id="fl-1c">
         <path>/home/ariac/ti/simplelink_msp432p4_sdk_3_20_00_06/source/ti/devices/msp432p4xx/driverlib/ccs/</path>
         <kind>archive</kind>
         <file>msp432p4xx_driverlib.lib</file>
         <name>cpu.o</name>
      </input_file>
      <input_file id="fl-d2">
         <path>/home/ariac/ti/ccs910/ccs/tools/compiler/ti-cgt-arm_18.12.3.LTS/lib/</path>
         <kind>archive</kind>
         <file>rtsv7M4_T_le_v4SPD16_eabi.lib</file>
         <name>copy_zero_init.c.obj</name>
      </input_file>
      <input_file id="fl-d3">
         <path>/home/ariac/ti/ccs910/ccs/tools/compiler/ti-cgt-arm_18.12.3.LTS/lib/</path>
         <kind>archive</kind>
         <file>rtsv7M4_T_le_v4SPD16_eabi.lib</file>
         <name>copy_decompress_none.c.obj</name>
      </input_file>
      <input_file id="fl-d4">
         <path>/home/ariac/ti/ccs910/ccs/tools/compiler/ti-cgt-arm_18.12.3.LTS/lib/</path>
         <kind>archive</kind>
         <file>rtsv7M4_T_le_v4SPD16_eabi.lib</file>
         <name>copy_decompress_lzss.c.obj</name>
      </input_file>
      <input_file id="fl-d5">
         <path>/home/ariac/ti/ccs910/ccs/tools/compiler/ti-cgt-arm_18.12.3.LTS/lib/</path>
         <kind>archive</kind>
         <file>rtsv7M4_T_le_v4SPD16_eabi.lib</file>
         <name>boot_cortex_m.c.obj</name>
      </input_file>
      <input_file id="fl-d6">
         <path>/home/ariac/ti/ccs910/ccs/tools/compiler/ti-cgt-arm_18.12.3.LTS/lib/</path>
         <kind>archive</kind>
         <file>rtsv7M4_T_le_v4SPD16_eabi.lib</file>
         <name>memset_t2.asm.obj</name>
      </input_file>
      <input_file id="fl-d7">
         <path>/home/ariac/ti/ccs910/ccs/tools/compiler/ti-cgt-arm_18.12.3.LTS/lib/</path>
         <kind>archive</kind>
         <file>rtsv7M4_T_le_v4SPD16_eabi.lib</file>
         <name>memcpy_t2.asm.obj</name>
      </input_file>
      <input_file id="fl-d8">
         <path>/home/ariac/ti/ccs910/ccs/tools/compiler/ti-cgt-arm_18.12.3.LTS/lib/</path>
         <kind>archive</kind>
         <file>rtsv7M4_T_le_v4SPD16_eabi.lib</file>
         <name>autoinit.c.obj</name>
      </input_file>
      <input_file id="fl-d9">
         <path>/home/ariac/ti/ccs910/ccs/tools/compiler/ti-cgt-arm_18.12.3.LTS/lib/</path>
         <kind>archive</kind>
         <file>rtsv7M4_T_le_v4SPD16_eabi.lib</file>
         <name>pre_init.c.obj</name>
      </input_file>
      <input_file id="fl-da">
         <path>/home/ariac/ti/ccs910/ccs/tools/compiler/ti-cgt-arm_18.12.3.LTS/lib/</path>
         <kind>archive</kind>
         <file>rtsv7M4_T_le_v4SPD16_eabi.lib</file>
         <name>cpy_tbl.c.obj</name>
      </input_file>
      <input_file id="fl-db">
         <path>/home/ariac/ti/ccs910/ccs/tools/compiler/ti-cgt-arm_18.12.3.LTS/lib/</path>
         <kind>archive</kind>
         <file>rtsv7M4_T_le_v4SPD16_eabi.lib</file>
         <name>exit.c.obj</name>
      </input_file>
      <input_file id="fl-dc">
         <path>/home/ariac/ti/ccs910/ccs/tools/compiler/ti-cgt-arm_18.12.3.LTS/lib/</path>
         <kind>archive</kind>
         <file>rtsv7M4_T_le_v4SPD16_eabi.lib</file>
         <name>_lock.c.obj</name>
      </input_file>
      <input_file id="fl-dd">
         <path>/home/ariac/ti/ccs910/ccs/tools/compiler/ti-cgt-arm_18.12.3.LTS/lib/</path>
         <kind>archive</kind>
         <file>rtsv7M4_T_le_v4SPD16_eabi.lib</file>
         <name>args_main.c.obj</name>
      </input_file>
   </input_file_list>
   <object_component_list>
      <object_component id="oc-23">
         <name>.intvecs:retain</name>
         <load_address>0x0</load_address>
         <run_address>0x0</run_address>
         <size>0xe4</size>
         <input_file_ref idref="fl-6"/>
      </object_component>
      <object_component id="oc-bc">
         <name>.text:Graphics_drawImage</name>
         <load_address>0xe4</load_address>
         <run_address>0xe4</run_address>
         <size>0x390</size>
         <input_file_ref idref="fl-15"/>
      </object_component>
      <object_component id="oc-a2">
         <name>.text:main</name>
         <load_address>0x474</load_address>
         <run_address>0x474</run_address>
         <size>0x2cc</size>
         <input_file_ref idref="fl-2"/>
      </object_component>
      <object_component id="oc-da">
         <name>.text:TickFct_Arrow</name>
         <load_address>0x740</load_address>
         <run_address>0x740</run_address>
         <size>0x1f0</size>
         <input_file_ref idref="fl-2"/>
      </object_component>
      <object_component id="oc-22e">
         <name>.text:Crystalfontz128x128_PixelDrawMultiple</name>
         <load_address>0x930</load_address>
         <run_address>0x930</run_address>
         <size>0x1d8</size>
         <input_file_ref idref="fl-4"/>
      </object_component>
      <object_component id="oc-70">
         <name>.text:EUSCIA0_IRQHandler</name>
         <load_address>0xb08</load_address>
         <run_address>0xb08</run_address>
         <size>0x1c0</size>
         <input_file_ref idref="fl-2"/>
      </object_component>
      <object_component id="oc-e0">
         <name>.text:TickFct_Button</name>
         <load_address>0xcc8</load_address>
         <run_address>0xcc8</run_address>
         <size>0x1b8</size>
         <input_file_ref idref="fl-2"/>
      </object_component>
      <object_component id="oc-1c4">
         <name>.text:_getIndexForMemRegister</name>
         <load_address>0xe80</load_address>
         <run_address>0xe80</run_address>
         <size>0x160</size>
         <input_file_ref idref="fl-16"/>
      </object_component>
      <object_component id="oc-208">
         <name>.text:Crystalfontz128x128_SetDrawFrame</name>
         <load_address>0xfe0</load_address>
         <run_address>0xfe0</run_address>
         <size>0x134</size>
         <input_file_ref idref="fl-4"/>
      </object_component>
      <object_component id="oc-112">
         <name>.text:Crystalfontz128x128_Init</name>
         <load_address>0x1114</load_address>
         <run_address>0x1114</run_address>
         <size>0x12c</size>
         <input_file_ref idref="fl-4"/>
      </object_component>
      <object_component id="oc-2a3">
         <name>.text:SPI_initMaster</name>
         <load_address>0x1240</load_address>
         <run_address>0x1240</run_address>
         <size>0xb0</size>
         <input_file_ref idref="fl-1a"/>
      </object_component>
      <object_component id="oc-76">
         <name>.text:ADC14_IRQHandler</name>
         <load_address>0x12f0</load_address>
         <run_address>0x12f0</run_address>
         <size>0xac</size>
         <input_file_ref idref="fl-2"/>
      </object_component>
      <object_component id="oc-240">
         <name>.text:Crystalfontz128x128_RectFill</name>
         <load_address>0x139c</load_address>
         <run_address>0x139c</run_address>
         <size>0x9c</size>
         <input_file_ref idref="fl-4"/>
      </object_component>
      <object_component id="oc-34">
         <name>.text</name>
         <load_address>0x1438</load_address>
         <run_address>0x1438</run_address>
         <size>0x9c</size>
         <input_file_ref idref="fl-d7"/>
      </object_component>
      <object_component id="oc-296">
         <name>.text:GPIO_setAsPeripheralModuleFunctionOutputPin</name>
         <load_address>0x14d4</load_address>
         <run_address>0x14d4</run_address>
         <size>0x88</size>
         <input_file_ref idref="fl-18"/>
      </object_component>
      <object_component id="oc-96">
         <name>.text</name>
         <load_address>0x155c</load_address>
         <run_address>0x155c</run_address>
         <size>0x7a</size>
         <input_file_ref idref="fl-d6"/>
      </object_component>
      <object_component id="oc-6a">
         <name>.text:Default_Handler</name>
         <load_address>0x15d6</load_address>
         <run_address>0x15d6</run_address>
         <size>0x2</size>
         <input_file_ref idref="fl-6"/>
      </object_component>
      <object_component id="oc-b4">
         <name>.text:SystemInit</name>
         <load_address>0x15d8</load_address>
         <run_address>0x15d8</run_address>
         <size>0x78</size>
         <input_file_ref idref="fl-3"/>
      </object_component>
      <object_component id="oc-187">
         <name>.text:Graphics_convertPalette</name>
         <load_address>0x1650</load_address>
         <run_address>0x1650</run_address>
         <size>0x6c</size>
         <input_file_ref idref="fl-15"/>
      </object_component>
      <object_component id="oc-14">
         <name>.text:decompress:lzss:__TI_decompress_lzss</name>
         <load_address>0x16bc</load_address>
         <run_address>0x16bc</run_address>
         <size>0x68</size>
         <input_file_ref idref="fl-d4"/>
      </object_component>
      <object_component id="oc-234">
         <name>.text:Crystalfontz128x128_LineDrawH</name>
         <load_address>0x1724</load_address>
         <run_address>0x1724</run_address>
         <size>0x60</size>
         <input_file_ref idref="fl-4"/>
      </object_component>
      <object_component id="oc-23a">
         <name>.text:Crystalfontz128x128_LineDrawV</name>
         <load_address>0x1784</load_address>
         <run_address>0x1784</run_address>
         <size>0x60</size>
         <input_file_ref idref="fl-4"/>
      </object_component>
      <object_component id="oc-106">
         <name>.text:GPIO_setAsInputPinWithPullUpResistor</name>
         <load_address>0x17e4</load_address>
         <run_address>0x17e4</run_address>
         <size>0x58</size>
         <input_file_ref idref="fl-18"/>
      </object_component>
      <object_component id="oc-118">
         <name>.text:Crystalfontz128x128_SetOrientation</name>
         <load_address>0x183c</load_address>
         <run_address>0x183c</run_address>
         <size>0x54</size>
         <input_file_ref idref="fl-4"/>
      </object_component>
      <object_component id="oc-11e">
         <name>.text:Graphics_initContext</name>
         <load_address>0x1890</load_address>
         <run_address>0x1890</run_address>
         <size>0x52</size>
         <input_file_ref idref="fl-12"/>
      </object_component>
      <object_component id="oc-18d">
         <name>.text:Graphics_drawMultiplePixelsOnDisplay</name>
         <load_address>0x18e2</load_address>
         <run_address>0x18e2</run_address>
         <size>0x46</size>
         <input_file_ref idref="fl-13"/>
      </object_component>
      <object_component id="oc-154">
         <name>.text:__TI_auto_init_nobinit_nopinit:__TI_auto_init_nobinit_nopinit</name>
         <load_address>0x1928</load_address>
         <run_address>0x1928</run_address>
         <size>0x44</size>
         <input_file_ref idref="fl-d8"/>
      </object_component>
      <object_component id="oc-228">
         <name>.text:Crystalfontz128x128_PixelDraw</name>
         <load_address>0x196c</load_address>
         <run_address>0x196c</run_address>
         <size>0x40</size>
         <input_file_ref idref="fl-4"/>
      </object_component>
      <object_component id="oc-29c">
         <name>.text:GPIO_setAsOutputPin</name>
         <load_address>0x19ac</load_address>
         <run_address>0x19ac</run_address>
         <size>0x40</size>
         <input_file_ref idref="fl-18"/>
      </object_component>
      <object_component id="oc-1ea">
         <name>.text:HAL_LCD_SpiInit</name>
         <load_address>0x19ec</load_address>
         <run_address>0x19ec</run_address>
         <size>0x40</size>
         <input_file_ref idref="fl-5"/>
      </object_component>
      <object_component id="oc-310">
         <name>.text:is_A_Module</name>
         <load_address>0x1a2c</load_address>
         <run_address>0x1a2c</run_address>
         <size>0x40</size>
         <input_file_ref idref="fl-1a"/>
      </object_component>
      <object_component id="oc-1fc">
         <name>.text:HAL_LCD_writeCommand</name>
         <load_address>0x1a6c</load_address>
         <run_address>0x1a6c</run_address>
         <size>0x38</size>
         <input_file_ref idref="fl-5"/>
      </object_component>
      <object_component id="oc-10c">
         <name>.text:CS_setDCOCenteredFrequency</name>
         <load_address>0x1aa4</load_address>
         <run_address>0x1aa4</run_address>
         <size>0x34</size>
         <input_file_ref idref="fl-17"/>
      </object_component>
      <object_component id="oc-52">
         <name>.text:_c_int00_noargs:_c_int00_noargs</name>
         <load_address>0x1ad8</load_address>
         <run_address>0x1ad8</run_address>
         <size>0x34</size>
         <input_file_ref idref="fl-d5"/>
      </object_component>
      <object_component id="oc-1d4">
         <name>.text:GPIO_getInputPinValue</name>
         <load_address>0x1b0c</load_address>
         <run_address>0x1b0c</run_address>
         <size>0x30</size>
         <input_file_ref idref="fl-18"/>
      </object_component>
      <object_component id="oc-1e4">
         <name>.text:HAL_LCD_PortInit</name>
         <load_address>0x1b3c</load_address>
         <run_address>0x1b3c</run_address>
         <size>0x30</size>
         <input_file_ref idref="fl-5"/>
      </object_component>
      <object_component id="oc-252">
         <name>.text:Crystalfontz128x128_ClearScreen</name>
         <load_address>0x1b6c</load_address>
         <run_address>0x1b6c</run_address>
         <size>0x2c</size>
         <input_file_ref idref="fl-4"/>
      </object_component>
      <object_component id="oc-193">
         <name>.text:Graphics_drawPixelOnDisplay</name>
         <load_address>0x1b98</load_address>
         <run_address>0x1b98</run_address>
         <size>0x2c</size>
         <input_file_ref idref="fl-13"/>
      </object_component>
      <object_component id="oc-202">
         <name>.text:HAL_LCD_writeData</name>
         <load_address>0x1bc4</load_address>
         <run_address>0x1bc4</run_address>
         <size>0x2c</size>
         <input_file_ref idref="fl-5"/>
      </object_component>
      <object_component id="oc-246">
         <name>.text:Crystalfontz128x128_ColorTranslate</name>
         <load_address>0x1bf0</load_address>
         <run_address>0x1bf0</run_address>
         <size>0x28</size>
         <input_file_ref idref="fl-4"/>
      </object_component>
      <object_component id="oc-1f6">
         <name>.text:GPIO_setOutputHighOnPin</name>
         <load_address>0x1c18</load_address>
         <run_address>0x1c18</run_address>
         <size>0x28</size>
         <input_file_ref idref="fl-18"/>
      </object_component>
      <object_component id="oc-1f0">
         <name>.text:GPIO_setOutputLowOnPin</name>
         <load_address>0x1c40</load_address>
         <run_address>0x1c40</run_address>
         <size>0x28</size>
         <input_file_ref idref="fl-18"/>
      </object_component>
      <object_component id="oc-d4">
         <name>.text:ADC14_getResult</name>
         <load_address>0x1c68</load_address>
         <run_address>0x1c68</run_address>
         <size>0x1c</size>
         <input_file_ref idref="fl-16"/>
      </object_component>
      <object_component id="oc-2a9">
         <name>.text:SPI_enableModule</name>
         <load_address>0x1c84</load_address>
         <run_address>0x1c84</run_address>
         <size>0x1c</size>
         <input_file_ref idref="fl-1a"/>
      </object_component>
      <object_component id="oc-12a">
         <name>.text:Graphics_setBackgroundColor</name>
         <load_address>0x1ca0</load_address>
         <run_address>0x1ca0</run_address>
         <size>0x1a</size>
         <input_file_ref idref="fl-12"/>
      </object_component>
      <object_component id="oc-130">
         <name>.text:Graphics_setFont</name>
         <load_address>0x1cba</load_address>
         <run_address>0x1cba</run_address>
         <size>0x1a</size>
         <input_file_ref idref="fl-12"/>
      </object_component>
      <object_component id="oc-318">
         <name>.text:EUSCI_A_SPI_enable</name>
         <load_address>0x1cd4</load_address>
         <run_address>0x1cd4</run_address>
         <size>0x16</size>
         <input_file_ref idref="fl-1a"/>
      </object_component>
      <object_component id="oc-31e">
         <name>.text:EUSCI_B_SPI_enable</name>
         <load_address>0x1cea</load_address>
         <run_address>0x1cea</run_address>
         <size>0x16</size>
         <input_file_ref idref="fl-1a"/>
      </object_component>
      <object_component id="oc-124">
         <name>.text:Graphics_setForegroundColor</name>
         <load_address>0x1d00</load_address>
         <run_address>0x1d00</run_address>
         <size>0x16</size>
         <input_file_ref idref="fl-12"/>
      </object_component>
      <object_component id="oc-21b">
         <name>.text:Graphics_translateColorOnDisplay</name>
         <load_address>0x1d16</load_address>
         <run_address>0x1d16</run_address>
         <size>0x16</size>
         <input_file_ref idref="fl-13"/>
      </object_component>
      <object_component id="oc-1a">
         <name>.text:decompress:none:__TI_decompress_none</name>
         <load_address>0x1d2c</load_address>
         <run_address>0x1d2c</run_address>
         <size>0xe</size>
         <input_file_ref idref="fl-d3"/>
      </object_component>
      <object_component id="oc-64">
         <name>.text:Reset_Handler</name>
         <load_address>0x1d3a</load_address>
         <run_address>0x1d3a</run_address>
         <size>0xc</size>
         <input_file_ref idref="fl-6"/>
      </object_component>
      <object_component id="oc-46">
         <name>.text:decompress:ZI:__TI_zero_init</name>
         <load_address>0x1d46</load_address>
         <run_address>0x1d46</run_address>
         <size>0xc</size>
         <input_file_ref idref="fl-d2"/>
      </object_component>
      <object_component id="oc-24c">
         <name>.text:Crystalfontz128x128_Flush</name>
         <load_address>0x1d52</load_address>
         <run_address>0x1d52</run_address>
         <size>0xa</size>
         <input_file_ref idref="fl-4"/>
      </object_component>
      <object_component id="oc-9c">
         <name>.text:_system_pre_init</name>
         <load_address>0x1d5c</load_address>
         <run_address>0x1d5c</run_address>
         <size>0x4</size>
         <input_file_ref idref="fl-d9"/>
      </object_component>
      <object_component id="oc-148">
         <name>.text:abort:abort</name>
         <load_address>0x1d60</load_address>
         <run_address>0x1d60</run_address>
         <size>0x4</size>
         <input_file_ref idref="fl-db"/>
      </object_component>
      <object_component id="oc-25a">
         <name>.const:.string:g_pucFontFixed6x8Data</name>
         <load_address>0x1d64</load_address>
         <run_address>0x1d64</run_address>
         <size>0x2f8</size>
         <input_file_ref idref="fl-14"/>
      </object_component>
      <object_component id="oc-13f">
         <name>.const:g_sFontFixed6x8</name>
         <load_address>0x205c</load_address>
         <run_address>0x205c</run_address>
         <size>0xc8</size>
         <input_file_ref idref="fl-14"/>
      </object_component>
      <object_component id="oc-1ca">
         <name>.const:_ctlRegs</name>
         <load_address>0x2124</load_address>
         <run_address>0x2124</run_address>
         <size>0x80</size>
         <input_file_ref idref="fl-16"/>
      </object_component>
      <object_component id="oc-1df">
         <name>.const:GPIO_PORT_TO_BASE</name>
         <load_address>0x21a4</load_address>
         <run_address>0x21a4</run_address>
         <size>0x30</size>
         <input_file_ref idref="fl-18"/>
      </object_component>
      <object_component id="oc-136">
         <name>.const:uartConfig</name>
         <load_address>0x21d4</load_address>
         <run_address>0x21d4</run_address>
         <size>0x24</size>
         <input_file_ref idref="fl-2"/>
      </object_component>
      <object_component id="oc-13c">
         <name>.const:g_sCrystalfontz128x128_funcs</name>
         <load_address>0x21f8</load_address>
         <run_address>0x21f8</run_address>
         <size>0x20</size>
         <input_file_ref idref="fl-4"/>
      </object_component>
      <object_component id="oc-2af">
         <name>.const:$P$T0$1</name>
         <load_address>0x2218</load_address>
         <run_address>0x2218</run_address>
         <size>0x1c</size>
         <input_file_ref idref="fl-5"/>
      </object_component>
      <object_component id="oc-2ce">
         <name>.const:$P$T0$1</name>
         <load_address>0x2234</load_address>
         <run_address>0x2234</run_address>
         <size>0x8</size>
         <input_file_ref idref="fl-4"/>
      </object_component>
      <object_component id="oc-374">
         <name>.cinit..data.load</name>
         <load_address>0x2240</load_address>
         <run_address>0x2240</run_address>
         <size>0x1d</size>
      </object_component>
      <object_component id="oc-372">
         <name>__TI_handler_table</name>
         <load_address>0x2260</load_address>
         <run_address>0x2260</run_address>
         <size>0xc</size>
      </object_component>
      <object_component id="oc-375">
         <name>.cinit..bss.load</name>
         <load_address>0x2270</load_address>
         <run_address>0x2270</run_address>
         <size>0x8</size>
      </object_component>
      <object_component id="oc-373">
         <name>__TI_cinit_table</name>
         <load_address>0x2278</load_address>
         <run_address>0x2278</run_address>
         <size>0x10</size>
      </object_component>
      <object_component id="oc-347">
         <name>.binit</name>
         <load_address>0x0</load_address>
         <run_address>0x0</run_address>
         <size>0x0</size>
      </object_component>
      <object_component id="oc-c5">
         <name>.data:codes</name>
         <load_address>0x2000487c</load_address>
         <run_address>0x2000487c</run_address>
         <size>0x6</size>
         <input_file_ref idref="fl-2"/>
      </object_component>
      <object_component id="oc-c2">
         <name>.data</name>
         <load_address>0x20004844</load_address>
         <run_address>0x20004844</run_address>
         <size>0x28</size>
         <input_file_ref idref="fl-2"/>
      </object_component>
      <object_component id="oc-139">
         <name>.data:g_sCrystalfontz128x128</name>
         <load_address>0x2000486c</load_address>
         <run_address>0x2000486c</run_address>
         <size>0x10</size>
         <input_file_ref idref="fl-4"/>
      </object_component>
      <object_component id="oc-e6">
         <name>.bss:resultsBuffer_ACC</name>
         <uninitialized>true</uninitialized>
         <run_address>0x2000482c</run_address>
         <size>0x8</size>
         <input_file_ref idref="fl-2"/>
      </object_component>
      <object_component id="oc-e9">
         <name>.bss:resultsBuffer_JOY</name>
         <uninitialized>true</uninitialized>
         <run_address>0x20004834</run_address>
         <size>0x4</size>
         <input_file_ref idref="fl-2"/>
      </object_component>
      <object_component id="oc-280">
         <name>.bss:g_pulConvertedPalette</name>
         <uninitialized>true</uninitialized>
         <run_address>0x20004000</run_address>
         <size>0x400</size>
         <input_file_ref idref="fl-15"/>
      </object_component>
      <object_component id="oc-cc">
         <name>.common:g_sContext</name>
         <uninitialized>true</uninitialized>
         <run_address>0x20004800</run_address>
         <size>0x1c</size>
      </object_component>
      <object_component id="oc-c8">
         <name>.common:image</name>
         <uninitialized>true</uninitialized>
         <run_address>0x20000000</run_address>
         <size>0x4000</size>
      </object_component>
      <object_component id="oc-cb">
         <name>.common:pallet</name>
         <uninitialized>true</uninitialized>
         <run_address>0x20004400</run_address>
         <size>0x400</size>
      </object_component>
      <object_component id="oc-cd">
         <name>.common:bitmap</name>
         <uninitialized>true</uninitialized>
         <run_address>0x2000481c</run_address>
         <size>0x10</size>
      </object_component>
      <object_component id="oc-ec">
         <name>.common:ar_state</name>
         <uninitialized>true</uninitialized>
         <run_address>0x20004842</run_address>
         <size>0x1</size>
      </object_component>
      <object_component id="oc-ed">
         <name>.common:btn_state</name>
         <uninitialized>true</uninitialized>
         <run_address>0x20004843</run_address>
         <size>0x1</size>
      </object_component>
      <object_component id="oc-217">
         <name>.common:Lcd_Orientation</name>
         <uninitialized>true</uninitialized>
         <run_address>0x20004840</run_address>
         <size>0x1</size>
      </object_component>
      <object_component id="oc-20e">
         <name>.common:Lcd_ScreenWidth</name>
         <uninitialized>true</uninitialized>
         <run_address>0x2000483a</run_address>
         <size>0x2</size>
      </object_component>
      <object_component id="oc-211">
         <name>.common:Lcd_ScreenHeigth</name>
         <uninitialized>true</uninitialized>
         <run_address>0x20004838</run_address>
         <size>0x2</size>
      </object_component>
      <object_component id="oc-212">
         <name>.common:Lcd_PenSolid</name>
         <uninitialized>true</uninitialized>
         <run_address>0x20004841</run_address>
         <size>0x1</size>
      </object_component>
      <object_component id="oc-213">
         <name>.common:Lcd_FontSolid</name>
         <uninitialized>true</uninitialized>
         <run_address>0x2000483f</run_address>
         <size>0x1</size>
      </object_component>
      <object_component id="oc-214">
         <name>.common:Lcd_FlagRead</name>
         <uninitialized>true</uninitialized>
         <run_address>0x2000483e</run_address>
         <size>0x1</size>
      </object_component>
      <object_component id="oc-215">
         <name>.common:Lcd_TouchTrim</name>
         <uninitialized>true</uninitialized>
         <run_address>0x2000483c</run_address>
         <size>0x2</size>
      </object_component>
      <object_component id="oc-26">
         <name>.stack</name>
         <uninitialized>true</uninitialized>
         <run_address>0x2000fe00</run_address>
         <size>0x4</size>
         <input_file_ref idref="fl-d5"/>
      </object_component>
      <object_component id="oc-376">
         <name>.stack</name>
         <uninitialized>true</uninitialized>
         <run_address>0x2000fe00</run_address>
         <size>0x0</size>
      </object_component>
      <object_component id="oc-c9">
         <name>.debug_info</name>
         <load_address>0x0</load_address>
         <run_address>0x0</run_address>
         <size>0xb9e</size>
         <input_file_ref idref="fl-2"/>
      </object_component>
      <object_component id="oc-e7">
         <name>.debug_info</name>
         <load_address>0xb9e</load_address>
         <run_address>0xb9e</run_address>
         <size>0xe6</size>
         <input_file_ref idref="fl-2"/>
      </object_component>
      <object_component id="oc-ea">
         <name>.debug_info</name>
         <load_address>0xc84</load_address>
         <run_address>0xc84</run_address>
         <size>0xe6</size>
         <input_file_ref idref="fl-2"/>
      </object_component>
      <object_component id="oc-c6">
         <name>.debug_info</name>
         <load_address>0xd6a</load_address>
         <run_address>0xd6a</run_address>
         <size>0xcf</size>
         <input_file_ref idref="fl-2"/>
      </object_component>
      <object_component id="oc-c3">
         <name>.debug_info</name>
         <load_address>0xe39</load_address>
         <run_address>0xe39</run_address>
         <size>0x20c</size>
         <input_file_ref idref="fl-2"/>
      </object_component>
      <object_component id="oc-137">
         <name>.debug_info</name>
         <load_address>0x1045</load_address>
         <run_address>0x1045</run_address>
         <size>0xd9</size>
         <input_file_ref idref="fl-2"/>
      </object_component>
      <object_component id="oc-a3">
         <name>.debug_info</name>
         <load_address>0x111e</load_address>
         <run_address>0x111e</run_address>
         <size>0x351</size>
         <input_file_ref idref="fl-2"/>
      </object_component>
      <object_component id="oc-71">
         <name>.debug_info</name>
         <load_address>0x146f</load_address>
         <run_address>0x146f</run_address>
         <size>0x169</size>
         <input_file_ref idref="fl-2"/>
      </object_component>
      <object_component id="oc-77">
         <name>.debug_info</name>
         <load_address>0x15d8</load_address>
         <run_address>0x15d8</run_address>
         <size>0x1cd</size>
         <input_file_ref idref="fl-2"/>
      </object_component>
      <object_component id="oc-e1">
         <name>.debug_info</name>
         <load_address>0x17a5</load_address>
         <run_address>0x17a5</run_address>
         <size>0x2cd</size>
         <input_file_ref idref="fl-2"/>
      </object_component>
      <object_component id="oc-db">
         <name>.debug_info</name>
         <load_address>0x1a72</load_address>
         <run_address>0x1a72</run_address>
         <size>0x223</size>
         <input_file_ref idref="fl-2"/>
      </object_component>
      <object_component id="oc-f1">
         <name>.debug_info</name>
         <load_address>0x1c95</load_address>
         <run_address>0x1c95</run_address>
         <size>0x26b</size>
         <input_file_ref idref="fl-2"/>
      </object_component>
      <object_component id="oc-1ab">
         <name>.debug_info</name>
         <load_address>0x1f00</load_address>
         <run_address>0x1f00</run_address>
         <size>0x1055</size>
         <input_file_ref idref="fl-2"/>
      </object_component>
      <object_component id="oc-1a6">
         <name>.debug_info</name>
         <load_address>0x2f55</load_address>
         <run_address>0x2f55</run_address>
         <size>0x37e2</size>
         <input_file_ref idref="fl-2"/>
      </object_component>
      <object_component id="oc-1b5">
         <name>.debug_info</name>
         <load_address>0x6737</load_address>
         <run_address>0x6737</run_address>
         <size>0x8c</size>
         <input_file_ref idref="fl-2"/>
      </object_component>
      <object_component id="oc-1a1">
         <name>.debug_info</name>
         <load_address>0x67c3</load_address>
         <run_address>0x67c3</run_address>
         <size>0x439</size>
         <input_file_ref idref="fl-2"/>
      </object_component>
      <object_component id="oc-143">
         <name>.debug_info</name>
         <load_address>0x6bfc</load_address>
         <run_address>0x6bfc</run_address>
         <size>0x8b</size>
         <input_file_ref idref="fl-2"/>
      </object_component>
      <object_component id="oc-1bf">
         <name>.debug_info</name>
         <load_address>0x6c87</load_address>
         <run_address>0x6c87</run_address>
         <size>0x297</size>
         <input_file_ref idref="fl-2"/>
      </object_component>
      <object_component id="oc-1ba">
         <name>.debug_info</name>
         <load_address>0x6f1e</load_address>
         <run_address>0x6f1e</run_address>
         <size>0xef</size>
         <input_file_ref idref="fl-2"/>
      </object_component>
      <object_component id="oc-cf">
         <name>.debug_info</name>
         <load_address>0x700d</load_address>
         <run_address>0x700d</run_address>
         <size>0xbb</size>
         <input_file_ref idref="fl-2"/>
      </object_component>
      <object_component id="oc-2b3">
         <name>.debug_info</name>
         <load_address>0x70c8</load_address>
         <run_address>0x70c8</run_address>
         <size>0x131</size>
         <input_file_ref idref="fl-2"/>
      </object_component>
      <object_component id="oc-1b0">
         <name>.debug_info</name>
         <load_address>0x71f9</load_address>
         <run_address>0x71f9</run_address>
         <size>0xee</size>
         <input_file_ref idref="fl-2"/>
      </object_component>
      <object_component id="oc-b5">
         <name>.debug_info</name>
         <load_address>0x72e7</load_address>
         <run_address>0x72e7</run_address>
         <size>0x130</size>
         <input_file_ref idref="fl-3"/>
      </object_component>
      <object_component id="oc-2f">
         <name>.debug_info</name>
         <load_address>0x7417</load_address>
         <run_address>0x7417</run_address>
         <size>0x84</size>
         <input_file_ref idref="fl-3"/>
      </object_component>
      <object_component id="oc-20f">
         <name>.debug_info</name>
         <load_address>0x749b</load_address>
         <run_address>0x749b</run_address>
         <size>0x92e</size>
         <input_file_ref idref="fl-4"/>
      </object_component>
      <object_component id="oc-13a">
         <name>.debug_info</name>
         <load_address>0x7dc9</load_address>
         <run_address>0x7dc9</run_address>
         <size>0x112</size>
         <input_file_ref idref="fl-4"/>
      </object_component>
      <object_component id="oc-13d">
         <name>.debug_info</name>
         <load_address>0x7edb</load_address>
         <run_address>0x7edb</run_address>
         <size>0x11e</size>
         <input_file_ref idref="fl-4"/>
      </object_component>
      <object_component id="oc-2cf">
         <name>.debug_info</name>
         <load_address>0x7ff9</load_address>
         <run_address>0x7ff9</run_address>
         <size>0xf3</size>
         <input_file_ref idref="fl-4"/>
      </object_component>
      <object_component id="oc-113">
         <name>.debug_info</name>
         <load_address>0x80ec</load_address>
         <run_address>0x80ec</run_address>
         <size>0x3e5</size>
         <input_file_ref idref="fl-4"/>
      </object_component>
      <object_component id="oc-209">
         <name>.debug_info</name>
         <load_address>0x84d1</load_address>
         <run_address>0x84d1</run_address>
         <size>0x2f1</size>
         <input_file_ref idref="fl-4"/>
      </object_component>
      <object_component id="oc-119">
         <name>.debug_info</name>
         <load_address>0x87c2</load_address>
         <run_address>0x87c2</run_address>
         <size>0x24d</size>
         <input_file_ref idref="fl-4"/>
      </object_component>
      <object_component id="oc-229">
         <name>.debug_info</name>
         <load_address>0x8a0f</load_address>
         <run_address>0x8a0f</run_address>
         <size>0x292</size>
         <input_file_ref idref="fl-4"/>
      </object_component>
      <object_component id="oc-22f">
         <name>.debug_info</name>
         <load_address>0x8ca1</load_address>
         <run_address>0x8ca1</run_address>
         <size>0x3f5</size>
         <input_file_ref idref="fl-4"/>
      </object_component>
      <object_component id="oc-235">
         <name>.debug_info</name>
         <load_address>0x9096</load_address>
         <run_address>0x9096</run_address>
         <size>0x2ad</size>
         <input_file_ref idref="fl-4"/>
      </object_component>
      <object_component id="oc-23b">
         <name>.debug_info</name>
         <load_address>0x9343</load_address>
         <run_address>0x9343</run_address>
         <size>0x2ad</size>
         <input_file_ref idref="fl-4"/>
      </object_component>
      <object_component id="oc-241">
         <name>.debug_info</name>
         <load_address>0x95f0</load_address>
         <run_address>0x95f0</run_address>
         <size>0x2de</size>
         <input_file_ref idref="fl-4"/>
      </object_component>
      <object_component id="oc-247">
         <name>.debug_info</name>
         <load_address>0x98ce</load_address>
         <run_address>0x98ce</run_address>
         <size>0x1fb</size>
         <input_file_ref idref="fl-4"/>
      </object_component>
      <object_component id="oc-24d">
         <name>.debug_info</name>
         <load_address>0x9ac9</load_address>
         <run_address>0x9ac9</run_address>
         <size>0x1b6</size>
         <input_file_ref idref="fl-4"/>
      </object_component>
      <object_component id="oc-253">
         <name>.debug_info</name>
         <load_address>0x9c7f</load_address>
         <run_address>0x9c7f</run_address>
         <size>0x226</size>
         <input_file_ref idref="fl-4"/>
      </object_component>
      <object_component id="oc-2bf">
         <name>.debug_info</name>
         <load_address>0x9ea5</load_address>
         <run_address>0x9ea5</run_address>
         <size>0x37e2</size>
         <input_file_ref idref="fl-4"/>
      </object_component>
      <object_component id="oc-327">
         <name>.debug_info</name>
         <load_address>0xd687</load_address>
         <run_address>0xd687</run_address>
         <size>0x874</size>
         <input_file_ref idref="fl-5"/>
      </object_component>
      <object_component id="oc-2b0">
         <name>.debug_info</name>
         <load_address>0xdefb</load_address>
         <run_address>0xdefb</run_address>
         <size>0x106</size>
         <input_file_ref idref="fl-5"/>
      </object_component>
      <object_component id="oc-1e5">
         <name>.debug_info</name>
         <load_address>0xe001</load_address>
         <run_address>0xe001</run_address>
         <size>0x25d</size>
         <input_file_ref idref="fl-5"/>
      </object_component>
      <object_component id="oc-1eb">
         <name>.debug_info</name>
         <load_address>0xe25e</load_address>
         <run_address>0xe25e</run_address>
         <size>0x226</size>
         <input_file_ref idref="fl-5"/>
      </object_component>
      <object_component id="oc-1fd">
         <name>.debug_info</name>
         <load_address>0xe484</load_address>
         <run_address>0xe484</run_address>
         <size>0x21d</size>
         <input_file_ref idref="fl-5"/>
      </object_component>
      <object_component id="oc-203">
         <name>.debug_info</name>
         <load_address>0xe6a1</load_address>
         <run_address>0xe6a1</run_address>
         <size>0x1d0</size>
         <input_file_ref idref="fl-5"/>
      </object_component>
      <object_component id="oc-7e">
         <name>.debug_info</name>
         <load_address>0xe871</load_address>
         <run_address>0xe871</run_address>
         <size>0x2d0</size>
         <input_file_ref idref="fl-6"/>
      </object_component>
      <object_component id="oc-24">
         <name>.debug_info</name>
         <load_address>0xeb41</load_address>
         <run_address>0xeb41</run_address>
         <size>0xfc</size>
         <input_file_ref idref="fl-6"/>
      </object_component>
      <object_component id="oc-65">
         <name>.debug_info</name>
         <load_address>0xec3d</load_address>
         <run_address>0xec3d</run_address>
         <size>0x15f</size>
         <input_file_ref idref="fl-6"/>
      </object_component>
      <object_component id="oc-6b">
         <name>.debug_info</name>
         <load_address>0xed9c</load_address>
         <run_address>0xed9c</run_address>
         <size>0x147</size>
         <input_file_ref idref="fl-6"/>
      </object_component>
      <object_component id="oc-21a">
         <name>.debug_info</name>
         <load_address>0xeee3</load_address>
         <run_address>0xeee3</run_address>
         <size>0x561</size>
         <input_file_ref idref="fl-12"/>
      </object_component>
      <object_component id="oc-122">
         <name>.debug_info</name>
         <load_address>0xf444</load_address>
         <run_address>0xf444</run_address>
         <size>0x1ef</size>
         <input_file_ref idref="fl-12"/>
      </object_component>
      <object_component id="oc-12e">
         <name>.debug_info</name>
         <load_address>0xf633</load_address>
         <run_address>0xf633</run_address>
         <size>0x203</size>
         <input_file_ref idref="fl-12"/>
      </object_component>
      <object_component id="oc-134">
         <name>.debug_info</name>
         <load_address>0xf836</load_address>
         <run_address>0xf836</run_address>
         <size>0x1d0</size>
         <input_file_ref idref="fl-12"/>
      </object_component>
      <object_component id="oc-128">
         <name>.debug_info</name>
         <load_address>0xfa06</load_address>
         <run_address>0xfa06</run_address>
         <size>0x1f6</size>
         <input_file_ref idref="fl-12"/>
      </object_component>
      <object_component id="oc-285">
         <name>.debug_info</name>
         <load_address>0xfbfc</load_address>
         <run_address>0xfbfc</run_address>
         <size>0x3fb</size>
         <input_file_ref idref="fl-13"/>
      </object_component>
      <object_component id="oc-194">
         <name>.debug_info</name>
         <load_address>0xfff7</load_address>
         <run_address>0xfff7</run_address>
         <size>0x203</size>
         <input_file_ref idref="fl-13"/>
      </object_component>
      <object_component id="oc-18e">
         <name>.debug_info</name>
         <load_address>0x101fa</load_address>
         <run_address>0x101fa</run_address>
         <size>0x257</size>
         <input_file_ref idref="fl-13"/>
      </object_component>
      <object_component id="oc-21c">
         <name>.debug_info</name>
         <load_address>0x10451</load_address>
         <run_address>0x10451</run_address>
         <size>0x1e3</size>
         <input_file_ref idref="fl-13"/>
      </object_component>
      <object_component id="oc-25f">
         <name>.debug_info</name>
         <load_address>0x10634</load_address>
         <run_address>0x10634</run_address>
         <size>0x27c</size>
         <input_file_ref idref="fl-14"/>
      </object_component>
      <object_component id="oc-25b">
         <name>.debug_info</name>
         <load_address>0x108b0</load_address>
         <run_address>0x108b0</run_address>
         <size>0x13a</size>
         <input_file_ref idref="fl-14"/>
      </object_component>
      <object_component id="oc-140">
         <name>.debug_info</name>
         <load_address>0x109ea</load_address>
         <run_address>0x109ea</run_address>
         <size>0x12f</size>
         <input_file_ref idref="fl-14"/>
      </object_component>
      <object_component id="oc-19a">
         <name>.debug_info</name>
         <load_address>0x10b19</load_address>
         <run_address>0x10b19</run_address>
         <size>0x556</size>
         <input_file_ref idref="fl-15"/>
      </object_component>
      <object_component id="oc-281">
         <name>.debug_info</name>
         <load_address>0x1106f</load_address>
         <run_address>0x1106f</run_address>
         <size>0x12d</size>
         <input_file_ref idref="fl-15"/>
      </object_component>
      <object_component id="oc-188">
         <name>.debug_info</name>
         <load_address>0x1119c</load_address>
         <run_address>0x1119c</run_address>
         <size>0x230</size>
         <input_file_ref idref="fl-15"/>
      </object_component>
      <object_component id="oc-bd">
         <name>.debug_info</name>
         <load_address>0x113cc</load_address>
         <run_address>0x113cc</run_address>
         <size>0x3e2</size>
         <input_file_ref idref="fl-15"/>
      </object_component>
      <object_component id="oc-28c">
         <name>.debug_info</name>
         <load_address>0x117ae</load_address>
         <run_address>0x117ae</run_address>
         <size>0x702</size>
         <input_file_ref idref="fl-16"/>
      </object_component>
      <object_component id="oc-1cb">
         <name>.debug_info</name>
         <load_address>0x11eb0</load_address>
         <run_address>0x11eb0</run_address>
         <size>0x120</size>
         <input_file_ref idref="fl-16"/>
      </object_component>
      <object_component id="oc-1c5">
         <name>.debug_info</name>
         <load_address>0x11fd0</load_address>
         <run_address>0x11fd0</run_address>
         <size>0x1d5</size>
         <input_file_ref idref="fl-16"/>
      </object_component>
      <object_component id="oc-d5">
         <name>.debug_info</name>
         <load_address>0x121a5</load_address>
         <run_address>0x121a5</run_address>
         <size>0x20b</size>
         <input_file_ref idref="fl-16"/>
      </object_component>
      <object_component id="oc-2fd">
         <name>.debug_info</name>
         <load_address>0x123b0</load_address>
         <run_address>0x123b0</run_address>
         <size>0x431a</size>
         <input_file_ref idref="fl-16"/>
      </object_component>
      <object_component id="oc-307">
         <name>.debug_info</name>
         <load_address>0x166ca</load_address>
         <run_address>0x166ca</run_address>
         <size>0x26b</size>
         <input_file_ref idref="fl-16"/>
      </object_component>
      <object_component id="oc-302">
         <name>.debug_info</name>
         <load_address>0x16935</load_address>
         <run_address>0x16935</run_address>
         <size>0x1055</size>
         <input_file_ref idref="fl-16"/>
      </object_component>
      <object_component id="oc-28d">
         <name>.debug_info</name>
         <load_address>0x1798a</load_address>
         <run_address>0x1798a</run_address>
         <size>0x297</size>
         <input_file_ref idref="fl-16"/>
      </object_component>
      <object_component id="oc-1ce">
         <name>.debug_info</name>
         <load_address>0x17c21</load_address>
         <run_address>0x17c21</run_address>
         <size>0xbb</size>
         <input_file_ref idref="fl-16"/>
      </object_component>
      <object_component id="oc-10d">
         <name>.debug_info</name>
         <load_address>0x17cdc</load_address>
         <run_address>0x17cdc</run_address>
         <size>0x1e1</size>
         <input_file_ref idref="fl-17"/>
      </object_component>
      <object_component id="oc-295">
         <name>.debug_info</name>
         <load_address>0x17ebd</load_address>
         <run_address>0x17ebd</run_address>
         <size>0x6fd</size>
         <input_file_ref idref="fl-18"/>
      </object_component>
      <object_component id="oc-1e0">
         <name>.debug_info</name>
         <load_address>0x185ba</load_address>
         <run_address>0x185ba</run_address>
         <size>0x131</size>
         <input_file_ref idref="fl-18"/>
      </object_component>
      <object_component id="oc-29d">
         <name>.debug_info</name>
         <load_address>0x186eb</load_address>
         <run_address>0x186eb</run_address>
         <size>0x24e</size>
         <input_file_ref idref="fl-18"/>
      </object_component>
      <object_component id="oc-297">
         <name>.debug_info</name>
         <load_address>0x18939</load_address>
         <run_address>0x18939</run_address>
         <size>0x2a1</size>
         <input_file_ref idref="fl-18"/>
      </object_component>
      <object_component id="oc-1f7">
         <name>.debug_info</name>
         <load_address>0x18bda</load_address>
         <run_address>0x18bda</run_address>
         <size>0x256</size>
         <input_file_ref idref="fl-18"/>
      </object_component>
      <object_component id="oc-1f1">
         <name>.debug_info</name>
         <load_address>0x18e30</load_address>
         <run_address>0x18e30</run_address>
         <size>0x254</size>
         <input_file_ref idref="fl-18"/>
      </object_component>
      <object_component id="oc-107">
         <name>.debug_info</name>
         <load_address>0x19084</load_address>
         <run_address>0x19084</run_address>
         <size>0x270</size>
         <input_file_ref idref="fl-18"/>
      </object_component>
      <object_component id="oc-1d5">
         <name>.debug_info</name>
         <load_address>0x192f4</load_address>
         <run_address>0x192f4</run_address>
         <size>0x27a</size>
         <input_file_ref idref="fl-18"/>
      </object_component>
      <object_component id="oc-317">
         <name>.debug_info</name>
         <load_address>0x1956e</load_address>
         <run_address>0x1956e</run_address>
         <size>0x6f0</size>
         <input_file_ref idref="fl-1a"/>
      </object_component>
      <object_component id="oc-311">
         <name>.debug_info</name>
         <load_address>0x19c5e</load_address>
         <run_address>0x19c5e</run_address>
         <size>0x1c2</size>
         <input_file_ref idref="fl-1a"/>
      </object_component>
      <object_component id="oc-2a4">
         <name>.debug_info</name>
         <load_address>0x19e20</load_address>
         <run_address>0x19e20</run_address>
         <size>0x226</size>
         <input_file_ref idref="fl-1a"/>
      </object_component>
      <object_component id="oc-2aa">
         <name>.debug_info</name>
         <load_address>0x1a046</load_address>
         <run_address>0x1a046</run_address>
         <size>0x230</size>
         <input_file_ref idref="fl-1a"/>
      </object_component>
      <object_component id="oc-31f">
         <name>.debug_info</name>
         <load_address>0x1a276</load_address>
         <run_address>0x1a276</run_address>
         <size>0x1e4</size>
         <input_file_ref idref="fl-1a"/>
      </object_component>
      <object_component id="oc-319">
         <name>.debug_info</name>
         <load_address>0x1a45a</load_address>
         <run_address>0x1a45a</run_address>
         <size>0x1e4</size>
         <input_file_ref idref="fl-1a"/>
      </object_component>
      <object_component id="oc-33c">
         <name>.debug_info</name>
         <load_address>0x1a63e</load_address>
         <run_address>0x1a63e</run_address>
         <size>0x131</size>
         <input_file_ref idref="fl-1a"/>
      </object_component>
      <object_component id="oc-95">
         <name>.debug_info</name>
         <load_address>0x1a76f</load_address>
         <run_address>0x1a76f</run_address>
         <size>0x2d5</size>
         <input_file_ref idref="fl-d2"/>
      </object_component>
      <object_component id="oc-47">
         <name>.debug_info</name>
         <load_address>0x1aa44</load_address>
         <run_address>0x1aa44</run_address>
         <size>0x1b6</size>
         <input_file_ref idref="fl-d2"/>
      </object_component>
      <object_component id="oc-90">
         <name>.debug_info</name>
         <load_address>0x1abfa</load_address>
         <run_address>0x1abfa</run_address>
         <size>0x46</size>
         <input_file_ref idref="fl-d2"/>
      </object_component>
      <object_component id="oc-fd">
         <name>.debug_info</name>
         <load_address>0x1ac40</load_address>
         <run_address>0x1ac40</run_address>
         <size>0x2c</size>
         <input_file_ref idref="fl-d2"/>
      </object_component>
      <object_component id="oc-3f">
         <name>.debug_info</name>
         <load_address>0x1ac6c</load_address>
         <run_address>0x1ac6c</run_address>
         <size>0x2a9</size>
         <input_file_ref idref="fl-d3"/>
      </object_component>
      <object_component id="oc-1b">
         <name>.debug_info</name>
         <load_address>0x1af15</load_address>
         <run_address>0x1af15</run_address>
         <size>0x1eb</size>
         <input_file_ref idref="fl-d3"/>
      </object_component>
      <object_component id="oc-3a">
         <name>.debug_info</name>
         <load_address>0x1b100</load_address>
         <run_address>0x1b100</run_address>
         <size>0x46</size>
         <input_file_ref idref="fl-d3"/>
      </object_component>
      <object_component id="oc-88">
         <name>.debug_info</name>
         <load_address>0x1b146</load_address>
         <run_address>0x1b146</run_address>
         <size>0x2c</size>
         <input_file_ref idref="fl-d3"/>
      </object_component>
      <object_component id="oc-86">
         <name>.debug_info</name>
         <load_address>0x1b172</load_address>
         <run_address>0x1b172</run_address>
         <size>0x29f</size>
         <input_file_ref idref="fl-d4"/>
      </object_component>
      <object_component id="oc-15">
         <name>.debug_info</name>
         <load_address>0x1b411</load_address>
         <run_address>0x1b411</run_address>
         <size>0x251</size>
         <input_file_ref idref="fl-d4"/>
      </object_component>
      <object_component id="oc-2a">
         <name>.debug_info</name>
         <load_address>0x1b662</load_address>
         <run_address>0x1b662</run_address>
         <size>0x60</size>
         <input_file_ref idref="fl-d4"/>
      </object_component>
      <object_component id="oc-f6">
         <name>.debug_info</name>
         <load_address>0x1b6c2</load_address>
         <run_address>0x1b6c2</run_address>
         <size>0x46</size>
         <input_file_ref idref="fl-d4"/>
      </object_component>
      <object_component id="oc-81">
         <name>.debug_info</name>
         <load_address>0x1b708</load_address>
         <run_address>0x1b708</run_address>
         <size>0x39</size>
         <input_file_ref idref="fl-d4"/>
      </object_component>
      <object_component id="oc-27">
         <name>.debug_info</name>
         <load_address>0x1b741</load_address>
         <run_address>0x1b741</run_address>
         <size>0x10c</size>
         <input_file_ref idref="fl-d5"/>
      </object_component>
      <object_component id="oc-53">
         <name>.debug_info</name>
         <load_address>0x1b84d</load_address>
         <run_address>0x1b84d</run_address>
         <size>0x1aa</size>
         <input_file_ref idref="fl-d5"/>
      </object_component>
      <object_component id="oc-97">
         <name>.debug_info</name>
         <load_address>0x1b9f7</load_address>
         <run_address>0x1b9f7</run_address>
         <size>0x148</size>
         <input_file_ref idref="fl-d6"/>
      </object_component>
      <object_component id="oc-35">
         <name>.debug_info</name>
         <load_address>0x1bb3f</load_address>
         <run_address>0x1bb3f</run_address>
         <size>0x11a</size>
         <input_file_ref idref="fl-d7"/>
      </object_component>
      <object_component id="oc-26b">
         <name>.debug_info</name>
         <load_address>0x1bc59</load_address>
         <run_address>0x1bc59</run_address>
         <size>0x4b4</size>
         <input_file_ref idref="fl-d8"/>
      </object_component>
      <object_component id="oc-155">
         <name>.debug_info</name>
         <load_address>0x1c10d</load_address>
         <run_address>0x1c10d</run_address>
         <size>0x1a7</size>
         <input_file_ref idref="fl-d8"/>
      </object_component>
      <object_component id="oc-2e6">
         <name>.debug_info</name>
         <load_address>0x1c2b4</load_address>
         <run_address>0x1c2b4</run_address>
         <size>0x39</size>
         <input_file_ref idref="fl-d8"/>
      </object_component>
      <object_component id="oc-32d">
         <name>.debug_info</name>
         <load_address>0x1c2ed</load_address>
         <run_address>0x1c2ed</run_address>
         <size>0x39</size>
         <input_file_ref idref="fl-d8"/>
      </object_component>
      <object_component id="oc-2eb">
         <name>.debug_info</name>
         <load_address>0x1c326</load_address>
         <run_address>0x1c326</run_address>
         <size>0x39</size>
         <input_file_ref idref="fl-d8"/>
      </object_component>
      <object_component id="oc-2f0">
         <name>.debug_info</name>
         <load_address>0x1c35f</load_address>
         <run_address>0x1c35f</run_address>
         <size>0xcd</size>
         <input_file_ref idref="fl-d8"/>
      </object_component>
      <object_component id="oc-9d">
         <name>.debug_info</name>
         <load_address>0x1c42c</load_address>
         <run_address>0x1c42c</run_address>
         <size>0x154</size>
         <input_file_ref idref="fl-d9"/>
      </object_component>
      <object_component id="oc-149">
         <name>.debug_info</name>
         <load_address>0x1c580</load_address>
         <run_address>0x1c580</run_address>
         <size>0x123</size>
         <input_file_ref idref="fl-db"/>
      </object_component>
      <object_component id="oc-377">
         <name>.debug_info</name>
         <load_address>0x1c6a3</load_address>
         <run_address>0x1c6a3</run_address>
         <size>0xa4</size>
      </object_component>
      <object_component id="oc-1a0">
         <name>.debug_line</name>
         <load_address>0x0</load_address>
         <run_address>0x0</run_address>
         <size>0x1cf</size>
         <input_file_ref idref="fl-2"/>
      </object_component>
      <object_component id="oc-1dc">
         <name>.debug_line</name>
         <load_address>0x1cf</load_address>
         <run_address>0x1cf</run_address>
         <size>0x2d</size>
         <input_file_ref idref="fl-2"/>
      </object_component>
      <object_component id="oc-1de">
         <name>.debug_line</name>
         <load_address>0x1fc</load_address>
         <run_address>0x1fc</run_address>
         <size>0x2d</size>
         <input_file_ref idref="fl-2"/>
      </object_component>
      <object_component id="oc-19e">
         <name>.debug_line</name>
         <load_address>0x229</load_address>
         <run_address>0x229</run_address>
         <size>0x2d</size>
         <input_file_ref idref="fl-2"/>
      </object_component>
      <object_component id="oc-19c">
         <name>.debug_line</name>
         <load_address>0x256</load_address>
         <run_address>0x256</run_address>
         <size>0x2d</size>
         <input_file_ref idref="fl-2"/>
      </object_component>
      <object_component id="oc-225">
         <name>.debug_line</name>
         <load_address>0x283</load_address>
         <run_address>0x283</run_address>
         <size>0x2d</size>
         <input_file_ref idref="fl-2"/>
      </object_component>
      <object_component id="oc-a6">
         <name>.debug_line</name>
         <load_address>0x2b0</load_address>
         <run_address>0x2b0</run_address>
         <size>0x82</size>
         <input_file_ref idref="fl-2"/>
      </object_component>
      <object_component id="oc-74">
         <name>.debug_line</name>
         <load_address>0x332</load_address>
         <run_address>0x332</run_address>
         <size>0xb3</size>
         <input_file_ref idref="fl-2"/>
      </object_component>
      <object_component id="oc-7a">
         <name>.debug_line</name>
         <load_address>0x3e5</load_address>
         <run_address>0x3e5</run_address>
         <size>0x6e</size>
         <input_file_ref idref="fl-2"/>
      </object_component>
      <object_component id="oc-e4">
         <name>.debug_line</name>
         <load_address>0x453</load_address>
         <run_address>0x453</run_address>
         <size>0xfa</size>
         <input_file_ref idref="fl-2"/>
      </object_component>
      <object_component id="oc-de">
         <name>.debug_line</name>
         <load_address>0x54d</load_address>
         <run_address>0x54d</run_address>
         <size>0x100</size>
         <input_file_ref idref="fl-2"/>
      </object_component>
      <object_component id="oc-f4">
         <name>.debug_line</name>
         <load_address>0x64d</load_address>
         <run_address>0x64d</run_address>
         <size>0x78</size>
         <input_file_ref idref="fl-2"/>
      </object_component>
      <object_component id="oc-1ae">
         <name>.debug_line</name>
         <load_address>0x6c5</load_address>
         <run_address>0x6c5</run_address>
         <size>0x81</size>
         <input_file_ref idref="fl-2"/>
      </object_component>
      <object_component id="oc-1a9">
         <name>.debug_line</name>
         <load_address>0x746</load_address>
         <run_address>0x746</run_address>
         <size>0x84</size>
         <input_file_ref idref="fl-2"/>
      </object_component>
      <object_component id="oc-1b8">
         <name>.debug_line</name>
         <load_address>0x7ca</load_address>
         <run_address>0x7ca</run_address>
         <size>0x2d</size>
         <input_file_ref idref="fl-2"/>
      </object_component>
      <object_component id="oc-1a4">
         <name>.debug_line</name>
         <load_address>0x7f7</load_address>
         <run_address>0x7f7</run_address>
         <size>0x6d</size>
         <input_file_ref idref="fl-2"/>
      </object_component>
      <object_component id="oc-146">
         <name>.debug_line</name>
         <load_address>0x864</load_address>
         <run_address>0x864</run_address>
         <size>0x20</size>
         <input_file_ref idref="fl-2"/>
      </object_component>
      <object_component id="oc-1c2">
         <name>.debug_line</name>
         <load_address>0x884</load_address>
         <run_address>0x884</run_address>
         <size>0x7c</size>
         <input_file_ref idref="fl-2"/>
      </object_component>
      <object_component id="oc-1bd">
         <name>.debug_line</name>
         <load_address>0x900</load_address>
         <run_address>0x900</run_address>
         <size>0x78</size>
         <input_file_ref idref="fl-2"/>
      </object_component>
      <object_component id="oc-d2">
         <name>.debug_line</name>
         <load_address>0x978</load_address>
         <run_address>0x978</run_address>
         <size>0x79</size>
         <input_file_ref idref="fl-2"/>
      </object_component>
      <object_component id="oc-2b6">
         <name>.debug_line</name>
         <load_address>0x9f1</load_address>
         <run_address>0x9f1</run_address>
         <size>0x82</size>
         <input_file_ref idref="fl-2"/>
      </object_component>
      <object_component id="oc-1b3">
         <name>.debug_line</name>
         <load_address>0xa73</load_address>
         <run_address>0xa73</run_address>
         <size>0x83</size>
         <input_file_ref idref="fl-2"/>
      </object_component>
      <object_component id="oc-b8">
         <name>.debug_line</name>
         <load_address>0xaf6</load_address>
         <run_address>0xaf6</run_address>
         <size>0x66</size>
         <input_file_ref idref="fl-3"/>
      </object_component>
      <object_component id="oc-32">
         <name>.debug_line</name>
         <load_address>0xb5c</load_address>
         <run_address>0xb5c</run_address>
         <size>0x20</size>
         <input_file_ref idref="fl-3"/>
      </object_component>
      <object_component id="oc-2be">
         <name>.debug_line</name>
         <load_address>0xb7c</load_address>
         <run_address>0xb7c</run_address>
         <size>0xf1</size>
         <input_file_ref idref="fl-4"/>
      </object_component>
      <object_component id="oc-227">
         <name>.debug_line</name>
         <load_address>0xc6d</load_address>
         <run_address>0xc6d</run_address>
         <size>0x4d</size>
         <input_file_ref idref="fl-4"/>
      </object_component>
      <object_component id="oc-259">
         <name>.debug_line</name>
         <load_address>0xcba</load_address>
         <run_address>0xcba</run_address>
         <size>0x4d</size>
         <input_file_ref idref="fl-4"/>
      </object_component>
      <object_component id="oc-329">
         <name>.debug_line</name>
         <load_address>0xd07</load_address>
         <run_address>0xd07</run_address>
         <size>0x4d</size>
         <input_file_ref idref="fl-4"/>
      </object_component>
      <object_component id="oc-116">
         <name>.debug_line</name>
         <load_address>0xd54</load_address>
         <run_address>0xd54</run_address>
         <size>0x95</size>
         <input_file_ref idref="fl-4"/>
      </object_component>
      <object_component id="oc-20c">
         <name>.debug_line</name>
         <load_address>0xde9</load_address>
         <run_address>0xde9</run_address>
         <size>0x8e</size>
         <input_file_ref idref="fl-4"/>
      </object_component>
      <object_component id="oc-11c">
         <name>.debug_line</name>
         <load_address>0xe77</load_address>
         <run_address>0xe77</run_address>
         <size>0x71</size>
         <input_file_ref idref="fl-4"/>
      </object_component>
      <object_component id="oc-22c">
         <name>.debug_line</name>
         <load_address>0xee8</load_address>
         <run_address>0xee8</run_address>
         <size>0x68</size>
         <input_file_ref idref="fl-4"/>
      </object_component>
      <object_component id="oc-232">
         <name>.debug_line</name>
         <load_address>0xf50</load_address>
         <run_address>0xf50</run_address>
         <size>0x103</size>
         <input_file_ref idref="fl-4"/>
      </object_component>
      <object_component id="oc-238">
         <name>.debug_line</name>
         <load_address>0x1053</load_address>
         <run_address>0x1053</run_address>
         <size>0x73</size>
         <input_file_ref idref="fl-4"/>
      </object_component>
      <object_component id="oc-23e">
         <name>.debug_line</name>
         <load_address>0x10c6</load_address>
         <run_address>0x10c6</run_address>
         <size>0x73</size>
         <input_file_ref idref="fl-4"/>
      </object_component>
      <object_component id="oc-244">
         <name>.debug_line</name>
         <load_address>0x1139</load_address>
         <run_address>0x1139</run_address>
         <size>0x7e</size>
         <input_file_ref idref="fl-4"/>
      </object_component>
      <object_component id="oc-24a">
         <name>.debug_line</name>
         <load_address>0x11b7</load_address>
         <run_address>0x11b7</run_address>
         <size>0x65</size>
         <input_file_ref idref="fl-4"/>
      </object_component>
      <object_component id="oc-250">
         <name>.debug_line</name>
         <load_address>0x121c</load_address>
         <run_address>0x121c</run_address>
         <size>0x60</size>
         <input_file_ref idref="fl-4"/>
      </object_component>
      <object_component id="oc-256">
         <name>.debug_line</name>
         <load_address>0x127c</load_address>
         <run_address>0x127c</run_address>
         <size>0x68</size>
         <input_file_ref idref="fl-4"/>
      </object_component>
      <object_component id="oc-2c2">
         <name>.debug_line</name>
         <load_address>0x12e4</load_address>
         <run_address>0x12e4</run_address>
         <size>0x84</size>
         <input_file_ref idref="fl-4"/>
      </object_component>
      <object_component id="oc-344">
         <name>.debug_line</name>
         <load_address>0x1368</load_address>
         <run_address>0x1368</run_address>
         <size>0xe5</size>
         <input_file_ref idref="fl-5"/>
      </object_component>
      <object_component id="oc-326">
         <name>.debug_line</name>
         <load_address>0x144d</load_address>
         <run_address>0x144d</run_address>
         <size>0x61</size>
         <input_file_ref idref="fl-5"/>
      </object_component>
      <object_component id="oc-1e8">
         <name>.debug_line</name>
         <load_address>0x14ae</load_address>
         <run_address>0x14ae</run_address>
         <size>0x7c</size>
         <input_file_ref idref="fl-5"/>
      </object_component>
      <object_component id="oc-1ee">
         <name>.debug_line</name>
         <load_address>0x152a</load_address>
         <run_address>0x152a</run_address>
         <size>0x7e</size>
         <input_file_ref idref="fl-5"/>
      </object_component>
      <object_component id="oc-200">
         <name>.debug_line</name>
         <load_address>0x15a8</load_address>
         <run_address>0x15a8</run_address>
         <size>0x7d</size>
         <input_file_ref idref="fl-5"/>
      </object_component>
      <object_component id="oc-206">
         <name>.debug_line</name>
         <load_address>0x1625</load_address>
         <run_address>0x1625</run_address>
         <size>0x7b</size>
         <input_file_ref idref="fl-5"/>
      </object_component>
      <object_component id="oc-f0">
         <name>.debug_line</name>
         <load_address>0x16a0</load_address>
         <run_address>0x16a0</run_address>
         <size>0x44</size>
         <input_file_ref idref="fl-6"/>
      </object_component>
      <object_component id="oc-7d">
         <name>.debug_line</name>
         <load_address>0x16e4</load_address>
         <run_address>0x16e4</run_address>
         <size>0x44</size>
         <input_file_ref idref="fl-6"/>
      </object_component>
      <object_component id="oc-68">
         <name>.debug_line</name>
         <load_address>0x1728</load_address>
         <run_address>0x1728</run_address>
         <size>0x5d</size>
         <input_file_ref idref="fl-6"/>
      </object_component>
      <object_component id="oc-6e">
         <name>.debug_line</name>
         <load_address>0x1785</load_address>
         <run_address>0x1785</run_address>
         <size>0x59</size>
         <input_file_ref idref="fl-6"/>
      </object_component>
      <object_component id="oc-2c5">
         <name>.debug_line</name>
         <load_address>0x17de</load_address>
         <run_address>0x17de</run_address>
         <size>0x8a</size>
         <input_file_ref idref="fl-12"/>
      </object_component>
      <object_component id="oc-121">
         <name>.debug_line</name>
         <load_address>0x1868</load_address>
         <run_address>0x1868</run_address>
         <size>0x58</size>
         <input_file_ref idref="fl-12"/>
      </object_component>
      <object_component id="oc-12d">
         <name>.debug_line</name>
         <load_address>0x18c0</load_address>
         <run_address>0x18c0</run_address>
         <size>0x51</size>
         <input_file_ref idref="fl-12"/>
      </object_component>
      <object_component id="oc-133">
         <name>.debug_line</name>
         <load_address>0x1911</load_address>
         <run_address>0x1911</run_address>
         <size>0x54</size>
         <input_file_ref idref="fl-12"/>
      </object_component>
      <object_component id="oc-126">
         <name>.debug_line</name>
         <load_address>0x1965</load_address>
         <run_address>0x1965</run_address>
         <size>0x4e</size>
         <input_file_ref idref="fl-12"/>
      </object_component>
      <object_component id="oc-2fa">
         <name>.debug_line</name>
         <load_address>0x19b3</load_address>
         <run_address>0x19b3</run_address>
         <size>0x20</size>
         <input_file_ref idref="fl-13"/>
      </object_component>
      <object_component id="oc-197">
         <name>.debug_line</name>
         <load_address>0x19d3</load_address>
         <run_address>0x19d3</run_address>
         <size>0x4d</size>
         <input_file_ref idref="fl-13"/>
      </object_component>
      <object_component id="oc-191">
         <name>.debug_line</name>
         <load_address>0x1a20</load_address>
         <run_address>0x1a20</run_address>
         <size>0x4e</size>
         <input_file_ref idref="fl-13"/>
      </object_component>
      <object_component id="oc-21f">
         <name>.debug_line</name>
         <load_address>0x1a6e</load_address>
         <run_address>0x1a6e</run_address>
         <size>0x4e</size>
         <input_file_ref idref="fl-13"/>
      </object_component>
      <object_component id="oc-2d5">
         <name>.debug_line</name>
         <load_address>0x1abc</load_address>
         <run_address>0x1abc</run_address>
         <size>0x20</size>
         <input_file_ref idref="fl-14"/>
      </object_component>
      <object_component id="oc-2d3">
         <name>.debug_line</name>
         <load_address>0x1adc</load_address>
         <run_address>0x1adc</run_address>
         <size>0x41</size>
         <input_file_ref idref="fl-14"/>
      </object_component>
      <object_component id="oc-25e">
         <name>.debug_line</name>
         <load_address>0x1b1d</load_address>
         <run_address>0x1b1d</run_address>
         <size>0x41</size>
         <input_file_ref idref="fl-14"/>
      </object_component>
      <object_component id="oc-288">
         <name>.debug_line</name>
         <load_address>0x1b5e</load_address>
         <run_address>0x1b5e</run_address>
         <size>0x8a</size>
         <input_file_ref idref="fl-15"/>
      </object_component>
      <object_component id="oc-2f8">
         <name>.debug_line</name>
         <load_address>0x1be8</load_address>
         <run_address>0x1be8</run_address>
         <size>0x34</size>
         <input_file_ref idref="fl-15"/>
      </object_component>
      <object_component id="oc-18b">
         <name>.debug_line</name>
         <load_address>0x1c1c</load_address>
         <run_address>0x1c1c</run_address>
         <size>0x62</size>
         <input_file_ref idref="fl-15"/>
      </object_component>
      <object_component id="oc-c0">
         <name>.debug_line</name>
         <load_address>0x1c7e</load_address>
         <run_address>0x1c7e</run_address>
         <size>0x15c</size>
         <input_file_ref idref="fl-15"/>
      </object_component>
      <object_component id="oc-2fc">
         <name>.debug_line</name>
         <load_address>0x1dda</load_address>
         <run_address>0x1dda</run_address>
         <size>0x56</size>
         <input_file_ref idref="fl-16"/>
      </object_component>
      <object_component id="oc-28b">
         <name>.debug_line</name>
         <load_address>0x1e30</load_address>
         <run_address>0x1e30</run_address>
         <size>0x52</size>
         <input_file_ref idref="fl-16"/>
      </object_component>
      <object_component id="oc-1c8">
         <name>.debug_line</name>
         <load_address>0x1e82</load_address>
         <run_address>0x1e82</run_address>
         <size>0x95</size>
         <input_file_ref idref="fl-16"/>
      </object_component>
      <object_component id="oc-d8">
         <name>.debug_line</name>
         <load_address>0x1f17</load_address>
         <run_address>0x1f17</run_address>
         <size>0x6a</size>
         <input_file_ref idref="fl-16"/>
      </object_component>
      <object_component id="oc-300">
         <name>.debug_line</name>
         <load_address>0x1f81</load_address>
         <run_address>0x1f81</run_address>
         <size>0x51</size>
         <input_file_ref idref="fl-16"/>
      </object_component>
      <object_component id="oc-30a">
         <name>.debug_line</name>
         <load_address>0x1fd2</load_address>
         <run_address>0x1fd2</run_address>
         <size>0x51</size>
         <input_file_ref idref="fl-16"/>
      </object_component>
      <object_component id="oc-305">
         <name>.debug_line</name>
         <load_address>0x2023</load_address>
         <run_address>0x2023</run_address>
         <size>0x4f</size>
         <input_file_ref idref="fl-16"/>
      </object_component>
      <object_component id="oc-290">
         <name>.debug_line</name>
         <load_address>0x2072</load_address>
         <run_address>0x2072</run_address>
         <size>0x55</size>
         <input_file_ref idref="fl-16"/>
      </object_component>
      <object_component id="oc-1d1">
         <name>.debug_line</name>
         <load_address>0x20c7</load_address>
         <run_address>0x20c7</run_address>
         <size>0x52</size>
         <input_file_ref idref="fl-16"/>
      </object_component>
      <object_component id="oc-110">
         <name>.debug_line</name>
         <load_address>0x2119</load_address>
         <run_address>0x2119</run_address>
         <size>0x69</size>
         <input_file_ref idref="fl-17"/>
      </object_component>
      <object_component id="oc-30d">
         <name>.debug_line</name>
         <load_address>0x2182</load_address>
         <run_address>0x2182</run_address>
         <size>0x56</size>
         <input_file_ref idref="fl-18"/>
      </object_component>
      <object_component id="oc-294">
[...]
         <value>0x226c</value>
      </symbol>
      <symbol id="sm-6">
         <name>binit</name>
         <value>0xffffffff</value>
      </symbol>
      <symbol id="sm-7">
         <name>__binit__</name>
         <value>0xffffffff</value>
      </symbol>
      <symbol id="sm-8">
         <name>__STACK_SIZE</name>
         <value>0x200</value>
      </symbol>
      <symbol id="sm-9">
         <name>__STACK_END</name>
         <value>0x20010000</value>
      </symbol>
      <symbol id="sm-a">
         <name>__c_args__</name>
         <value>0xffffffff</value>
      </symbol>
      <symbol id="sm-b">
         <name>__TI_pprof_out_hndl</name>
         <value>0xffffffff</value>
      </symbol>
      <symbol id="sm-c">
         <name>__TI_prof_data_start</name>
         <value>0xffffffff</value>
      </symbol>
      <symbol id="sm-d">
         <name>__TI_prof_data_size</name>
         <value>0xffffffff</value>
      </symbol>
      <symbol id="sm-135">
         <name>g_sContext</name>
         <value>0x20004800</value>
      </symbol>
      <symbol id="sm-136">
         <name>image</name>
         <value>0x20000000</value>
      </symbol>
      <symbol id="sm-137">
         <name>pallet</name>
         <value>0x20004400</value>
      </symbol>
      <symbol id="sm-138">
         <name>bitmap</name>
         <value>0x2000481c</value>
      </symbol>
      <symbol id="sm-139">
         <name>ar_state</name>
         <value>0x20004842</value>
      </symbol>
      <symbol id="sm-13a">
         <name>btn_state</name>
         <value>0x20004843</value>
      </symbol>
      <symbol id="sm-13b">
         <name>TickFct_Arrow</name>
         <value>0x741</value>
         <object_component_ref idref="oc-da"/>
      </symbol>
      <symbol id="sm-13c">
         <name>uartConfig</name>
         <value>0x21d4</value>
         <object_component_ref idref="oc-136"/>
      </symbol>
      <symbol id="sm-13d">
         <name>done</name>
         <value>0x20004868</value>
         <object_component_ref idref="oc-c2"/>
      </symbol>
      <symbol id="sm-13e">
         <name>palletindex</name>
         <value>0x20004850</value>
         <object_component_ref idref="oc-c2"/>
      </symbol>
      <symbol id="sm-13f">
         <name>imageOrpallet</name>
         <value>0x20004858</value>
         <object_component_ref idref="oc-c2"/>
      </symbol>
      <symbol id="sm-140">
         <name>main</name>
         <value>0x475</value>
         <object_component_ref idref="oc-a2"/>
      </symbol>
      <symbol id="sm-141">
         <name>index</name>
         <value>0x2000484c</value>
         <object_component_ref idref="oc-c2"/>
      </symbol>
      <symbol id="sm-142">
         <name>delay</name>
         <value>0x20004860</value>
         <object_component_ref idref="oc-c2"/>
      </symbol>
      <symbol id="sm-143">
         <name>ADC14_IRQHandler</name>
         <value>0x12f1</value>
         <object_component_ref idref="oc-76"/>
      </symbol>
      <symbol id="sm-144">
         <name>imageindex</name>
         <value>0x20004854</value>
         <object_component_ref idref="oc-c2"/>
      </symbol>
      <symbol id="sm-145">
         <name>EUSCIA0_IRQHandler</name>
         <value>0xb09</value>
         <object_component_ref idref="oc-70"/>
      </symbol>
      <symbol id="sm-146">
         <name>buttonstate</name>
         <value>0x20004864</value>
         <object_component_ref idref="oc-c2"/>
      </symbol>
      <symbol id="sm-147">
         <name>codes</name>
         <value>0x2000487c</value>
         <object_component_ref idref="oc-c5"/>
      </symbol>
      <symbol id="sm-148">
         <name>dummyflag</name>
         <value>0x20004848</value>
         <object_component_ref idref="oc-c2"/>
      </symbol>
      <symbol id="sm-149">
         <name>TickFct_Button</name>
         <value>0xcc9</value>
         <object_component_ref idref="oc-e0"/>
      </symbol>
      <symbol id="sm-14a">
         <name>palletData</name>
         <value>0x2000485c</value>
         <object_component_ref idref="oc-c2"/>
      </symbol>
      <symbol id="sm-14b">
         <name>codeindex</name>
         <value>0x20004844</value>
         <object_component_ref idref="oc-c2"/>
      </symbol>
      <symbol id="sm-163">
         <name>SystemInit</name>
         <value>0x15d9</value>
         <object_component_ref idref="oc-b4"/>
      </symbol>
      <symbol id="sm-217">
         <name>Lcd_Orientation</name>
         <value>0x20004840</value>
      </symbol>
      <symbol id="sm-218">
         <name>Lcd_ScreenWidth</name>
         <value>0x2000483a</value>
      </symbol>
      <symbol id="sm-219">
         <name>Lcd_ScreenHeigth</name>
         <value>0x20004838</value>
      </symbol>
      <symbol id="sm-21a">
         <name>Lcd_PenSolid</name>
         <value>0x20004841</value>
      </symbol>
      <symbol id="sm-21b">
         <name>Lcd_FontSolid</name>
         <value>0x2000483f</value>
      </symbol>
      <symbol id="sm-21c">
         <name>Lcd_FlagRead</name>
         <value>0x2000483e</value>
      </symbol>
      <symbol id="sm-21d">
         <name>Lcd_TouchTrim</name>
         <value>0x2000483c</value>
      </symbol>
      <symbol id="sm-21e">
         <name>Crystalfontz128x128_SetDrawFrame</name>
         <value>0xfe1</value>
         <object_component_ref idref="oc-208"/>
      </symbol>
      <symbol id="sm-21f">
         <name>Crystalfontz128x128_SetOrientation</name>
         <value>0x183d</value>
         <object_component_ref idref="oc-118"/>
      </symbol>
      <symbol id="sm-220">
         <name>g_sCrystalfontz128x128_funcs</name>
         <value>0x21f8</value>
         <object_component_ref idref="oc-13c"/>
      </symbol>
      <symbol id="sm-221">
         <name>g_sCrystalfontz128x128</name>
         <value>0x2000486c</value>
         <object_component_ref idref="oc-139"/>
      </symbol>
      <symbol id="sm-222">
         <name>Crystalfontz128x128_Init</name>
         <value>0x1115</value>
         <object_component_ref idref="oc-112"/>
      </symbol>
      <symbol id="sm-25b">
         <name>HAL_LCD_writeData</name>
         <value>0x1bc5</value>
         <object_component_ref idref="oc-202"/>
      </symbol>
      <symbol id="sm-25c">
         <name>HAL_LCD_SpiInit</name>
         <value>0x19ed</value>
         <object_component_ref idref="oc-1ea"/>
      </symbol>
      <symbol id="sm-25d">
         <name>HAL_LCD_PortInit</name>
         <value>0x1b3d</value>
         <object_component_ref idref="oc-1e4"/>
      </symbol>
      <symbol id="sm-25e">
         <name>HAL_LCD_writeCommand</name>
         <value>0x1a6d</value>
         <object_component_ref idref="oc-1fc"/>
      </symbol>
      <symbol id="sm-27a">
         <name>Reset_Handler</name>
         <value>0x1d3b</value>
         <object_component_ref idref="oc-64"/>
      </symbol>
      <symbol id="sm-27b">
         <name>Default_Handler</name>
         <value>0x15d7</value>
         <object_component_ref idref="oc-6a"/>
      </symbol>
      <symbol id="sm-27c">
         <name>interruptVectors</name>
         <value>0x0</value>
         <object_component_ref idref="oc-23"/>
      </symbol>
      <symbol id="sm-2a1">
         <name>Graphics_setBackgroundColor</name>
         <value>0x1ca1</value>
         <object_component_ref idref="oc-12a"/>
      </symbol>
      <symbol id="sm-2a2">
         <name>Graphics_setFont</name>
         <value>0x1cbb</value>
         <object_component_ref idref="oc-130"/>
      </symbol>
      <symbol id="sm-2a3">
         <name>Graphics_initContext</name>
         <value>0x1891</value>
         <object_component_ref idref="oc-11e"/>
      </symbol>
      <symbol id="sm-2a4">
         <name>Graphics_setForegroundColor</name>
         <value>0x1d01</value>
         <object_component_ref idref="oc-124"/>
      </symbol>
      <symbol id="sm-2c1">
         <name>Graphics_drawPixelOnDisplay</name>
         <value>0x1b99</value>
         <object_component_ref idref="oc-193"/>
      </symbol>
      <symbol id="sm-2c2">
         <name>Graphics_translateColorOnDisplay</name>
         <value>0x1d17</value>
         <object_component_ref idref="oc-21b"/>
      </symbol>
      <symbol id="sm-2c3">
         <name>Graphics_drawMultiplePixelsOnDisplay</name>
         <value>0x18e3</value>
         <object_component_ref idref="oc-18d"/>
      </symbol>
      <symbol id="sm-2d5">
         <name>g_sFontFixed6x8</name>
         <value>0x205c</value>
         <object_component_ref idref="oc-13f"/>
      </symbol>
      <symbol id="sm-30b">
         <name>Graphics_drawImage</name>
         <value>0xe5</value>
         <object_component_ref idref="oc-bc"/>
      </symbol>
      <symbol id="sm-36b">
         <name>ADC14_getResult</name>
         <value>0x1c69</value>
         <object_component_ref idref="oc-d4"/>
      </symbol>
      <symbol id="sm-379">
         <name>CS_setDCOCenteredFrequency</name>
         <value>0x1aa5</value>
         <object_component_ref idref="oc-10c"/>
      </symbol>
      <symbol id="sm-3c8">
         <name>GPIO_setOutputHighOnPin</name>
         <value>0x1c19</value>
         <object_component_ref idref="oc-1f6"/>
      </symbol>
      <symbol id="sm-3c9">
         <name>GPIO_setAsInputPinWithPullUpResistor</name>
         <value>0x17e5</value>
         <object_component_ref idref="oc-106"/>
      </symbol>
      <symbol id="sm-3ca">
         <name>GPIO_setAsOutputPin</name>
         <value>0x19ad</value>
         <object_component_ref idref="oc-29c"/>
      </symbol>
      <symbol id="sm-3cb">
         <name>GPIO_setOutputLowOnPin</name>
         <value>0x1c41</value>
         <object_component_ref idref="oc-1f0"/>
      </symbol>
      <symbol id="sm-3cc">
         <name>GPIO_setAsPeripheralModuleFunctionOutputPin</name>
         <value>0x14d5</value>
         <object_component_ref idref="oc-296"/>
      </symbol>
      <symbol id="sm-3cd">
         <name>GPIO_getInputPinValue</name>
         <value>0x1b0d</value>
         <object_component_ref idref="oc-1d4"/>
      </symbol>
      <symbol id="sm-40d">
         <name>EUSCI_B_SPI_enable</name>
         <value>0x1ceb</value>
         <object_component_ref idref="oc-31e"/>
      </symbol>
      <symbol id="sm-40e">
         <name>SPI_enableModule</name>
         <value>0x1c85</value>
         <object_component_ref idref="oc-2a9"/>
      </symbol>
      <symbol id="sm-40f">
         <name>EUSCI_A_SPI_enable</name>
         <value>0x1cd5</value>
         <object_component_ref idref="oc-318"/>
      </symbol>
      <symbol id="sm-410">
         <name>SPI_initMaster</name>
         <value>0x1241</value>
         <object_component_ref idref="oc-2a3"/>
      </symbol>
      <symbol id="sm-429">
         <name>__TI_zero_init</name>
         <value>0x1d47</value>
         <object_component_ref idref="oc-46"/>
      </symbol>
      <symbol id="sm-440">
         <name>__TI_decompress_none</name>
         <value>0x1d2d</value>
         <object_component_ref idref="oc-1a"/>
      </symbol>
      <symbol id="sm-463">
         <name>__TI_decompress_lzss</name>
         <value>0x16bd</value>
         <object_component_ref idref="oc-14"/>
      </symbol>
      <symbol id="sm-476">
         <name>__stack</name>
         <value>0x2000fe00</value>
         <object_component_ref idref="oc-26"/>
      </symbol>
      <symbol id="sm-477">
         <name>_c_int00_noargs</name>
         <value>0x1ad9</value>
         <object_component_ref idref="oc-52"/>
      </symbol>
      <symbol id="sm-486">
         <name>__aeabi_memset</name>
         <value>0x155f</value>
         <object_component_ref idref="oc-96"/>
      </symbol>
      <symbol id="sm-487">
         <name>memset</name>
         <value>0x1565</value>
         <object_component_ref idref="oc-96"/>
      </symbol>
      <symbol id="sm-488">
         <name>__aeabi_memset8</name>
         <value>0x155f</value>
         <object_component_ref idref="oc-96"/>
      </symbol>
      <symbol id="sm-489">
         <name>__aeabi_memset4</name>
         <value>0x155f</value>
         <object_component_ref idref="oc-96"/>
      </symbol>
      <symbol id="sm-48a">
         <name>__aeabi_memclr8</name>
         <value>0x155d</value>
         <object_component_ref idref="oc-96"/>
      </symbol>
      <symbol id="sm-48b">
         <name>__aeabi_memclr4</name>
         <value>0x155d</value>
         <object_component_ref idref="oc-96"/>
      </symbol>
      <symbol id="sm-48c">
         <name>__aeabi_memclr</name>
         <value>0x155d</value>
         <object_component_ref idref="oc-96"/>
      </symbol>
      <symbol id="sm-4a7">
         <name>memcpy</name>
         <value>0x1439</value>
         <object_component_ref idref="oc-34"/>
      </symbol>
      <symbol id="sm-4a8">
         <name>__aeabi_memcpy</name>
         <value>0x1439</value>
         <object_component_ref idref="oc-34"/>
      </symbol>
      <symbol id="sm-4a9">
         <name>__aeabi_memcpy8</name>
         <value>0x1439</value>
         <object_component_ref idref="oc-34"/>
      </symbol>
      <symbol id="sm-4aa">
         <name>__aeabi_memcpy4</name>
         <value>0x1439</value>
         <object_component_ref idref="oc-34"/>
      </symbol>
      <symbol id="sm-4d2">
         <name>__TI_auto_init_nobinit_nopinit</name>
         <value>0x1929</value>
         <object_component_ref idref="oc-154"/>
      </symbol>
      <symbol id="sm-4dc">
         <name>_system_pre_init</name>
         <value>0x1d5d</value>
         <object_component_ref idref="oc-9c"/>
      </symbol>
      <symbol id="sm-4e8">
         <name>C$$EXIT</name>
         <value>0x1d61</value>
         <object_component_ref idref="oc-148"/>
      </symbol>
      <symbol id="sm-4e9">
         <name>abort</name>
         <value>0x1d61</value>
         <object_component_ref idref="oc-148"/>
      </symbol>
      <symbol id="sm-4ec">
         <name>__TI_static_base__</name>
         <value>0x0</value>
      </symbol>
      <symbol id="sm-4ef">
         <name>__mpu_init</name>
         <value>0x0</value>
      </symbol>
      <symbol id="sm-4f0">
         <name>_system_post_cinit</name>
         <value>0x0</value>
      </symbol>
      <symbol id="sm-4f1">
         <name>NMI_Handler</name>
         <value>0x15d7</value>
      </symbol>
      <symbol id="sm-4f2">
         <name>HardFault_Handler</name>
         <value>0x15d7</value>
      </symbol>
      <symbol id="sm-4f3">
         <name>MemManage_Handler</name>
         <value>0x15d7</value>
      </symbol>
      <symbol id="sm-4f4">
         <name>BusFault_Handler</name>
         <value>0x15d7</value>
      </symbol>
      <symbol id="sm-4f5">
         <name>UsageFault_Handler</name>
         <value>0x15d7</value>
      </symbol>
      <symbol id="sm-4f6">
         <name>SVC_Handler</name>
         <value>0x15d7</value>
      </symbol>
      <symbol id="sm-4f7">
         <name>DebugMon_Handler</name>
         <value>0x15d7</value>
      </symbol>
      <symbol id="sm-4f8">
         <name>PendSV_Handler</name>
         <value>0x15d7</value>
      </symbol>
      <symbol id="sm-4f9">
         <name>SysTick_Handler</name>
         <value>0x15d7</value>
      </symbol>
      <symbol id="sm-4fa">
         <name>PSS_IRQHandler</name>
         <value>0x15d7</value>
      </symbol>
      <symbol id="sm-4fb">
         <name>CS_IRQHandler</name>
         <value>0x15d7</value>
      </symbol>
      <symbol id="sm-4fc">
         <name>PCM_IRQHandler</name>
         <value>0x15d7</value>
      </symbol>
      <symbol id="sm-4fd">
         <name>WDT_A_IRQHandler</name>
         <value>0x15d7</value>
      </symbol>
      <symbol id="sm-4fe">
         <name>FPU_IRQHandler</name>
         <value>0x15d7</value>
      </symbol>
      <symbol id="sm-4ff">
         <name>FLCTL_IRQHandler</name>
         <value>0x15d7</value>
      </symbol>
      <symbol id="sm-500">
         <name>COMP_E0_IRQHandler</name>
         <value>0x15d7</value>
      </symbol>
      <symbol id="sm-501">
         <name>COMP_E1_IRQHandler</name>
         <value>0x15d7</value>
      </symbol>
      <symbol id="sm-502">
         <name>TA0_0_IRQHandler</name>
         <value>0x15d7</value>
      </symbol>
      <symbol id="sm-503">
         <name>TA0_N_IRQHandler</name>
         <value>0x15d7</value>
      </symbol>
      <symbol id="sm-504">
         <name>TA1_0_IRQHandler</name>
         <value>0x15d7</value>
      </symbol>
      <symbol id="sm-505">
         <name>TA1_N_IRQHandler</name>
         <value>0x15d7</value>
      </symbol>
      <symbol id="sm-506">
         <name>TA2_0_IRQHandler</name>
         <value>0x15d7</value>
      </symbol>
      <symbol id="sm-507">
         <name>TA2_N_IRQHandler</name>
         <value>0x15d7</value>
      </symbol>
      <symbol id="sm-508">
         <name>TA3_0_IRQHandler</name>
         <value>0x15d7</value>
      </symbol>
      <symbol id="sm-509">
         <name>TA3_N_IRQHandler</name>
         <value>0x15d7</value>
      </symbol>
      <symbol id="sm-50a">
         <name>EUSCIA0_IRQHandler</name>
         <value>0xb09</value>
      </symbol>
      <symbol id="sm-50b">
         <name>EUSCIA1_IRQHandler</name>
         <value>0x15d7</value>
      </symbol>
      <symbol id="sm-50c">
         <name>EUSCIA2_IRQHandler</name>
         <value>0x15d7</value>
      </symbol>
      <symbol id="sm-50d">
         <name>EUSCIA3_IRQHandler</name>
         <value>0x15d7</value>
      </symbol>
      <symbol id="sm-50e">
         <name>EUSCIB0_IRQHandler</name>
         <value>0x15d7</value>
      </symbol>
      <symbol id="sm-50f">
         <name>EUSCIB1_IRQHandler</name>
         <value>0x15d7</value>
      </symbol>
      <symbol id="sm-510">
         <name>EUSCIB2_IRQHandler</name>
         <value>0x15d7</value>
      </symbol>
      <symbol id="sm-511">
         <name>EUSCIB3_IRQHandler</name>
         <value>0x15d7</value>
      </symbol>
      <symbol id="sm-512">
         <name>ADC14_IRQHandler</name>
         <value>0x12f1</value>
      </symbol>
      <symbol id="sm-513">
         <name>T32_INT1_IRQHandler</name>
         <value>0x15d7</value>
      </symbol>
      <symbol id="sm-514">
         <name>T32_INT2_IRQHandler</name>
         <value>0x15d7</value>
      </symbol>
      <symbol id="sm-515">
         <name>T32_INTC_IRQHandler</name>
         <value>0x15d7</value>
      </symbol>
      <symbol id="sm-516">
         <name>AES256_IRQHandler</name>
         <value>0x15d7</value>
      </symbol>
      <symbol id="sm-517">
         <name>RTC_C_IRQHandler</name>
         <value>0x15d7</value>
      </symbol>
      <symbol id="sm-518">
         <name>DMA_ERR_IRQHandler</name>
         <value>0x15d7</value>
      </symbol>
      <symbol id="sm-519">
         <name>DMA_INT3_IRQHandler</name>
         <value>0x15d7</value>
      </symbol>
      <symbol id="sm-51a">
         <name>DMA_INT2_IRQHandler</name>
         <value>0x15d7</value>
      </symbol>
      <symbol id="sm-51b">
         <name>DMA_INT1_IRQHandler</name>
         <value>0x15d7</value>
      </symbol>
      <symbol id="sm-51c">
         <name>DMA_INT0_IRQHandler</name>
         <value>0x15d7</value>
      </symbol>
      <symbol id="sm-51d">
         <name>PORT1_IRQHandler</name>
         <value>0x15d7</value>
      </symbol>
      <symbol id="sm-51e">
         <name>PORT2_IRQHandler</name>
         <value>0x15d7</value>
      </symbol>
      <symbol id="sm-51f">
         <name>PORT3_IRQHandler</name>
         <value>0x15d7</value>
      </symbol>
      <symbol id="sm-520">
         <name>PORT4_IRQHandler</name>
         <value>0x15d7</value>
      </symbol>
      <symbol id="sm-521">
         <name>PORT5_IRQHandler</name>
         <value>0x15d7</value>
      </symbol>
      <symbol id="sm-522">
         <name>PORT6_IRQHandler</name>
         <value>0x15d7</value>
      </symbol>
   </symbol_table>
   <title>Link successful</title>
</link_info>
