<?xml version="1.0" encoding="ISO-8859-1" ?>
<link_info>
   <banner>TI ARM Linker Unix v18.12.3.LTS</banner>
   <copyright>Copyright (c) 1996-2018 Texas Instruments Incorporated</copyright>
   <link_time>0x5db5bb77</link_time>
   <link_errors>0x0</link_errors>
   <output_file>firmware.out</output_file>
   <entry_point>
      <name>_c_int00_noargs</name>
      <address>0x4315</address>
   </entry_point>
   <input_file_list>
      <input_file id="fl-2">
         <path>./</path>
         <kind>object</kind>
         <file>main.obj</file>
         <name>main.obj</name>
      </input_file>
      <input_file id="fl-3">
         <path>./</path>
         <kind>object</kind>
         <file>system_msp432p401r.obj</file>
         <name>system_msp432p401r.obj</name>
      </input_file>
      <input_file id="fl-4">
         <path>./LcdDriver/</path>
         <kind>object</kind>
         <file>Crystalfontz128x128_ST7735.obj</file>
         <name>Crystalfontz128x128_ST7735.obj</name>
      </input_file>
      <input_file id="fl-5">
         <path>./LcdDriver/</path>
         <kind>object</kind>
         <file>HAL_MSP_EXP432P401R_Crystalfontz128x128_ST7735.obj</file>
         <name>HAL_MSP_EXP432P401R_Crystalfontz128x128_ST7735.obj</name>
      </input_file>
      <input_file id="fl-6">
         <path>./ccs/</path>
         <kind>object</kind>
         <file>startup_msp432p401r_ccs.obj</file>
         <name>startup_msp432p401r_ccs.obj</name>
      </input_file>
      <input_file id="fl-11">
         <kind>object</kind>
         <file>&lt;internal&gt;</file>
         <name>&lt;internal&gt;</name>
      </input_file>
      <input_file id="fl-12">
         <path>/Users/mrinmoysarkar/ti/simplelink_msp432p4_sdk_3_30_00_13/source/ti/grlib/lib/ccs/m4f/</path>
         <kind>archive</kind>
         <file>grlib.a</file>
         <name>context.obj</name>
      </input_file>
      <input_file id="fl-13">
         <path>/Users/mrinmoysarkar/ti/simplelink_msp432p4_sdk_3_30_00_13/source/ti/grlib/lib/ccs/m4f/</path>
         <kind>archive</kind>
         <file>grlib.a</file>
         <name>display.obj</name>
      </input_file>
      <input_file id="fl-14">
         <path>/Users/mrinmoysarkar/ti/simplelink_msp432p4_sdk_3_30_00_13/source/ti/grlib/lib/ccs/m4f/</path>
         <kind>archive</kind>
         <file>grlib.a</file>
         <name>fontfixed6x8.obj</name>
      </input_file>
      <input_file id="fl-15">
         <path>/Users/mrinmoysarkar/ti/simplelink_msp432p4_sdk_3_30_00_13/source/ti/grlib/lib/ccs/m4f/</path>
         <kind>archive</kind>
         <file>grlib.a</file>
         <name>image.obj</name>
      </input_file>
      <input_file id="fl-16">
         <path>/Users/mrinmoysarkar/ti/simplelink_msp432p4_sdk_3_30_00_13/source/ti/devices/msp432p4xx/driverlib/ccs/</path>
         <kind>archive</kind>
         <file>msp432p4xx_driverlib.lib</file>
         <name>adc14.o</name>
      </input_file>
      <input_file id="fl-17">
         <path>/Users/mrinmoysarkar/ti/simplelink_msp432p4_sdk_3_30_00_13/source/ti/devices/msp432p4xx/driverlib/ccs/</path>
         <kind>archive</kind>
         <file>msp432p4xx_driverlib.lib</file>
         <name>dma.o</name>
      </input_file>
      <input_file id="fl-18">
         <path>/Users/mrinmoysarkar/ti/simplelink_msp432p4_sdk_3_30_00_13/source/ti/devices/msp432p4xx/driverlib/ccs/</path>
         <kind>archive</kind>
         <file>msp432p4xx_driverlib.lib</file>
         <name>gpio.o</name>
      </input_file>
      <input_file id="fl-19">
         <path>/Users/mrinmoysarkar/ti/simplelink_msp432p4_sdk_3_30_00_13/source/ti/devices/msp432p4xx/driverlib/ccs/</path>
         <kind>archive</kind>
         <file>msp432p4xx_driverlib.lib</file>
         <name>interrupt.o</name>
      </input_file>
      <input_file id="fl-1a">
         <path>/Users/mrinmoysarkar/ti/simplelink_msp432p4_sdk_3_30_00_13/source/ti/devices/msp432p4xx/driverlib/ccs/</path>
         <kind>archive</kind>
         <file>msp432p4xx_driverlib.lib</file>
         <name>spi.o</name>
      </input_file>
      <input_file id="fl-1b">
         <path>/Users/mrinmoysarkar/ti/simplelink_msp432p4_sdk_3_30_00_13/source/ti/devices/msp432p4xx/driverlib/ccs/</path>
         <kind>archive</kind>
         <file>msp432p4xx_driverlib.lib</file>
         <name>uart.o</name>
      </input_file>
      <input_file id="fl-1c">
         <path>/Users/mrinmoysarkar/ti/simplelink_msp432p4_sdk_3_30_00_13/source/ti/devices/msp432p4xx/driverlib/ccs/</path>
         <kind>archive</kind>
         <file>msp432p4xx_driverlib.lib</file>
         <name>cpu.o</name>
      </input_file>
      <input_file id="fl-d2">
         <path>/Applications/ti/ccs920/ccs/tools/compiler/ti-cgt-arm_18.12.3.LTS/lib/</path>
         <kind>archive</kind>
         <file>rtsv7M4_T_le_v4SPD16_eabi.lib</file>
         <name>printf.c.obj</name>
      </input_file>
      <input_file id="fl-d3">
         <path>/Applications/ti/ccs920/ccs/tools/compiler/ti-cgt-arm_18.12.3.LTS/lib/</path>
         <kind>archive</kind>
         <file>rtsv7M4_T_le_v4SPD16_eabi.lib</file>
         <name>_printfi.c.obj</name>
      </input_file>
      <input_file id="fl-d4">
         <path>/Applications/ti/ccs920/ccs/tools/compiler/ti-cgt-arm_18.12.3.LTS/lib/</path>
         <kind>archive</kind>
         <file>rtsv7M4_T_le_v4SPD16_eabi.lib</file>
         <name>fputc.c.obj</name>
      </input_file>
      <input_file id="fl-d5">
         <path>/Applications/ti/ccs920/ccs/tools/compiler/ti-cgt-arm_18.12.3.LTS/lib/</path>
         <kind>archive</kind>
         <file>rtsv7M4_T_le_v4SPD16_eabi.lib</file>
         <name>fputs.c.obj</name>
      </input_file>
      <input_file id="fl-d6">
         <path>/Applications/ti/ccs920/ccs/tools/compiler/ti-cgt-arm_18.12.3.LTS/lib/</path>
         <kind>archive</kind>
         <file>rtsv7M4_T_le_v4SPD16_eabi.lib</file>
         <name>_io_perm.c.obj</name>
      </input_file>
      <input_file id="fl-d7">
         <path>/Applications/ti/ccs920/ccs/tools/compiler/ti-cgt-arm_18.12.3.LTS/lib/</path>
         <kind>archive</kind>
         <file>rtsv7M4_T_le_v4SPD16_eabi.lib</file>
         <name>setvbuf.c.obj</name>
      </input_file>
      <input_file id="fl-d8">
         <path>/Applications/ti/ccs920/ccs/tools/compiler/ti-cgt-arm_18.12.3.LTS/lib/</path>
         <kind>archive</kind>
         <file>rtsv7M4_T_le_v4SPD16_eabi.lib</file>
         <name>wcslen.c.obj</name>
      </input_file>
      <input_file id="fl-d9">
         <path>/Applications/ti/ccs920/ccs/tools/compiler/ti-cgt-arm_18.12.3.LTS/lib/</path>
         <kind>archive</kind>
         <file>rtsv7M4_T_le_v4SPD16_eabi.lib</file>
         <name>ull_div_t2.asm.obj</name>
      </input_file>
      <input_file id="fl-da">
         <path>/Applications/ti/ccs920/ccs/tools/compiler/ti-cgt-arm_18.12.3.LTS/lib/</path>
         <kind>archive</kind>
         <file>rtsv7M4_T_le_v4SPD16_eabi.lib</file>
         <name>memset_t2.asm.obj</name>
      </input_file>
      <input_file id="fl-db">
         <path>/Applications/ti/ccs920/ccs/tools/compiler/ti-cgt-arm_18.12.3.LTS/lib/</path>
         <kind>archive</kind>
         <file>rtsv7M4_T_le_v4SPD16_eabi.lib</file>
         <name>fd_add_t2.asm.obj</name>
      </input_file>
      <input_file id="fl-dc">
         <path>/Applications/ti/ccs920/ccs/tools/compiler/ti-cgt-arm_18.12.3.LTS/lib/</path>
         <kind>archive</kind>
         <file>rtsv7M4_T_le_v4SPD16_eabi.lib</file>
         <name>fd_cmp_t2.asm.obj</name>
      </input_file>
      <input_file id="fl-dd">
         <path>/Applications/ti/ccs920/ccs/tools/compiler/ti-cgt-arm_18.12.3.LTS/lib/</path>
         <kind>archive</kind>
         <file>rtsv7M4_T_le_v4SPD16_eabi.lib</file>
         <name>fd_div_t2.asm.obj</name>
      </input_file>
      <input_file id="fl-de">
         <path>/Applications/ti/ccs920/ccs/tools/compiler/ti-cgt-arm_18.12.3.LTS/lib/</path>
         <kind>archive</kind>
         <file>rtsv7M4_T_le_v4SPD16_eabi.lib</file>
         <name>fd_mul_t2.asm.obj</name>
      </input_file>
      <input_file id="fl-df">
         <path>/Applications/ti/ccs920/ccs/tools/compiler/ti-cgt-arm_18.12.3.LTS/lib/</path>
         <kind>archive</kind>
         <file>rtsv7M4_T_le_v4SPD16_eabi.lib</file>
         <name>fd_toi_t2.asm.obj</name>
      </input_file>
      <input_file id="fl-e0">
         <path>/Applications/ti/ccs920/ccs/tools/compiler/ti-cgt-arm_18.12.3.LTS/lib/</path>
         <kind>archive</kind>
         <file>rtsv7M4_T_le_v4SPD16_eabi.lib</file>
         <name>i_tofd_t2.asm.obj</name>
      </input_file>
      <input_file id="fl-e1">
         <path>/Applications/ti/ccs920/ccs/tools/compiler/ti-cgt-arm_18.12.3.LTS/lib/</path>
         <kind>archive</kind>
         <file>rtsv7M4_T_le_v4SPD16_eabi.lib</file>
         <name>memcpy_t2.asm.obj</name>
      </input_file>
      <input_file id="fl-e2">
         <path>/Applications/ti/ccs920/ccs/tools/compiler/ti-cgt-arm_18.12.3.LTS/lib/</path>
         <kind>archive</kind>
         <file>rtsv7M4_T_le_v4SPD16_eabi.lib</file>
         <name>copy_zero_init.c.obj</name>
      </input_file>
      <input_file id="fl-e3">
         <path>/Applications/ti/ccs920/ccs/tools/compiler/ti-cgt-arm_18.12.3.LTS/lib/</path>
         <kind>archive</kind>
         <file>rtsv7M4_T_le_v4SPD16_eabi.lib</file>
         <name>copy_decompress_none.c.obj</name>
      </input_file>
      <input_file id="fl-e4">
         <path>/Applications/ti/ccs920/ccs/tools/compiler/ti-cgt-arm_18.12.3.LTS/lib/</path>
         <kind>archive</kind>
         <file>rtsv7M4_T_le_v4SPD16_eabi.lib</file>
         <name>copy_decompress_lzss.c.obj</name>
      </input_file>
      <input_file id="fl-e5">
         <path>/Applications/ti/ccs920/ccs/tools/compiler/ti-cgt-arm_18.12.3.LTS/lib/</path>
         <kind>archive</kind>
         <file>rtsv7M4_T_le_v4SPD16_eabi.lib</file>
         <name>exit.c.obj</name>
      </input_file>
      <input_file id="fl-e6">
         <path>/Applications/ti/ccs920/ccs/tools/compiler/ti-cgt-arm_18.12.3.LTS/lib/</path>
         <kind>archive</kind>
         <file>rtsv7M4_T_le_v4SPD16_eabi.lib</file>
         <name>_lock.c.obj</name>
      </input_file>
      <input_file id="fl-e7">
         <path>/Applications/ti/ccs920/ccs/tools/compiler/ti-cgt-arm_18.12.3.LTS/lib/</path>
         <kind>archive</kind>
         <file>rtsv7M4_T_le_v4SPD16_eabi.lib</file>
         <name>atoi.c.obj</name>
      </input_file>
      <input_file id="fl-e8">
         <path>/Applications/ti/ccs920/ccs/tools/compiler/ti-cgt-arm_18.12.3.LTS/lib/</path>
         <kind>archive</kind>
         <file>rtsv7M4_T_le_v4SPD16_eabi.lib</file>
         <name>ctype.c.obj</name>
      </input_file>
      <input_file id="fl-e9">
         <path>/Applications/ti/ccs920/ccs/tools/compiler/ti-cgt-arm_18.12.3.LTS/lib/</path>
         <kind>archive</kind>
         <file>rtsv7M4_T_le_v4SPD16_eabi.lib</file>
         <name>defs.c.obj</name>
      </input_file>
      <input_file id="fl-ea">
         <path>/Applications/ti/ccs920/ccs/tools/compiler/ti-cgt-arm_18.12.3.LTS/lib/</path>
         <kind>archive</kind>
         <file>rtsv7M4_T_le_v4SPD16_eabi.lib</file>
         <name>ltoa.c.obj</name>
      </input_file>
      <input_file id="fl-eb">
         <path>/Applications/ti/ccs920/ccs/tools/compiler/ti-cgt-arm_18.12.3.LTS/lib/</path>
         <kind>archive</kind>
         <file>rtsv7M4_T_le_v4SPD16_eabi.lib</file>
         <name>memccpy.c.obj</name>
      </input_file>
      <input_file id="fl-ec">
         <path>/Applications/ti/ccs920/ccs/tools/compiler/ti-cgt-arm_18.12.3.LTS/lib/</path>
         <kind>archive</kind>
         <file>rtsv7M4_T_le_v4SPD16_eabi.lib</file>
         <name>memchr.c.obj</name>
      </input_file>
      <input_file id="fl-ed">
         <path>/Applications/ti/ccs920/ccs/tools/compiler/ti-cgt-arm_18.12.3.LTS/lib/</path>
         <kind>archive</kind>
         <file>rtsv7M4_T_le_v4SPD16_eabi.lib</file>
         <name>memory.c.obj</name>
      </input_file>
      <input_file id="fl-ee">
         <path>/Applications/ti/ccs920/ccs/tools/compiler/ti-cgt-arm_18.12.3.LTS/lib/</path>
         <kind>archive</kind>
         <file>rtsv7M4_T_le_v4SPD16_eabi.lib</file>
         <name>strchr.c.obj</name>
      </input_file>
      <input_file id="fl-ef">
         <path>/Applications/ti/ccs920/ccs/tools/compiler/ti-cgt-arm_18.12.3.LTS/lib/</path>
         <kind>archive</kind>
         <file>rtsv7M4_T_le_v4SPD16_eabi.lib</file>
         <name>strlen.c.obj</name>
      </input_file>
      <input_file id="fl-f0">
         <path>/Applications/ti/ccs920/ccs/tools/compiler/ti-cgt-arm_18.12.3.LTS/lib/</path>
         <kind>archive</kind>
         <file>rtsv7M4_T_le_v4SPD16_eabi.lib</file>
         <name>errno.c.obj</name>
      </input_file>
      <input_file id="fl-f1">
         <path>/Applications/ti/ccs920/ccs/tools/compiler/ti-cgt-arm_18.12.3.LTS/lib/</path>
         <kind>archive</kind>
         <file>rtsv7M4_T_le_v4SPD16_eabi.lib</file>
         <name>write.c.obj</name>
      </input_file>
      <input_file id="fl-f2">
         <path>/Applications/ti/ccs920/ccs/tools/compiler/ti-cgt-arm_18.12.3.LTS/lib/</path>
         <kind>archive</kind>
         <file>rtsv7M4_T_le_v4SPD16_eabi.lib</file>
         <name>host_device.c.obj</name>
      </input_file>
      <input_file id="fl-f3">
         <path>/Applications/ti/ccs920/ccs/tools/compiler/ti-cgt-arm_18.12.3.LTS/lib/</path>
         <kind>archive</kind>
         <file>rtsv7M4_T_le_v4SPD16_eabi.lib</file>
         <name>boot_cortex_m.c.obj</name>
      </input_file>
      <input_file id="fl-f4">
         <path>/Applications/ti/ccs920/ccs/tools/compiler/ti-cgt-arm_18.12.3.LTS/lib/</path>
         <kind>archive</kind>
         <file>rtsv7M4_T_le_v4SPD16_eabi.lib</file>
         <name>s_frexp.c.obj</name>
      </input_file>
      <input_file id="fl-f5">
         <path>/Applications/ti/ccs920/ccs/tools/compiler/ti-cgt-arm_18.12.3.LTS/lib/</path>
         <kind>archive</kind>
         <file>rtsv7M4_T_le_v4SPD16_eabi.lib</file>
         <name>s_scalbn.c.obj</name>
      </input_file>
      <input_file id="fl-f6">
         <path>/Applications/ti/ccs920/ccs/tools/compiler/ti-cgt-arm_18.12.3.LTS/lib/</path>
         <kind>archive</kind>
         <file>rtsv7M4_T_le_v4SPD16_eabi.lib</file>
         <name>fflush.c.obj</name>
      </input_file>
      <input_file id="fl-f7">
         <path>/Applications/ti/ccs920/ccs/tools/compiler/ti-cgt-arm_18.12.3.LTS/lib/</path>
         <kind>archive</kind>
         <file>rtsv7M4_T_le_v4SPD16_eabi.lib</file>
         <name>fopen.c.obj</name>
      </input_file>
      <input_file id="fl-f8">
         <path>/Applications/ti/ccs920/ccs/tools/compiler/ti-cgt-arm_18.12.3.LTS/lib/</path>
         <kind>archive</kind>
         <file>rtsv7M4_T_le_v4SPD16_eabi.lib</file>
         <name>fseek.c.obj</name>
      </input_file>
      <input_file id="fl-f9">
         <path>/Applications/ti/ccs920/ccs/tools/compiler/ti-cgt-arm_18.12.3.LTS/lib/</path>
         <kind>archive</kind>
         <file>rtsv7M4_T_le_v4SPD16_eabi.lib</file>
         <name>div0.asm.obj</name>
      </input_file>
      <input_file id="fl-fa">
         <path>/Applications/ti/ccs920/ccs/tools/compiler/ti-cgt-arm_18.12.3.LTS/lib/</path>
         <kind>archive</kind>
         <file>rtsv7M4_T_le_v4SPD16_eabi.lib</file>
         <name>autoinit.c.obj</name>
      </input_file>
      <input_file id="fl-fb">
         <path>/Applications/ti/ccs920/ccs/tools/compiler/ti-cgt-arm_18.12.3.LTS/lib/</path>
         <kind>archive</kind>
         <file>rtsv7M4_T_le_v4SPD16_eabi.lib</file>
         <name>pre_init.c.obj</name>
      </input_file>
      <input_file id="fl-fc">
         <path>/Applications/ti/ccs920/ccs/tools/compiler/ti-cgt-arm_18.12.3.LTS/lib/</path>
         <kind>archive</kind>
         <file>rtsv7M4_T_le_v4SPD16_eabi.lib</file>
         <name>cpy_tbl.c.obj</name>
      </input_file>
      <input_file id="fl-fd">
         <path>/Applications/ti/ccs920/ccs/tools/compiler/ti-cgt-arm_18.12.3.LTS/lib/</path>
         <kind>archive</kind>
         <file>rtsv7M4_T_le_v4SPD16_eabi.lib</file>
         <name>args_main.c.obj</name>
      </input_file>
      <input_file id="fl-fe">
         <path>/Applications/ti/ccs920/ccs/tools/compiler/ti-cgt-arm_18.12.3.LTS/lib/</path>
         <kind>archive</kind>
         <file>rtsv7M4_T_le_v4SPD16_eabi.lib</file>
         <name>hostclose.c.obj</name>
      </input_file>
      <input_file id="fl-ff">
         <path>/Applications/ti/ccs920/ccs/tools/compiler/ti-cgt-arm_18.12.3.LTS/lib/</path>
         <kind>archive</kind>
         <file>rtsv7M4_T_le_v4SPD16_eabi.lib</file>
         <name>hostlseek.c.obj</name>
      </input_file>
      <input_file id="fl-100">
         <path>/Applications/ti/ccs920/ccs/tools/compiler/ti-cgt-arm_18.12.3.LTS/lib/</path>
         <kind>archive</kind>
         <file>rtsv7M4_T_le_v4SPD16_eabi.lib</file>
         <name>hostopen.c.obj</name>
      </input_file>
      <input_file id="fl-101">
         <path>/Applications/ti/ccs920/ccs/tools/compiler/ti-cgt-arm_18.12.3.LTS/lib/</path>
         <kind>archive</kind>
         <file>rtsv7M4_T_le_v4SPD16_eabi.lib</file>
         <name>hostread.c.obj</name>
      </input_file>
      <input_file id="fl-102">
         <path>/Applications/ti/ccs920/ccs/tools/compiler/ti-cgt-arm_18.12.3.LTS/lib/</path>
         <kind>archive</kind>
         <file>rtsv7M4_T_le_v4SPD16_eabi.lib</file>
         <name>hostrename.c.obj</name>
      </input_file>
      <input_file id="fl-103">
         <path>/Applications/ti/ccs920/ccs/tools/compiler/ti-cgt-arm_18.12.3.LTS/lib/</path>
         <kind>archive</kind>
         <file>rtsv7M4_T_le_v4SPD16_eabi.lib</file>
         <name>hostunlink.c.obj</name>
      </input_file>
      <input_file id="fl-104">
         <path>/Applications/ti/ccs920/ccs/tools/compiler/ti-cgt-arm_18.12.3.LTS/lib/</path>
         <kind>archive</kind>
         <file>rtsv7M4_T_le_v4SPD16_eabi.lib</file>
         <name>hostwrite.c.obj</name>
      </input_file>
      <input_file id="fl-105">
         <path>/Applications/ti/ccs920/ccs/tools/compiler/ti-cgt-arm_18.12.3.LTS/lib/</path>
         <kind>archive</kind>
         <file>rtsv7M4_T_le_v4SPD16_eabi.lib</file>
         <name>trgmsg.c.obj</name>
      </input_file>
      <input_file id="fl-106">
         <path>/Applications/ti/ccs920/ccs/tools/compiler/ti-cgt-arm_18.12.3.LTS/lib/</path>
         <kind>archive</kind>
         <file>rtsv7M4_T_le_v4SPD16_eabi.lib</file>
         <name>open.c.obj</name>
      </input_file>
      <input_file id="fl-107">
         <path>/Applications/ti/ccs920/ccs/tools/compiler/ti-cgt-arm_18.12.3.LTS/lib/</path>
         <kind>archive</kind>
         <file>rtsv7M4_T_le_v4SPD16_eabi.lib</file>
         <name>lseek.c.obj</name>
      </input_file>
      <input_file id="fl-108">
         <path>/Applications/ti/ccs920/ccs/tools/compiler/ti-cgt-arm_18.12.3.LTS/lib/</path>
         <kind>archive</kind>
         <file>rtsv7M4_T_le_v4SPD16_eabi.lib</file>
         <name>s_copysign.c.obj</name>
      </input_file>
      <input_file id="fl-109">
         <path>/Applications/ti/ccs920/ccs/tools/compiler/ti-cgt-arm_18.12.3.LTS/lib/</path>
         <kind>archive</kind>
         <file>rtsv7M4_T_le_v4SPD16_eabi.lib</file>
         <name>fclose.c.obj</name>
      </input_file>
      <input_file id="fl-10a">
         <path>/Applications/ti/ccs920/ccs/tools/compiler/ti-cgt-arm_18.12.3.LTS/lib/</path>
         <kind>archive</kind>
         <file>rtsv7M4_T_le_v4SPD16_eabi.lib</file>
         <name>getdevice.c.obj</name>
      </input_file>
      <input_file id="fl-10b">
         <path>/Applications/ti/ccs920/ccs/tools/compiler/ti-cgt-arm_18.12.3.LTS/lib/</path>
         <kind>archive</kind>
         <file>rtsv7M4_T_le_v4SPD16_eabi.lib</file>
         <name>strcmp.c.obj</name>
      </input_file>
      <input_file id="fl-10c">
         <path>/Applications/ti/ccs920/ccs/tools/compiler/ti-cgt-arm_18.12.3.LTS/lib/</path>
         <kind>archive</kind>
         <file>rtsv7M4_T_le_v4SPD16_eabi.lib</file>
         <name>strcpy.c.obj</name>
      </input_file>
      <input_file id="fl-10d">
         <path>/Applications/ti/ccs920/ccs/tools/compiler/ti-cgt-arm_18.12.3.LTS/lib/</path>
         <kind>archive</kind>
         <file>rtsv7M4_T_le_v4SPD16_eabi.lib</file>
         <name>strncpy.c.obj</name>
      </input_file>
      <input_file id="fl-10e">
         <path>/Applications/ti/ccs920/ccs/tools/compiler/ti-cgt-arm_18.12.3.LTS/lib/</path>
         <kind>archive</kind>
         <file>rtsv7M4_T_le_v4SPD16_eabi.lib</file>
         <name>remove.c.obj</name>
      </input_file>
      <input_file id="fl-10f">
         <path>/Applications/ti/ccs920/ccs/tools/compiler/ti-cgt-arm_18.12.3.LTS/lib/</path>
         <kind>archive</kind>
         <file>rtsv7M4_T_le_v4SPD16_eabi.lib</file>
         <name>close.c.obj</name>
      </input_file>
      <input_file id="fl-110">
         <path>/Applications/ti/ccs920/ccs/tools/compiler/ti-cgt-arm_18.12.3.LTS/lib/</path>
         <kind>archive</kind>
         <file>rtsv7M4_T_le_v4SPD16_eabi.lib</file>
         <name>unlink.c.obj</name>
      </input_file>
   </input_file_list>
   <object_component_list>
      <object_component id="oc-23">
         <name>.intvecs:retain</name>
         <load_address>0x0</load_address>
         <run_address>0x0</run_address>
         <size>0xe4</size>
         <input_file_ref idref="fl-6"/>
      </object_component>
      <object_component id="oc-1db">
         <name>.text:__TI_printfi</name>
         <load_address>0xe4</load_address>
         <run_address>0xe4</run_address>
         <size>0xa4e</size>
         <input_file_ref idref="fl-d3"/>
      </object_component>
      <object_component id="oc-1d0">
         <name>.text:Graphics_drawImage</name>
         <load_address>0xb32</load_address>
         <run_address>0xb32</run_address>
         <size>0x390</size>
         <input_file_ref idref="fl-15"/>
      </object_component>
      <object_component id="oc-6d">
         <name>.text:Default_Handler</name>
         <load_address>0xec2</load_address>
         <run_address>0xec2</run_address>
         <size>0x2</size>
         <input_file_ref idref="fl-6"/>
      </object_component>
      <object_component id="oc-2b8">
         <name>.text:_pconv_a</name>
         <load_address>0xec4</load_address>
         <run_address>0xec4</run_address>
         <size>0x270</size>
         <input_file_ref idref="fl-d3"/>
      </object_component>
      <object_component id="oc-348">
         <name>.text:Crystalfontz128x128_PixelDrawMultiple</name>
         <load_address>0x1134</load_address>
         <run_address>0x1134</run_address>
         <size>0x1d8</size>
         <input_file_ref idref="fl-4"/>
      </object_component>
      <object_component id="oc-2a6">
         <name>.text:_pconv_g</name>
         <load_address>0x130c</load_address>
         <run_address>0x130c</run_address>
         <size>0x1d0</size>
         <input_file_ref idref="fl-d3"/>
      </object_component>
      <object_component id="oc-3d8">
         <name>.text</name>
         <load_address>0x14dc</load_address>
         <run_address>0x14dc</run_address>
         <size>0x1b6</size>
         <input_file_ref idref="fl-db"/>
      </object_component>
      <object_component id="oc-2dc">
         <name>.text:_nop</name>
         <load_address>0x1692</load_address>
         <run_address>0x1692</run_address>
         <size>0x2</size>
         <input_file_ref idref="fl-e6"/>
      </object_component>
      <object_component id="oc-192">
         <name>.text:_getIndexForMemRegister</name>
         <load_address>0x1694</load_address>
         <run_address>0x1694</run_address>
         <size>0x160</size>
         <input_file_ref idref="fl-16"/>
      </object_component>
      <object_component id="oc-f1">
         <name>.text:process_ReceivedData</name>
         <load_address>0x17f4</load_address>
         <run_address>0x17f4</run_address>
         <size>0x140</size>
         <input_file_ref idref="fl-2"/>
      </object_component>
      <object_component id="oc-c9">
         <name>.text:TickFct_Arrow</name>
         <load_address>0x1934</load_address>
         <run_address>0x1934</run_address>
         <size>0x13c</size>
         <input_file_ref idref="fl-2"/>
      </object_component>
      <object_component id="oc-2b2">
         <name>.text:_pconv_e</name>
         <load_address>0x1a70</load_address>
         <run_address>0x1a70</run_address>
         <size>0x13c</size>
         <input_file_ref idref="fl-d3"/>
      </object_component>
      <object_component id="oc-3be">
         <name>.text</name>
         <load_address>0x1bac</load_address>
         <run_address>0x1bac</run_address>
         <size>0x136</size>
         <input_file_ref idref="fl-dd"/>
      </object_component>
      <object_component id="oc-4a7">
         <name>.text</name>
         <load_address>0x1ce2</load_address>
         <run_address>0x1ce2</run_address>
         <size>0x2</size>
         <input_file_ref idref="fl-f9"/>
      </object_component>
      <object_component id="oc-324">
         <name>.text:Crystalfontz128x128_SetDrawFrame</name>
         <load_address>0x1ce4</load_address>
         <run_address>0x1ce4</run_address>
         <size>0x134</size>
         <input_file_ref idref="fl-4"/>
      </object_component>
      <object_component id="oc-202">
         <name>.text:Crystalfontz128x128_Init</name>
         <load_address>0x1e18</load_address>
         <run_address>0x1e18</run_address>
         <size>0x12c</size>
         <input_file_ref idref="fl-4"/>
      </object_component>
      <object_component id="oc-3ea">
         <name>.text:fcvt</name>
         <load_address>0x1f44</load_address>
         <run_address>0x1f44</run_address>
         <size>0x124</size>
         <input_file_ref idref="fl-d3"/>
      </object_component>
      <object_component id="oc-231">
         <name>.text:UART_initModule</name>
         <load_address>0x2068</load_address>
         <run_address>0x2068</run_address>
         <size>0x11c</size>
         <input_file_ref idref="fl-1b"/>
      </object_component>
      <object_component id="oc-2ea">
         <name>.text:fputs</name>
         <load_address>0x2184</load_address>
         <run_address>0x2184</run_address>
         <size>0x114</size>
         <input_file_ref idref="fl-d5"/>
      </object_component>
      <object_component id="oc-3fe">
         <name>.text:scalbn</name>
         <load_address>0x2298</load_address>
         <run_address>0x2298</run_address>
         <size>0x110</size>
         <input_file_ref idref="fl-f5"/>
      </object_component>
      <object_component id="oc-cf">
         <name>.text:TickFct_Button</name>
         <load_address>0x23a8</load_address>
         <run_address>0x23a8</run_address>
         <size>0xfe</size>
         <input_file_ref idref="fl-2"/>
      </object_component>
      <object_component id="oc-3b9">
         <name>.text</name>
         <load_address>0x24a6</load_address>
         <run_address>0x24a6</run_address>
         <size>0xfc</size>
         <input_file_ref idref="fl-de"/>
      </object_component>
      <object_component id="oc-575">
         <name>.text:aligned_alloc</name>
         <load_address>0x25a4</load_address>
         <run_address>0x25a4</run_address>
         <size>0xf4</size>
         <input_file_ref idref="fl-ed"/>
      </object_component>
      <object_component id="oc-eb">
         <name>.text:DMA_setChannelTransfer</name>
         <load_address>0x2698</load_address>
         <run_address>0x2698</run_address>
         <size>0xf0</size>
         <input_file_ref idref="fl-17"/>
      </object_component>
      <object_component id="oc-147">
         <name>.text:init_DMA</name>
         <load_address>0x2788</load_address>
         <run_address>0x2788</run_address>
         <size>0xec</size>
         <input_file_ref idref="fl-2"/>
      </object_component>
      <object_component id="oc-52c">
         <name>.text:free</name>
         <load_address>0x2874</load_address>
         <run_address>0x2874</run_address>
         <size>0xe8</size>
         <input_file_ref idref="fl-ed"/>
      </object_component>
      <object_component id="oc-4e2">
         <name>.text:setvbuf</name>
         <load_address>0x295c</load_address>
         <run_address>0x295c</run_address>
         <size>0xdc</size>
         <input_file_ref idref="fl-d7"/>
      </object_component>
      <object_component id="oc-79">
         <name>.text:DMA_INT1_IRQHandler</name>
         <load_address>0x2a38</load_address>
         <run_address>0x2a38</run_address>
         <size>0xc8</size>
         <input_file_ref idref="fl-2"/>
      </object_component>
      <object_component id="oc-241">
         <name>.text:ADC14_configureConversionMemory</name>
         <load_address>0x2b00</load_address>
         <run_address>0x2b00</run_address>
         <size>0xb4</size>
         <input_file_ref idref="fl-16"/>
      </object_component>
      <object_component id="oc-23b">
         <name>.text:ADC14_configureMultiSequenceMode</name>
         <load_address>0x2bb4</load_address>
         <run_address>0x2bb4</run_address>
         <size>0xb4</size>
         <input_file_ref idref="fl-16"/>
      </object_component>
      <object_component id="oc-29b">
         <name>.text:_ltostr</name>
         <load_address>0x2c68</load_address>
         <run_address>0x2c68</run_address>
         <size>0xb1</size>
         <input_file_ref idref="fl-d3"/>
      </object_component>
      <object_component id="oc-458">
         <name>.text:SPI_initMaster</name>
         <load_address>0x2d1a</load_address>
         <run_address>0x2d1a</run_address>
         <size>0xb0</size>
         <input_file_ref idref="fl-1a"/>
      </object_component>
      <object_component id="oc-141">
         <name>.text:init_ADC</name>
         <load_address>0x2dcc</load_address>
         <run_address>0x2dcc</run_address>
         <size>0xb0</size>
         <input_file_ref idref="fl-2"/>
      </object_component>
      <object_component id="oc-35a">
         <name>.text:Crystalfontz128x128_RectFill</name>
         <load_address>0x2e7c</load_address>
         <run_address>0x2e7c</run_address>
         <size>0x9c</size>
         <input_file_ref idref="fl-4"/>
      </object_component>
      <object_component id="oc-37">
         <name>.text</name>
         <load_address>0x2f18</load_address>
         <run_address>0x2f18</run_address>
         <size>0x9c</size>
         <input_file_ref idref="fl-e1"/>
      </object_component>
      <object_component id="oc-3b2">
         <name>.text</name>
         <load_address>0x2fb4</load_address>
         <run_address>0x2fb4</run_address>
         <size>0x96</size>
         <input_file_ref idref="fl-d9"/>
      </object_component>
      <object_component id="oc-73">
         <name>.text:ADC14_IRQHandler</name>
         <load_address>0x304c</load_address>
         <run_address>0x304c</run_address>
         <size>0x8c</size>
         <input_file_ref idref="fl-2"/>
      </object_component>
      <object_component id="oc-2f1">
         <name>.text:fputc</name>
         <load_address>0x30d8</load_address>
         <run_address>0x30d8</run_address>
         <size>0x8c</size>
         <input_file_ref idref="fl-d4"/>
      </object_component>
      <object_component id="oc-44b">
         <name>.text:GPIO_setAsPeripheralModuleFunctionOutputPin</name>
         <load_address>0x3164</load_address>
         <run_address>0x3164</run_address>
         <size>0x88</size>
         <input_file_ref idref="fl-18"/>
      </object_component>
      <object_component id="oc-123">
         <name>.text:init_CLOCK</name>
         <load_address>0x31ec</load_address>
         <run_address>0x31ec</run_address>
         <size>0x88</size>
         <input_file_ref idref="fl-2"/>
      </object_component>
      <object_component id="oc-12f">
         <name>.text:init_LCD</name>
         <load_address>0x3274</load_address>
         <run_address>0x3274</run_address>
         <size>0x88</size>
         <input_file_ref idref="fl-2"/>
      </object_component>
      <object_component id="oc-2a1">
         <name>.text:__aeabi_cdcmple</name>
         <load_address>0x32fc</load_address>
         <run_address>0x32fc</run_address>
         <size>0x86</size>
         <input_file_ref idref="fl-dc"/>
      </object_component>
      <object_component id="oc-3c3">
         <name>.text:__aeabi_cdrcmple</name>
         <load_address>0x3382</load_address>
         <run_address>0x3382</run_address>
         <size>0x86</size>
         <input_file_ref idref="fl-dc"/>
      </object_component>
      <object_component id="oc-5bd">
         <name>.text:split</name>
         <load_address>0x3408</load_address>
         <run_address>0x3408</run_address>
         <size>0x7c</size>
         <input_file_ref idref="fl-ed"/>
      </object_component>
      <object_component id="oc-9d">
         <name>.text</name>
         <load_address>0x3484</load_address>
         <run_address>0x3484</run_address>
         <size>0x7a</size>
         <input_file_ref idref="fl-da"/>
      </object_component>
      <object_component id="oc-bb">
         <name>.text:SystemInit</name>
         <load_address>0x3500</load_address>
         <run_address>0x3500</run_address>
         <size>0x78</size>
         <input_file_ref idref="fl-3"/>
      </object_component>
      <object_component id="oc-57c">
         <name>.text:__TI_closefile</name>
         <load_address>0x3578</load_address>
         <run_address>0x3578</run_address>
         <size>0x74</size>
         <input_file_ref idref="fl-109"/>
      </object_component>
      <object_component id="oc-3e3">
         <name>.text:_mcpy</name>
         <load_address>0x35ec</load_address>
         <run_address>0x35ec</run_address>
         <size>0x6e</size>
         <input_file_ref idref="fl-d3"/>
      </object_component>
      <object_component id="oc-27b">
         <name>.text:Graphics_convertPalette</name>
         <load_address>0x365c</load_address>
         <run_address>0x365c</run_address>
         <size>0x6c</size>
         <input_file_ref idref="fl-15"/>
      </object_component>
      <object_component id="oc-5ac">
         <name>.text:HOSTrename</name>
         <load_address>0x36c8</load_address>
         <run_address>0x36c8</run_address>
         <size>0x6c</size>
         <input_file_ref idref="fl-102"/>
      </object_component>
      <object_component id="oc-5a0">
         <name>.text:HOSTlseek</name>
         <load_address>0x3734</load_address>
         <run_address>0x3734</run_address>
         <size>0x68</size>
         <input_file_ref idref="fl-ff"/>
      </object_component>
      <object_component id="oc-14">
         <name>.text:decompress:lzss:__TI_decompress_lzss</name>
         <load_address>0x379c</load_address>
         <run_address>0x379c</run_address>
         <size>0x68</size>
         <input_file_ref idref="fl-e4"/>
      </object_component>
      <object_component id="oc-f7">
         <name>.text:printf</name>
         <load_address>0x3804</load_address>
         <run_address>0x3804</run_address>
         <size>0x68</size>
         <input_file_ref idref="fl-d2"/>
      </object_component>
      <object_component id="oc-3f8">
         <name>.text:frexp</name>
         <load_address>0x386c</load_address>
         <run_address>0x386c</run_address>
         <size>0x64</size>
         <input_file_ref idref="fl-f4"/>
      </object_component>
      <object_component id="oc-4dc">
         <name>.text:fseek</name>
         <load_address>0x38d0</load_address>
         <run_address>0x38d0</run_address>
         <size>0x64</size>
         <input_file_ref idref="fl-f8"/>
      </object_component>
      <object_component id="oc-42f">
         <name>.text:__TI_wrt_ok</name>
         <load_address>0x3934</load_address>
         <run_address>0x3934</run_address>
         <size>0x62</size>
         <input_file_ref idref="fl-d6"/>
      </object_component>
      <object_component id="oc-34e">
         <name>.text:Crystalfontz128x128_LineDrawH</name>
         <load_address>0x3996</load_address>
         <run_address>0x3996</run_address>
         <size>0x60</size>
         <input_file_ref idref="fl-4"/>
      </object_component>
      <object_component id="oc-354">
         <name>.text:Crystalfontz128x128_LineDrawV</name>
         <load_address>0x39f6</load_address>
         <run_address>0x39f6</run_address>
         <size>0x60</size>
         <input_file_ref idref="fl-4"/>
      </object_component>
      <object_component id="oc-588">
         <name>.text:HOSTopen</name>
         <load_address>0x3a58</load_address>
         <run_address>0x3a58</run_address>
         <size>0x60</size>
         <input_file_ref idref="fl-100"/>
      </object_component>
      <object_component id="oc-5c4">
         <name>.text:close</name>
         <load_address>0x3ab8</load_address>
         <run_address>0x3ab8</run_address>
         <size>0x5c</size>
         <input_file_ref idref="fl-10f"/>
      </object_component>
      <object_component id="oc-1fb">
         <name>.text:GPIO_setAsInputPinWithPullUpResistor</name>
         <load_address>0x3b14</load_address>
         <run_address>0x3b14</run_address>
         <size>0x58</size>
         <input_file_ref idref="fl-18"/>
      </object_component>
      <object_component id="oc-594">
         <name>.text:HOSTread</name>
         <load_address>0x3b6c</load_address>
         <run_address>0x3b6c</run_address>
         <size>0x58</size>
         <input_file_ref idref="fl-101"/>
      </object_component>
      <object_component id="oc-59a">
         <name>.text:HOSTwrite</name>
         <load_address>0x3bc4</load_address>
         <run_address>0x3bc4</run_address>
         <size>0x58</size>
         <input_file_ref idref="fl-104"/>
      </object_component>
      <object_component id="oc-2ac">
         <name>.text:_pconv_f</name>
         <load_address>0x3c1c</load_address>
         <run_address>0x3c1c</run_address>
         <size>0x56</size>
         <input_file_ref idref="fl-d3"/>
      </object_component>
      <object_component id="oc-208">
         <name>.text:Crystalfontz128x128_SetOrientation</name>
         <load_address>0x3c74</load_address>
         <run_address>0x3c74</run_address>
         <size>0x54</size>
         <input_file_ref idref="fl-4"/>
      </object_component>
      <object_component id="oc-3cd">
         <name>.text:ltoa</name>
         <load_address>0x3cc8</load_address>
         <run_address>0x3cc8</run_address>
         <size>0x54</size>
         <input_file_ref idref="fl-ea"/>
      </object_component>
      <object_component id="oc-20e">
         <name>.text:Graphics_initContext</name>
         <load_address>0x3d1c</load_address>
         <run_address>0x3d1c</run_address>
         <size>0x52</size>
         <input_file_ref idref="fl-12"/>
      </object_component>
      <object_component id="oc-3dd">
         <name>.text:_ecpy</name>
         <load_address>0x3d6e</load_address>
         <run_address>0x3d6e</run_address>
         <size>0x52</size>
         <input_file_ref idref="fl-d3"/>
      </object_component>
      <object_component id="oc-43b">
         <name>.text:__TI_doflush</name>
         <load_address>0x3dc0</load_address>
         <run_address>0x3dc0</run_address>
         <size>0x4c</size>
         <input_file_ref idref="fl-f6"/>
      </object_component>
      <object_component id="oc-295">
         <name>.text:atoi</name>
         <load_address>0x3e0c</load_address>
         <run_address>0x3e0c</run_address>
         <size>0x4c</size>
         <input_file_ref idref="fl-e7"/>
      </object_component>
      <object_component id="oc-a9">
         <name>.text:main</name>
         <load_address>0x3e58</load_address>
         <run_address>0x3e58</run_address>
         <size>0x4c</size>
         <input_file_ref idref="fl-2"/>
      </object_component>
      <object_component id="oc-159">
         <name>.text:exit</name>
         <load_address>0x3ea4</load_address>
         <run_address>0x3ea4</run_address>
         <size>0x48</size>
         <input_file_ref idref="fl-e5"/>
      </object_component>
      <object_component id="oc-3c8">
         <name>.text</name>
         <load_address>0x3eec</load_address>
         <run_address>0x3eec</run_address>
         <size>0x48</size>
         <input_file_ref idref="fl-df"/>
      </object_component>
      <object_component id="oc-281">
         <name>.text:Graphics_drawMultiplePixelsOnDisplay</name>
         <load_address>0x3f34</load_address>
         <run_address>0x3f34</run_address>
         <size>0x46</size>
         <input_file_ref idref="fl-13"/>
      </object_component>
      <object_component id="oc-58e">
         <name>.text:HOSTclose</name>
         <load_address>0x3f7c</load_address>
         <run_address>0x3f7c</run_address>
         <size>0x44</size>
         <input_file_ref idref="fl-fe"/>
      </object_component>
      <object_component id="oc-5a6">
         <name>.text:HOSTunlink</name>
         <load_address>0x3fc0</load_address>
         <run_address>0x3fc0</run_address>
         <size>0x44</size>
         <input_file_ref idref="fl-103"/>
      </object_component>
      <object_component id="oc-15f">
         <name>.text:__TI_auto_init_nobinit_nopinit:__TI_auto_init_nobinit_nopinit</name>
         <load_address>0x4004</load_address>
         <run_address>0x4004</run_address>
         <size>0x44</size>
         <input_file_ref idref="fl-fa"/>
      </object_component>
      <object_component id="oc-5fc">
         <name>.text:getdevice</name>
         <load_address>0x4048</load_address>
         <run_address>0x4048</run_address>
         <size>0x44</size>
         <input_file_ref idref="fl-10a"/>
      </object_component>
      <object_component id="oc-342">
         <name>.text:Crystalfontz128x128_PixelDraw</name>
         <load_address>0x408c</load_address>
         <run_address>0x408c</run_address>
         <size>0x40</size>
         <input_file_ref idref="fl-4"/>
      </object_component>
      <object_component id="oc-451">
         <name>.text:GPIO_setAsOutputPin</name>
         <load_address>0x40cc</load_address>
         <run_address>0x40cc</run_address>
         <size>0x40</size>
         <input_file_ref idref="fl-18"/>
      </object_component>
      <object_component id="oc-306">
         <name>.text:HAL_LCD_SpiInit</name>
         <load_address>0x410c</load_address>
         <run_address>0x410c</run_address>
         <size>0x40</size>
         <input_file_ref idref="fl-5"/>
      </object_component>
      <object_component id="oc-4f9">
         <name>.text:is_A_Module</name>
         <load_address>0x414c</load_address>
         <run_address>0x414c</run_address>
         <size>0x40</size>
         <input_file_ref idref="fl-1a"/>
      </object_component>
      <object_component id="oc-3f0">
         <name>.text:_fcpy</name>
         <load_address>0x418c</load_address>
         <run_address>0x418c</run_address>
         <size>0x3e</size>
         <input_file_ref idref="fl-d3"/>
      </object_component>
      <object_component id="oc-318">
         <name>.text:HAL_LCD_writeCommand</name>
         <load_address>0x41cc</load_address>
         <run_address>0x41cc</run_address>
         <size>0x38</size>
         <input_file_ref idref="fl-5"/>
      </object_component>
      <object_component id="oc-5d5">
         <name>.text:__TI_writemsg</name>
         <load_address>0x4204</load_address>
         <run_address>0x4204</run_address>
         <size>0x38</size>
         <input_file_ref idref="fl-105"/>
      </object_component>
      <object_component id="oc-13b">
         <name>.text:init_UART</name>
         <load_address>0x423c</load_address>
         <run_address>0x423c</run_address>
         <size>0x38</size>
         <input_file_ref idref="fl-2"/>
      </object_component>
      <object_component id="oc-61e">
         <name>.text:strncpy</name>
         <load_address>0x4274</load_address>
         <run_address>0x4274</run_address>
         <size>0x36</size>
         <input_file_ref idref="fl-10d"/>
      </object_component>
      <object_component id="oc-538">
         <name>.text:__TI_cleanup</name>
         <load_address>0x42ac</load_address>
         <run_address>0x42ac</run_address>
         <size>0x34</size>
         <input_file_ref idref="fl-f7"/>
      </object_component>
      <object_component id="oc-5db">
         <name>.text:__TI_readmsg</name>
         <load_address>0x42e0</load_address>
         <run_address>0x42e0</run_address>
         <size>0x34</size>
         <input_file_ref idref="fl-105"/>
      </object_component>
      <object_component id="oc-55">
         <name>.text:_c_int00_noargs:_c_int00_noargs</name>
         <load_address>0x4314</load_address>
         <run_address>0x4314</run_address>
         <size>0x34</size>
         <input_file_ref idref="fl-f3"/>
      </object_component>
      <object_component id="oc-1a7">
         <name>.text:GPIO_getInputPinValue</name>
         <load_address>0x4348</load_address>
         <run_address>0x4348</run_address>
         <size>0x30</size>
         <input_file_ref idref="fl-18"/>
      </object_component>
      <object_component id="oc-300">
         <name>.text:HAL_LCD_PortInit</name>
         <load_address>0x4378</load_address>
         <run_address>0x4378</run_address>
         <size>0x30</size>
         <input_file_ref idref="fl-5"/>
      </object_component>
      <object_component id="oc-624">
         <name>.text:finddevice</name>
         <load_address>0x43a8</load_address>
         <run_address>0x43a8</run_address>
         <size>0x30</size>
         <input_file_ref idref="fl-10a"/>
      </object_component>
      <object_component id="oc-3d3">
         <name>.text</name>
         <load_address>0x43d8</load_address>
         <run_address>0x43d8</run_address>
         <size>0x2e</size>
         <input_file_ref idref="fl-e0"/>
      </object_component>
      <object_component id="oc-36c">
         <name>.text:Crystalfontz128x128_ClearScreen</name>
         <load_address>0x4408</load_address>
         <run_address>0x4408</run_address>
         <size>0x2c</size>
         <input_file_ref idref="fl-4"/>
      </object_component>
      <object_component id="oc-287">
         <name>.text:Graphics_drawPixelOnDisplay</name>
         <load_address>0x4434</load_address>
         <run_address>0x4434</run_address>
         <size>0x2c</size>
         <input_file_ref idref="fl-13"/>
      </object_component>
      <object_component id="oc-31e">
         <name>.text:HAL_LCD_writeData</name>
         <load_address>0x4460</load_address>
         <run_address>0x4460</run_address>
         <size>0x2c</size>
         <input_file_ref idref="fl-5"/>
      </object_component>
      <object_component id="oc-d5">
         <name>.text:send_Command</name>
         <load_address>0x448c</load_address>
         <run_address>0x448c</run_address>
         <size>0x2c</size>
         <input_file_ref idref="fl-2"/>
      </object_component>
      <object_component id="oc-5ca">
         <name>.text:unlink</name>
         <load_address>0x44b8</load_address>
         <run_address>0x44b8</run_address>
         <size>0x2c</size>
         <input_file_ref idref="fl-110"/>
      </object_component>
      <object_component id="oc-c3">
         <name>.text:ADC14_getResult</name>
         <load_address>0x44e4</load_address>
         <run_address>0x44e4</run_address>
         <size>0x28</size>
         <input_file_ref idref="fl-16"/>
      </object_component>
      <object_component id="oc-360">
         <name>.text:Crystalfontz128x128_ColorTranslate</name>
         <load_address>0x450c</load_address>
         <run_address>0x450c</run_address>
         <size>0x28</size>
         <input_file_ref idref="fl-4"/>
      </object_component>
      <object_component id="oc-312">
         <name>.text:GPIO_setOutputHighOnPin</name>
         <load_address>0x4534</load_address>
         <run_address>0x4534</run_address>
         <size>0x28</size>
         <input_file_ref idref="fl-18"/>
      </object_component>
      <object_component id="oc-30c">
         <name>.text:GPIO_setOutputLowOnPin</name>
         <load_address>0x455c</load_address>
         <run_address>0x455c</run_address>
         <size>0x28</size>
         <input_file_ref idref="fl-18"/>
      </object_component>
      <object_component id="oc-56e">
         <name>.text:free_list_insert</name>
         <load_address>0x4584</load_address>
         <run_address>0x4584</run_address>
         <size>0x28</size>
         <input_file_ref idref="fl-ed"/>
      </object_component>
      <object_component id="oc-524">
         <name>.text:lseek</name>
         <load_address>0x45ac</load_address>
         <run_address>0x45ac</run_address>
         <size>0x28</size>
         <input_file_ref idref="fl-107"/>
      </object_component>
      <object_component id="oc-441">
         <name>.text:write</name>
         <load_address>0x45d4</load_address>
         <run_address>0x45d4</run_address>
         <size>0x28</size>
         <input_file_ref idref="fl-f1"/>
      </object_component>
      <object_component id="oc-435">
         <name>.text:memchr</name>
         <load_address>0x45fc</load_address>
         <run_address>0x45fc</run_address>
         <size>0x20</size>
         <input_file_ref idref="fl-ec"/>
      </object_component>
      <object_component id="oc-45e">
         <name>.text:SPI_enableModule</name>
         <load_address>0x461c</load_address>
         <run_address>0x461c</run_address>
         <size>0x1c</size>
         <input_file_ref idref="fl-1a"/>
      </object_component>
      <object_component id="oc-568">
         <name>.text:free_list_remove</name>
         <load_address>0x4638</load_address>
         <run_address>0x4638</run_address>
         <size>0x1c</size>
         <input_file_ref idref="fl-ed"/>
      </object_component>
      <object_component id="oc-129">
         <name>.text:init_GPIO</name>
         <load_address>0x4654</load_address>
         <run_address>0x4654</run_address>
         <size>0x1c</size>
         <input_file_ref idref="fl-2"/>
      </object_component>
      <object_component id="oc-2be">
         <name>.text:memccpy</name>
         <load_address>0x4670</load_address>
         <run_address>0x4670</run_address>
         <size>0x1c</size>
         <input_file_ref idref="fl-eb"/>
      </object_component>
      <object_component id="oc-21a">
         <name>.text:Graphics_setBackgroundColor</name>
         <load_address>0x468c</load_address>
         <run_address>0x468c</run_address>
         <size>0x1a</size>
         <input_file_ref idref="fl-12"/>
      </object_component>
      <object_component id="oc-220">
         <name>.text:Graphics_setFont</name>
         <load_address>0x46a6</load_address>
         <run_address>0x46a6</run_address>
         <size>0x1a</size>
         <input_file_ref idref="fl-12"/>
      </object_component>
      <object_component id="oc-4c0">
         <name>.text:copysign</name>
         <load_address>0x46c0</load_address>
         <run_address>0x46c0</run_address>
         <size>0x1a</size>
         <input_file_ref idref="fl-108"/>
      </object_component>
      <object_component id="oc-135">
         <name>.text:init_SM</name>
         <load_address>0x46dc</load_address>
         <run_address>0x46dc</run_address>
         <size>0x18</size>
         <input_file_ref idref="fl-2"/>
      </object_component>
      <object_component id="oc-63b">
         <name>.text:strcmp</name>
         <load_address>0x46f4</load_address>
         <run_address>0x46f4</run_address>
         <size>0x18</size>
         <input_file_ref idref="fl-10b"/>
      </object_component>
      <object_component id="oc-501">
         <name>.text:EUSCI_A_SPI_enable</name>
         <load_address>0x470c</load_address>
         <run_address>0x470c</run_address>
         <size>0x16</size>
         <input_file_ref idref="fl-1a"/>
      </object_component>
      <object_component id="oc-507">
         <name>.text:EUSCI_B_SPI_enable</name>
         <load_address>0x4722</load_address>
         <run_address>0x4722</run_address>
         <size>0x16</size>
         <input_file_ref idref="fl-1a"/>
      </object_component>
      <object_component id="oc-214">
         <name>.text:Graphics_setForegroundColor</name>
         <load_address>0x4738</load_address>
         <run_address>0x4738</run_address>
         <size>0x16</size>
         <input_file_ref idref="fl-12"/>
      </object_component>
      <object_component id="oc-337">
         <name>.text:Graphics_translateColorOnDisplay</name>
         <load_address>0x474e</load_address>
         <run_address>0x474e</run_address>
         <size>0x16</size>
         <input_file_ref idref="fl-13"/>
      </object_component>
      <object_component id="oc-404">
         <name>.text:strchr</name>
         <load_address>0x4764</load_address>
         <run_address>0x4764</run_address>
         <size>0x16</size>
         <input_file_ref idref="fl-ee"/>
      </object_component>
      <object_component id="oc-5ef">
         <name>.text:strcpy</name>
         <load_address>0x477a</load_address>
         <run_address>0x477a</run_address>
         <size>0x14</size>
         <input_file_ref idref="fl-10c"/>
      </object_component>
      <object_component id="oc-28f">
         <name>.text:strlen</name>
         <load_address>0x478e</load_address>
         <run_address>0x478e</run_address>
         <size>0x14</size>
         <input_file_ref idref="fl-ef"/>
      </object_component>
      <object_component id="oc-2c4">
         <name>.text:wcslen</name>
         <load_address>0x47a2</load_address>
         <run_address>0x47a2</run_address>
         <size>0x12</size>
         <input_file_ref idref="fl-d8"/>
      </object_component>
      <object_component id="oc-37e">
         <name>.text:ADCIsConversionRunning</name>
         <load_address>0x47b4</load_address>
         <run_address>0x47b4</run_address>
         <size>0x10</size>
         <input_file_ref idref="fl-16"/>
      </object_component>
      <object_component id="oc-1a">
         <name>.text:decompress:none:__TI_decompress_none</name>
         <load_address>0x47c4</load_address>
         <run_address>0x47c4</run_address>
         <size>0xe</size>
         <input_file_ref idref="fl-e3"/>
      </object_component>
      <object_component id="oc-67">
         <name>.text:Reset_Handler</name>
         <load_address>0x47d2</load_address>
         <run_address>0x47d2</run_address>
         <size>0xc</size>
         <input_file_ref idref="fl-6"/>
      </object_component>
      <object_component id="oc-49">
         <name>.text:decompress:ZI:__TI_zero_init</name>
         <load_address>0x47de</load_address>
         <run_address>0x47de</run_address>
         <size>0xc</size>
         <input_file_ref idref="fl-e2"/>
      </object_component>
      <object_component id="oc-366">
         <name>.text:Crystalfontz128x128_Flush</name>
         <load_address>0x47ea</load_address>
         <run_address>0x47ea</run_address>
         <size>0xa</size>
         <input_file_ref idref="fl-4"/>
      </object_component>
      <object_component id="oc-2ca">
         <name>.text:__aeabi_errno_addr</name>
         <load_address>0x47f4</load_address>
         <run_address>0x47f4</run_address>
         <size>0x8</size>
         <input_file_ref idref="fl-f0"/>
      </object_component>
      <object_component id="oc-532">
         <name>.text:malloc</name>
         <load_address>0x47fc</load_address>
         <run_address>0x47fc</run_address>
         <size>0x8</size>
         <input_file_ref idref="fl-ed"/>
      </object_component>
      <object_component id="oc-1ed">
         <name>.text:_outc</name>
         <load_address>0x4804</load_address>
         <run_address>0x4804</run_address>
         <size>0x4</size>
         <input_file_ref idref="fl-d2"/>
      </object_component>
      <object_component id="oc-1e7">
         <name>.text:_outs</name>
         <load_address>0x4808</load_address>
         <run_address>0x4808</run_address>
         <size>0x4</size>
         <input_file_ref idref="fl-d2"/>
      </object_component>
      <object_component id="oc-a3">
         <name>.text:_system_pre_init</name>
         <load_address>0x480c</load_address>
         <run_address>0x480c</run_address>
         <size>0x4</size>
         <input_file_ref idref="fl-fb"/>
      </object_component>
      <object_component id="oc-153">
         <name>.text:abort:abort</name>
         <load_address>0x4810</load_address>
         <run_address>0x4810</run_address>
         <size>0x4</size>
         <input_file_ref idref="fl-e5"/>
      </object_component>
      <object_component id="oc-374">
         <name>.const:.string:g_pucFontFixed6x8Data</name>
         <load_address>0x4814</load_address>
         <run_address>0x4814</run_address>
         <size>0x2f8</size>
         <input_file_ref idref="fl-14"/>
      </object_component>
      <object_component id="oc-3ad">
         <name>.const:.string:_ctypes_</name>
         <load_address>0x4b0c</load_address>
         <run_address>0x4b0c</run_address>
         <size>0x101</size>
         <input_file_ref idref="fl-e8"/>
      </object_component>
      <object_component id="oc-22c">
         <name>.const:g_sFontFixed6x8</name>
         <load_address>0x4c10</load_address>
         <run_address>0x4c10</run_address>
         <size>0xc8</size>
         <input_file_ref idref="fl-14"/>
      </object_component>
      <object_component id="oc-198">
         <name>.const:_ctlRegs</name>
         <load_address>0x4cd8</load_address>
         <run_address>0x4cd8</run_address>
         <size>0x80</size>
         <input_file_ref idref="fl-16"/>
      </object_component>
      <object_component id="oc-26b">
         <name>.const:GPIO_PORT_TO_BASE</name>
         <load_address>0x4d58</load_address>
         <run_address>0x4d58</run_address>
         <size>0x30</size>
         <input_file_ref idref="fl-18"/>
      </object_component>
      <object_component id="oc-237">
         <name>.const:uartConfig</name>
         <load_address>0x4d88</load_address>
         <run_address>0x4d88</run_address>
         <size>0x28</size>
         <input_file_ref idref="fl-2"/>
      </object_component>
      <object_component id="oc-229">
         <name>.const:g_sCrystalfontz128x128_funcs</name>
         <load_address>0x4db0</load_address>
         <run_address>0x4db0</run_address>
         <size>0x20</size>
         <input_file_ref idref="fl-4"/>
      </object_component>
      <object_component id="oc-464">
         <name>.const:$P$T0$1</name>
         <load_address>0x4dd0</load_address>
         <run_address>0x4dd0</run_address>
         <size>0x1c</size>
         <input_file_ref idref="fl-5"/>
      </object_component>
      <object_component id="oc-483">
         <name>.const:$P$T0$1</name>
         <load_address>0x4dec</load_address>
         <run_address>0x4dec</run_address>
         <size>0x8</size>
         <input_file_ref idref="fl-4"/>
      </object_component>
      <object_component id="oc-679">
         <name>.cinit..data.load</name>
         <load_address>0x4df8</load_address>
         <run_address>0x4df8</run_address>
         <size>0x76</size>
      </object_component>
      <object_component id="oc-677">
         <name>__TI_handler_table</name>
         <load_address>0x4e70</load_address>
         <run_address>0x4e70</run_address>
         <size>0xc</size>
      </object_component>
      <object_component id="oc-67a">
         <name>.cinit..bss.load</name>
         <load_address>0x4e80</load_address>
         <run_address>0x4e80</run_address>
         <size>0x8</size>
      </object_component>
      <object_component id="oc-678">
         <name>__TI_cinit_table</name>
         <load_address>0x4e88</load_address>
         <run_address>0x4e88</run_address>
         <size>0x10</size>
      </object_component>
      <object_component id="oc-64c">
         <name>.binit</name>
         <load_address>0x0</load_address>
         <run_address>0x0</run_address>
         <size>0x0</size>
      </object_component>
      <object_component id="oc-e2">
         <name>.data</name>
         <load_address>0x20005fc0</load_address>
         <run_address>0x20005fc0</run_address>
         <size>0x14</size>
         <input_file_ref idref="fl-2"/>
      </object_component>
      <object_component id="oc-226">
         <name>.data:g_sCrystalfontz128x128</name>
         <load_address>0x20005fd4</load_address>
         <run_address>0x20005fd4</run_address>
         <size>0x10</size>
         <input_file_ref idref="fl-4"/>
      </object_component>
      <object_component id="oc-24b">
         <name>.data:$O1$$</name>
         <load_address>0x20005ff4</load_address>
         <run_address>0x20005ff4</run_address>
         <size>0xc</size>
         <input_file_ref idref="fl-e5"/>
      </object_component>
      <object_component id="oc-1e1">
         <name>.data:$O1$$</name>
         <load_address>0x20006000</load_address>
         <run_address>0x20006000</run_address>
         <size>0x8</size>
         <input_file_ref idref="fl-e6"/>
      </object_component>
      <object_component id="oc-1e4">
         <name>.data:_ftable</name>
         <load_address>0x20005e08</load_address>
         <run_address>0x20005e08</run_address>
         <size>0xf0</size>
         <input_file_ref idref="fl-e9"/>
      </object_component>
      <object_component id="oc-582">
         <name>.data</name>
         <load_address>0x20005fe4</load_address>
         <run_address>0x20005fe4</run_address>
         <size>0x10</size>
         <input_file_ref idref="fl-e9"/>
      </object_component>
      <object_component id="oc-5b8">
         <name>.data:$O1$$</name>
         <load_address>0x20006008</load_address>
         <run_address>0x20006008</run_address>
         <size>0x8</size>
         <input_file_ref idref="fl-ed"/>
      </object_component>
      <object_component id="oc-414">
         <name>.data</name>
         <load_address>0x20006010</load_address>
         <run_address>0x20006010</run_address>
         <size>0x4</size>
         <input_file_ref idref="fl-f0"/>
      </object_component>
      <object_component id="oc-54b">
         <name>.data:_device</name>
         <load_address>0x20005ef8</load_address>
         <run_address>0x20005ef8</run_address>
         <size>0x78</size>
         <input_file_ref idref="fl-f2"/>
      </object_component>
      <object_component id="oc-4ee">
         <name>.data:_stream</name>
         <load_address>0x20005f70</load_address>
         <run_address>0x20005f70</run_address>
         <size>0x50</size>
         <input_file_ref idref="fl-f2"/>
      </object_component>
      <object_component id="oc-db">
         <name>.bss:resultsBuffer_JOY</name>
         <uninitialized>true</uninitialized>
         <run_address>0x200055f4</run_address>
         <size>0x4</size>
         <input_file_ref idref="fl-2"/>
      </object_component>
      <object_component id="oc-3a2">
         <name>.bss:g_pulConvertedPalette</name>
         <uninitialized>true</uninitialized>
         <run_address>0x20004000</run_address>
         <size>0x400</size>
         <input_file_ref idref="fl-15"/>
      </object_component>
      <object_component id="oc-606">
         <name>.bss:_CIOBUF_</name>
         <uninitialized>true</uninitialized>
         <run_address>0x20005400</run_address>
         <size>0x120</size>
         <input_file_ref idref="fl-105"/>
      </object_component>
      <object_component id="oc-248">
         <name>.common:controlTable</name>
         <uninitialized>true</uninitialized>
         <run_address>0x20005000</run_address>
         <size>0x400</size>
      </object_component>
      <object_component id="oc-fd">
         <name>.common:RXData_ping</name>
         <uninitialized>true</uninitialized>
         <run_address>0x20004400</run_address>
         <size>0x400</size>
      </object_component>
      <object_component id="oc-fe">
         <name>.common:RXData_pong</name>
         <uninitialized>true</uninitialized>
         <run_address>0x20004800</run_address>
         <size>0x400</size>
      </object_component>
      <object_component id="oc-1d7">
         <name>.common:g_sContext</name>
         <uninitialized>true</uninitialized>
         <run_address>0x200055c0</run_address>
         <size>0x1c</size>
      </object_component>
      <object_component id="oc-1d9">
         <name>.common:image</name>
         <uninitialized>true</uninitialized>
         <run_address>0x20000000</run_address>
         <size>0x4000</size>
      </object_component>
      <object_component id="oc-1d6">
         <name>.common:pallet</name>
         <uninitialized>true</uninitialized>
         <run_address>0x20004c00</run_address>
         <size>0x400</size>
      </object_component>
      <object_component id="oc-1d8">
         <name>.common:bitmap</name>
         <uninitialized>true</uninitialized>
         <run_address>0x200055dc</run_address>
         <size>0x10</size>
      </object_component>
      <object_component id="oc-de">
         <name>.common:ar_state</name>
         <uninitialized>true</uninitialized>
         <run_address>0x20005602</run_address>
         <size>0x1</size>
      </object_component>
      <object_component id="oc-e1">
         <name>.common:btn_state</name>
         <uninitialized>true</uninitialized>
         <run_address>0x20005603</run_address>
         <size>0x1</size>
      </object_component>
      <object_component id="oc-333">
         <name>.common:Lcd_Orientation</name>
         <uninitialized>true</uninitialized>
         <run_address>0x20005600</run_address>
         <size>0x1</size>
      </object_component>
      <object_component id="oc-32a">
         <name>.common:Lcd_ScreenWidth</name>
         <uninitialized>true</uninitialized>
         <run_address>0x200055fa</run_address>
         <size>0x2</size>
      </object_component>
      <object_component id="oc-32d">
         <name>.common:Lcd_ScreenHeigth</name>
         <uninitialized>true</uninitialized>
         <run_address>0x200055f8</run_address>
         <size>0x2</size>
      </object_component>
      <object_component id="oc-32e">
         <name>.common:Lcd_PenSolid</name>
         <uninitialized>true</uninitialized>
         <run_address>0x20005601</run_address>
         <size>0x1</size>
      </object_component>
      <object_component id="oc-32f">
         <name>.common:Lcd_FontSolid</name>
         <uninitialized>true</uninitialized>
         <run_address>0x200055ff</run_address>
         <size>0x1</size>
      </object_component>
      <object_component id="oc-330">
         <name>.common:Lcd_FlagRead</name>
         <uninitialized>true</uninitialized>
         <run_address>0x200055fe</run_address>
         <size>0x1</size>
      </object_component>
      <object_component id="oc-331">
         <name>.common:Lcd_TouchTrim</name>
         <uninitialized>true</uninitialized>
         <run_address>0x200055fc</run_address>
         <size>0x2</size>
      </object_component>
      <object_component id="oc-5d0">
         <name>.common:__TI_tmpnams</name>
         <uninitialized>true</uninitialized>
         <run_address>0x20005520</run_address>
         <size>0xa0</size>
      </object_component>
      <object_component id="oc-5e1">
         <name>.common:parmbuf</name>
         <uninitialized>true</uninitialized>
         <run_address>0x200055ec</run_address>
         <size>0x8</size>
      </object_component>
      <object_component id="oc-26">
         <name>.sysmem</name>
         <uninitialized>true</uninitialized>
         <run_address>0x20005608</run_address>
         <size>0x10</size>
         <input_file_ref idref="fl-ed"/>
      </object_component>
      <object_component id="oc-67c">
         <name>.sysmem</name>
         <uninitialized>true</uninitialized>
         <run_address>0x20005608</run_address>
         <size>0x0</size>
      </object_component>
      <object_component id="oc-29">
         <name>.stack</name>
         <uninitialized>true</uninitialized>
         <run_address>0x2000fe00</run_address>
         <size>0x4</size>
         <input_file_ref idref="fl-f3"/>
      </object_component>
      <object_component id="oc-67b">
         <name>.stack</name>
         <uninitialized>true</uninitialized>
         <run_address>0x2000fe00</run_address>
         <size>0x0</size>
      </object_component>
      <object_component id="oc-df">
         <name>.debug_info</name>
         <load_address>0x0</load_address>
         <run_address>0x0</run_address>
         <size>0xd4e</size>
         <input_file_ref idref="fl-2"/>
      </object_component>
      <object_component id="oc-dc">
         <name>.debug_info</name>
         <load_address>0xd4e</load_address>
         <run_address>0xd4e</run_address>
         <size>0x103</size>
         <input_file_ref idref="fl-2"/>
      </object_component>
      <object_component id="oc-e3">
         <name>.debug_info</name>
         <load_address>0xe51</load_address>
         <run_address>0xe51</run_address>
         <size>0x172</size>
         <input_file_ref idref="fl-2"/>
      </object_component>
      <object_component id="oc-238">
         <name>.debug_info</name>
         <load_address>0xfc3</load_address>
         <run_address>0xfc3</run_address>
         <size>0xf6</size>
         <input_file_ref idref="fl-2"/>
      </object_component>
      <object_component id="oc-aa">
         <name>.debug_info</name>
         <load_address>0x10b9</load_address>
         <run_address>0x10b9</run_address>
         <size>0x19a</size>
         <input_file_ref idref="fl-2"/>
      </object_component>
      <object_component id="oc-124">
         <name>.debug_info</name>
         <load_address>0x1253</load_address>
         <run_address>0x1253</run_address>
         <size>0x158</size>
         <input_file_ref idref="fl-2"/>
      </object_component>
      <object_component id="oc-12a">
         <name>.debug_info</name>
         <load_address>0x13ab</load_address>
         <run_address>0x13ab</run_address>
         <size>0x19f</size>
         <input_file_ref idref="fl-2"/>
      </object_component>
      <object_component id="oc-130">
         <name>.debug_info</name>
         <load_address>0x154a</load_address>
         <run_address>0x154a</run_address>
         <size>0x1da</size>
         <input_file_ref idref="fl-2"/>
      </object_component>
      <object_component id="oc-136">
         <name>.debug_info</name>
         <load_address>0x1724</load_address>
         <run_address>0x1724</run_address>
         <size>0x11a</size>
         <input_file_ref idref="fl-2"/>
      </object_component>
      <object_component id="oc-13c">
         <name>.debug_info</name>
         <load_address>0x183e</load_address>
         <run_address>0x183e</run_address>
         <size>0x142</size>
         <input_file_ref idref="fl-2"/>
      </object_component>
      <object_component id="oc-142">
         <name>.debug_info</name>
         <load_address>0x1980</load_address>
         <run_address>0x1980</run_address>
         <size>0x1d5</size>
         <input_file_ref idref="fl-2"/>
      </object_component>
      <object_component id="oc-148">
         <name>.debug_info</name>
         <load_address>0x1b55</load_address>
         <run_address>0x1b55</run_address>
         <size>0x1b1</size>
         <input_file_ref idref="fl-2"/>
      </object_component>
      <object_component id="oc-7a">
         <name>.debug_info</name>
         <load_address>0x1d06</load_address>
         <run_address>0x1d06</run_address>
         <size>0x1d2</size>
         <input_file_ref idref="fl-2"/>
      </object_component>
      <object_component id="oc-74">
         <name>.debug_info</name>
         <load_address>0x1ed8</load_address>
         <run_address>0x1ed8</run_address>
         <size>0x1b8</size>
         <input_file_ref idref="fl-2"/>
      </object_component>
      <object_component id="oc-f2">
         <name>.debug_info</name>
         <load_address>0x2090</load_address>
         <run_address>0x2090</run_address>
         <size>0x19d</size>
         <input_file_ref idref="fl-2"/>
      </object_component>
      <object_component id="oc-d6">
         <name>.debug_info</name>
         <load_address>0x222d</load_address>
         <run_address>0x222d</run_address>
         <size>0x14d</size>
         <input_file_ref idref="fl-2"/>
      </object_component>
      <object_component id="oc-d0">
         <name>.debug_info</name>
         <load_address>0x237a</load_address>
         <run_address>0x237a</run_address>
         <size>0x270</size>
         <input_file_ref idref="fl-2"/>
      </object_component>
      <object_component id="oc-ca">
         <name>.debug_info</name>
         <load_address>0x25ea</load_address>
         <run_address>0x25ea</run_address>
         <size>0x1c6</size>
         <input_file_ref idref="fl-2"/>
      </object_component>
      <object_component id="oc-102">
         <name>.debug_info</name>
         <load_address>0x27b0</load_address>
         <run_address>0x27b0</run_address>
         <size>0x26b</size>
         <input_file_ref idref="fl-2"/>
      </object_component>
      <object_component id="oc-1bd">
         <name>.debug_info</name>
         <load_address>0x2a1b</load_address>
         <run_address>0x2a1b</run_address>
         <size>0x1028</size>
         <input_file_ref idref="fl-2"/>
      </object_component>
      <object_component id="oc-1b8">
         <name>.debug_info</name>
         <load_address>0x3a43</load_address>
         <run_address>0x3a43</run_address>
         <size>0x37e2</size>
         <input_file_ref idref="fl-2"/>
      </object_component>
      <object_component id="oc-1a2">
         <name>.debug_info</name>
         <load_address>0x7225</load_address>
         <run_address>0x7225</run_address>
         <size>0x8c</size>
         <input_file_ref idref="fl-2"/>
      </object_component>
      <object_component id="oc-1b3">
         <name>.debug_info</name>
         <load_address>0x72b1</load_address>
         <run_address>0x72b1</run_address>
         <size>0x439</size>
         <input_file_ref idref="fl-2"/>
      </object_component>
      <object_component id="oc-276">
         <name>.debug_info</name>
         <load_address>0x76ea</load_address>
         <run_address>0x76ea</run_address>
         <size>0x8a</size>
         <input_file_ref idref="fl-2"/>
      </object_component>
      <object_component id="oc-14e">
         <name>.debug_info</name>
         <load_address>0x7774</load_address>
         <run_address>0x7774</run_address>
         <size>0x8b</size>
         <input_file_ref idref="fl-2"/>
      </object_component>
      <object_component id="oc-1c9">
         <name>.debug_info</name>
         <load_address>0x77ff</load_address>
         <run_address>0x77ff</run_address>
         <size>0x297</size>
         <input_file_ref idref="fl-2"/>
      </object_component>
      <object_component id="oc-19c">
         <name>.debug_info</name>
         <load_address>0x7a96</load_address>
         <run_address>0x7a96</run_address>
         <size>0xef</size>
         <input_file_ref idref="fl-2"/>
      </object_component>
      <object_component id="oc-e6">
         <name>.debug_info</name>
         <load_address>0x7b85</load_address>
         <run_address>0x7b85</run_address>
         <size>0xbb</size>
         <input_file_ref idref="fl-2"/>
      </object_component>
      <object_component id="oc-1f5">
         <name>.debug_info</name>
         <load_address>0x7c40</load_address>
         <run_address>0x7c40</run_address>
         <size>0x2c</size>
         <input_file_ref idref="fl-2"/>
      </object_component>
      <object_component id="oc-468">
         <name>.debug_info</name>
         <load_address>0x7c6c</load_address>
         <run_address>0x7c6c</run_address>
         <size>0x131</size>
         <input_file_ref idref="fl-2"/>
      </object_component>
      <object_component id="oc-1c2">
         <name>.debug_info</name>
         <load_address>0x7d9d</load_address>
         <run_address>0x7d9d</run_address>
         <size>0x102</size>
         <input_file_ref idref="fl-2"/>
      </object_component>
      <object_component id="oc-bc">
         <name>.debug_info</name>
         <load_address>0x7e9f</load_address>
         <run_address>0x7e9f</run_address>
         <size>0x14d</size>
         <input_file_ref idref="fl-3"/>
      </object_component>
      <object_component id="oc-32">
         <name>.debug_info</name>
         <load_address>0x7fec</load_address>
         <run_address>0x7fec</run_address>
         <size>0x84</size>
         <input_file_ref idref="fl-3"/>
      </object_component>
      <object_component id="oc-32b">
         <name>.debug_info</name>
         <load_address>0x8070</load_address>
         <run_address>0x8070</run_address>
         <size>0x94b</size>
         <input_file_ref idref="fl-4"/>
      </object_component>
      <object_component id="oc-227">
         <name>.debug_info</name>
         <load_address>0x89bb</load_address>
         <run_address>0x89bb</run_address>
         <size>0x12f</size>
         <input_file_ref idref="fl-4"/>
      </object_component>
      <object_component id="oc-22a">
         <name>.debug_info</name>
         <load_address>0x8aea</load_address>
         <run_address>0x8aea</run_address>
         <size>0x13b</size>
         <input_file_ref idref="fl-4"/>
      </object_component>
      <object_component id="oc-484">
         <name>.debug_info</name>
         <load_address>0x8c25</load_address>
         <run_address>0x8c25</run_address>
         <size>0x110</size>
         <input_file_ref idref="fl-4"/>
      </object_component>
      <object_component id="oc-203">
         <name>.debug_info</name>
         <load_address>0x8d35</load_address>
         <run_address>0x8d35</run_address>
         <size>0x402</size>
         <input_file_ref idref="fl-4"/>
      </object_component>
      <object_component id="oc-325">
         <name>.debug_info</name>
         <load_address>0x9137</load_address>
         <run_address>0x9137</run_address>
         <size>0x30e</size>
         <input_file_ref idref="fl-4"/>
      </object_component>
      <object_component id="oc-209">
         <name>.debug_info</name>
         <load_address>0x9445</load_address>
         <run_address>0x9445</run_address>
         <size>0x26a</size>
         <input_file_ref idref="fl-4"/>
      </object_component>
      <object_component id="oc-343">
         <name>.debug_info</name>
         <load_address>0x96af</load_address>
         <run_address>0x96af</run_address>
         <size>0x2af</size>
         <input_file_ref idref="fl-4"/>
      </object_component>
      <object_component id="oc-349">
         <name>.debug_info</name>
         <load_address>0x995e</load_address>
         <run_address>0x995e</run_address>
         <size>0x412</size>
         <input_file_ref idref="fl-4"/>
      </object_component>
      <object_component id="oc-34f">
         <name>.debug_info</name>
         <load_address>0x9d70</load_address>
         <run_address>0x9d70</run_address>
         <size>0x2ca</size>
         <input_file_ref idref="fl-4"/>
      </object_component>
      <object_component id="oc-355">
         <name>.debug_info</name>
         <load_address>0xa03a</load_address>
         <run_address>0xa03a</run_address>
         <size>0x2ca</size>
         <input_file_ref idref="fl-4"/>
      </object_component>
      <object_component id="oc-35b">
         <name>.debug_info</name>
         <load_address>0xa304</load_address>
         <run_address>0xa304</run_address>
         <size>0x2fb</size>
         <input_file_ref idref="fl-4"/>
      </object_component>
      <object_component id="oc-361">
         <name>.debug_info</name>
[...]
         <value>0x3487</value>
         <object_component_ref idref="oc-9d"/>
      </symbol>
      <symbol id="sm-6dc">
         <name>__aeabi_memclr8</name>
         <value>0x3485</value>
         <object_component_ref idref="oc-9d"/>
      </symbol>
      <symbol id="sm-6dd">
         <name>__aeabi_memclr4</name>
         <value>0x3485</value>
         <object_component_ref idref="oc-9d"/>
      </symbol>
      <symbol id="sm-6de">
         <name>__aeabi_memclr</name>
         <value>0x3485</value>
         <object_component_ref idref="oc-9d"/>
      </symbol>
      <symbol id="sm-6f5">
         <name>__aeabi_dsub</name>
         <value>0x14dd</value>
         <object_component_ref idref="oc-3d8"/>
      </symbol>
      <symbol id="sm-6f6">
         <name>__aeabi_dadd</name>
         <value>0x14e7</value>
         <object_component_ref idref="oc-3d8"/>
      </symbol>
      <symbol id="sm-718">
         <name>__aeabi_cdcmpeq</name>
         <value>0x32fd</value>
         <object_component_ref idref="oc-2a1"/>
      </symbol>
      <symbol id="sm-719">
         <name>__aeabi_cdcmple</name>
         <value>0x32fd</value>
         <object_component_ref idref="oc-2a1"/>
      </symbol>
      <symbol id="sm-71a">
         <name>__aeabi_cdrcmple</name>
         <value>0x3383</value>
         <object_component_ref idref="oc-3c3"/>
      </symbol>
      <symbol id="sm-72e">
         <name>__aeabi_ddiv</name>
         <value>0x1bad</value>
         <object_component_ref idref="oc-3be"/>
      </symbol>
      <symbol id="sm-739">
         <name>__aeabi_dmul</name>
         <value>0x24a7</value>
         <object_component_ref idref="oc-3b9"/>
      </symbol>
      <symbol id="sm-743">
         <name>__aeabi_d2iz</name>
         <value>0x3eed</value>
         <object_component_ref idref="oc-3c8"/>
      </symbol>
      <symbol id="sm-74d">
         <name>__aeabi_i2d</name>
         <value>0x43d9</value>
         <object_component_ref idref="oc-3d3"/>
      </symbol>
      <symbol id="sm-768">
         <name>memcpy</name>
         <value>0x2f19</value>
         <object_component_ref idref="oc-37"/>
      </symbol>
      <symbol id="sm-769">
         <name>__aeabi_memcpy</name>
         <value>0x2f19</value>
         <object_component_ref idref="oc-37"/>
      </symbol>
      <symbol id="sm-76a">
         <name>__aeabi_memcpy8</name>
         <value>0x2f19</value>
         <object_component_ref idref="oc-37"/>
      </symbol>
      <symbol id="sm-76b">
         <name>__aeabi_memcpy4</name>
         <value>0x2f19</value>
         <object_component_ref idref="oc-37"/>
      </symbol>
      <symbol id="sm-77d">
         <name>__TI_zero_init</name>
         <value>0x47df</value>
         <object_component_ref idref="oc-49"/>
      </symbol>
      <symbol id="sm-794">
         <name>__TI_decompress_none</name>
         <value>0x47c5</value>
         <object_component_ref idref="oc-1a"/>
      </symbol>
      <symbol id="sm-7b7">
         <name>__TI_decompress_lzss</name>
         <value>0x379d</value>
         <object_component_ref idref="oc-14"/>
      </symbol>
      <symbol id="sm-7dd">
         <name>C$$EXIT</name>
         <value>0x4811</value>
         <object_component_ref idref="oc-153"/>
      </symbol>
      <symbol id="sm-7de">
         <name>abort</name>
         <value>0x4811</value>
         <object_component_ref idref="oc-153"/>
      </symbol>
      <symbol id="sm-7df">
         <name>__TI_dtors_ptr</name>
         <value>0x20005ff8</value>
         <object_component_ref idref="oc-24b"/>
      </symbol>
      <symbol id="sm-7e0">
         <name>__TI_cleanup_ptr</name>
         <value>0x20005ff4</value>
         <object_component_ref idref="oc-24b"/>
      </symbol>
      <symbol id="sm-7e1">
         <name>__TI_enable_exit_profile_output</name>
         <value>0x20005ffc</value>
         <object_component_ref idref="oc-24b"/>
      </symbol>
      <symbol id="sm-7e2">
         <name>exit</name>
         <value>0x3ea5</value>
         <object_component_ref idref="oc-159"/>
      </symbol>
      <symbol id="sm-7f7">
         <name>_nop</name>
         <value>0x1693</value>
         <object_component_ref idref="oc-2dc"/>
      </symbol>
      <symbol id="sm-7f8">
         <name>_lock</name>
         <value>0x20006000</value>
         <object_component_ref idref="oc-1e1"/>
      </symbol>
      <symbol id="sm-7f9">
         <name>_unlock</name>
         <value>0x20006004</value>
         <object_component_ref idref="oc-1e1"/>
      </symbol>
      <symbol id="sm-80f">
         <name>atoi</name>
         <value>0x3e0d</value>
         <object_component_ref idref="oc-295"/>
      </symbol>
      <symbol id="sm-81a">
         <name>_ctypes_</name>
         <value>0x4b0c</value>
         <object_component_ref idref="oc-3ad"/>
      </symbol>
      <symbol id="sm-82f">
         <name>__TI_tmpnams</name>
         <value>0x20005520</value>
      </symbol>
      <symbol id="sm-830">
         <name>__aeabi_stdout</name>
         <value>0x20005fec</value>
         <object_component_ref idref="oc-582"/>
      </symbol>
      <symbol id="sm-831">
         <name>__aeabi_stderr</name>
         <value>0x20005ff0</value>
         <object_component_ref idref="oc-582"/>
      </symbol>
      <symbol id="sm-832">
         <name>__aeabi_stdin</name>
         <value>0x20005fe8</value>
         <object_component_ref idref="oc-582"/>
      </symbol>
      <symbol id="sm-833">
         <name>_ftable</name>
         <value>0x20005e08</value>
         <object_component_ref idref="oc-1e4"/>
      </symbol>
      <symbol id="sm-834">
         <name>__TI_ft_end</name>
         <value>0x20005fe4</value>
         <object_component_ref idref="oc-582"/>
      </symbol>
      <symbol id="sm-843">
         <name>ltoa</name>
         <value>0x3cc9</value>
         <object_component_ref idref="oc-3cd"/>
      </symbol>
      <symbol id="sm-853">
         <name>memccpy</name>
         <value>0x4671</value>
         <object_component_ref idref="oc-2be"/>
      </symbol>
      <symbol id="sm-863">
         <name>memchr</name>
         <value>0x45fd</value>
         <object_component_ref idref="oc-435"/>
      </symbol>
      <symbol id="sm-8ea">
         <name>_sys_memory</name>
         <value>0x20005608</value>
         <object_component_ref idref="oc-26"/>
      </symbol>
      <symbol id="sm-8eb">
         <name>free</name>
         <value>0x2875</value>
         <object_component_ref idref="oc-52c"/>
      </symbol>
      <symbol id="sm-8ec">
         <name>memalign</name>
         <value>0x25a5</value>
         <object_component_ref idref="oc-575"/>
      </symbol>
      <symbol id="sm-8ed">
         <name>malloc</name>
         <value>0x47fd</value>
         <object_component_ref idref="oc-532"/>
      </symbol>
      <symbol id="sm-8ee">
         <name>aligned_alloc</name>
         <value>0x25a5</value>
         <object_component_ref idref="oc-575"/>
      </symbol>
      <symbol id="sm-8fe">
         <name>strchr</name>
         <value>0x4765</value>
         <object_component_ref idref="oc-404"/>
      </symbol>
      <symbol id="sm-90c">
         <name>strlen</name>
         <value>0x478f</value>
         <object_component_ref idref="oc-28f"/>
      </symbol>
      <symbol id="sm-922">
         <name>__aeabi_errno_addr</name>
         <value>0x47f5</value>
         <object_component_ref idref="oc-2ca"/>
      </symbol>
      <symbol id="sm-923">
         <name>errno</name>
         <value>0x20006010</value>
         <object_component_ref idref="oc-414"/>
      </symbol>
      <symbol id="sm-93d">
         <name>write</name>
         <value>0x45d5</value>
         <object_component_ref idref="oc-441"/>
      </symbol>
      <symbol id="sm-94e">
         <name>_stream</name>
         <value>0x20005f70</value>
         <object_component_ref idref="oc-4ee"/>
      </symbol>
      <symbol id="sm-94f">
         <name>_device</name>
         <value>0x20005ef8</value>
         <object_component_ref idref="oc-54b"/>
      </symbol>
      <symbol id="sm-962">
         <name>__stack</name>
         <value>0x2000fe00</value>
         <object_component_ref idref="oc-29"/>
      </symbol>
      <symbol id="sm-963">
         <name>_c_int00_noargs</name>
         <value>0x4315</value>
         <object_component_ref idref="oc-55"/>
      </symbol>
      <symbol id="sm-983">
         <name>frexpl</name>
         <value>0x386d</value>
         <object_component_ref idref="oc-3f8"/>
      </symbol>
      <symbol id="sm-984">
         <name>frexp</name>
         <value>0x386d</value>
         <object_component_ref idref="oc-3f8"/>
      </symbol>
      <symbol id="sm-9a1">
         <name>scalbn</name>
         <value>0x2299</value>
         <object_component_ref idref="oc-3fe"/>
      </symbol>
      <symbol id="sm-9a2">
         <name>scalbnl</name>
         <value>0x2299</value>
         <object_component_ref idref="oc-3fe"/>
      </symbol>
      <symbol id="sm-9a3">
         <name>ldexpl</name>
         <value>0x2299</value>
         <object_component_ref idref="oc-3fe"/>
      </symbol>
      <symbol id="sm-9a4">
         <name>ldexp</name>
         <value>0x2299</value>
         <object_component_ref idref="oc-3fe"/>
      </symbol>
      <symbol id="sm-9b4">
         <name>__TI_doflush</name>
         <value>0x3dc1</value>
         <object_component_ref idref="oc-43b"/>
      </symbol>
      <symbol id="sm-9c4">
         <name>__TI_cleanup</name>
         <value>0x42ad</value>
         <object_component_ref idref="oc-538"/>
      </symbol>
      <symbol id="sm-9d6">
         <name>fseek</name>
         <value>0x38d1</value>
         <object_component_ref idref="oc-4dc"/>
      </symbol>
      <symbol id="sm-9e0">
         <name>__aeabi_idiv0</name>
         <value>0x1ce3</value>
         <object_component_ref idref="oc-4a7"/>
      </symbol>
      <symbol id="sm-9e1">
         <name>__aeabi_ldiv0</name>
         <value>0x1ce3</value>
         <object_component_ref idref="oc-4a7"/>
      </symbol>
      <symbol id="sm-a09">
         <name>__TI_auto_init_nobinit_nopinit</name>
         <value>0x4005</value>
         <object_component_ref idref="oc-15f"/>
      </symbol>
      <symbol id="sm-a13">
         <name>_system_pre_init</name>
         <value>0x480d</value>
         <object_component_ref idref="oc-a3"/>
      </symbol>
      <symbol id="sm-a26">
         <name>HOSTclose</name>
         <value>0x3f7d</value>
         <object_component_ref idref="oc-58e"/>
      </symbol>
      <symbol id="sm-a37">
         <name>HOSTlseek</name>
         <value>0x3735</value>
         <object_component_ref idref="oc-5a0"/>
      </symbol>
      <symbol id="sm-a49">
         <name>parmbuf</name>
         <value>0x200055ec</value>
      </symbol>
      <symbol id="sm-a4a">
         <name>HOSTopen</name>
         <value>0x3a59</value>
         <object_component_ref idref="oc-588"/>
      </symbol>
      <symbol id="sm-a5b">
         <name>HOSTread</name>
         <value>0x3b6d</value>
         <object_component_ref idref="oc-594"/>
      </symbol>
      <symbol id="sm-a6c">
         <name>HOSTrename</name>
         <value>0x36c9</value>
         <object_component_ref idref="oc-5ac"/>
      </symbol>
      <symbol id="sm-a7d">
         <name>HOSTunlink</name>
         <value>0x3fc1</value>
         <object_component_ref idref="oc-5a6"/>
      </symbol>
      <symbol id="sm-a8e">
         <name>HOSTwrite</name>
         <value>0x3bc5</value>
         <object_component_ref idref="oc-59a"/>
      </symbol>
      <symbol id="sm-ab2">
         <name>__TI_readmsg</name>
         <value>0x42e1</value>
         <object_component_ref idref="oc-5db"/>
      </symbol>
      <symbol id="sm-ab3">
         <name>C$$IO$$</name>
         <value>0x4233</value>
         <object_component_ref idref="oc-5d5"/>
      </symbol>
      <symbol id="sm-ab4">
         <name>__CIOBUF_</name>
         <value>0x20005400</value>
         <object_component_ref idref="oc-606"/>
      </symbol>
      <symbol id="sm-ab5">
         <name>__TI_writemsg</name>
         <value>0x4205</value>
         <object_component_ref idref="oc-5d5"/>
      </symbol>
      <symbol id="sm-ac6">
         <name>lseek</name>
         <value>0x45ad</value>
         <object_component_ref idref="oc-524"/>
      </symbol>
      <symbol id="sm-ad0">
         <name>copysign</name>
         <value>0x46c1</value>
         <object_component_ref idref="oc-4c0"/>
      </symbol>
      <symbol id="sm-ad1">
         <name>copysignl</name>
         <value>0x46c1</value>
         <object_component_ref idref="oc-4c0"/>
      </symbol>
      <symbol id="sm-ae6">
         <name>__TI_closefile</name>
         <value>0x3579</value>
         <object_component_ref idref="oc-57c"/>
      </symbol>
      <symbol id="sm-b09">
         <name>finddevice</name>
         <value>0x43a9</value>
         <object_component_ref idref="oc-624"/>
      </symbol>
      <symbol id="sm-b0a">
         <name>getdevice</name>
         <value>0x4049</value>
         <object_component_ref idref="oc-5fc"/>
      </symbol>
      <symbol id="sm-b19">
         <name>strcmp</name>
         <value>0x46f5</value>
         <object_component_ref idref="oc-63b"/>
      </symbol>
      <symbol id="sm-b27">
         <name>strcpy</name>
         <value>0x477b</value>
         <object_component_ref idref="oc-5ef"/>
      </symbol>
      <symbol id="sm-b37">
         <name>strncpy</name>
         <value>0x4275</value>
         <object_component_ref idref="oc-61e"/>
      </symbol>
      <symbol id="sm-b4c">
         <name>close</name>
         <value>0x3ab9</value>
         <object_component_ref idref="oc-5c4"/>
      </symbol>
      <symbol id="sm-b5c">
         <name>unlink</name>
         <value>0x44b9</value>
         <object_component_ref idref="oc-5ca"/>
      </symbol>
      <symbol id="sm-b5d">
         <name>__TI_static_base__</name>
         <value>0x0</value>
      </symbol>
      <symbol id="sm-b60">
         <name>__mpu_init</name>
         <value>0x0</value>
      </symbol>
      <symbol id="sm-b61">
         <name>_system_post_cinit</name>
         <value>0x0</value>
      </symbol>
      <symbol id="sm-b62">
         <name>NMI_Handler</name>
         <value>0xec3</value>
      </symbol>
      <symbol id="sm-b63">
         <name>HardFault_Handler</name>
         <value>0xec3</value>
      </symbol>
      <symbol id="sm-b64">
         <name>MemManage_Handler</name>
         <value>0xec3</value>
      </symbol>
      <symbol id="sm-b65">
         <name>BusFault_Handler</name>
         <value>0xec3</value>
      </symbol>
      <symbol id="sm-b66">
         <name>UsageFault_Handler</name>
         <value>0xec3</value>
      </symbol>
      <symbol id="sm-b67">
         <name>SVC_Handler</name>
         <value>0xec3</value>
      </symbol>
      <symbol id="sm-b68">
         <name>DebugMon_Handler</name>
         <value>0xec3</value>
      </symbol>
      <symbol id="sm-b69">
         <name>PendSV_Handler</name>
         <value>0xec3</value>
      </symbol>
      <symbol id="sm-b6a">
         <name>SysTick_Handler</name>
         <value>0xec3</value>
      </symbol>
      <symbol id="sm-b6b">
         <name>PSS_IRQHandler</name>
         <value>0xec3</value>
      </symbol>
      <symbol id="sm-b6c">
         <name>CS_IRQHandler</name>
         <value>0xec3</value>
      </symbol>
      <symbol id="sm-b6d">
         <name>PCM_IRQHandler</name>
         <value>0xec3</value>
      </symbol>
      <symbol id="sm-b6e">
         <name>WDT_A_IRQHandler</name>
         <value>0xec3</value>
      </symbol>
      <symbol id="sm-b6f">
         <name>FPU_IRQHandler</name>
         <value>0xec3</value>
      </symbol>
      <symbol id="sm-b70">
         <name>FLCTL_IRQHandler</name>
         <value>0xec3</value>
      </symbol>
      <symbol id="sm-b71">
         <name>COMP_E0_IRQHandler</name>
         <value>0xec3</value>
      </symbol>
      <symbol id="sm-b72">
         <name>COMP_E1_IRQHandler</name>
         <value>0xec3</value>
      </symbol>
      <symbol id="sm-b73">
         <name>TA0_0_IRQHandler</name>
         <value>0xec3</value>
      </symbol>
      <symbol id="sm-b74">
         <name>TA0_N_IRQHandler</name>
         <value>0xec3</value>
      </symbol>
      <symbol id="sm-b75">
         <name>TA1_0_IRQHandler</name>
         <value>0xec3</value>
      </symbol>
      <symbol id="sm-b76">
         <name>TA1_N_IRQHandler</name>
         <value>0xec3</value>
      </symbol>
      <symbol id="sm-b77">
         <name>TA2_0_IRQHandler</name>
         <value>0xec3</value>
      </symbol>
      <symbol id="sm-b78">
         <name>TA2_N_IRQHandler</name>
         <value>0xec3</value>
      </symbol>
      <symbol id="sm-b79">
         <name>TA3_0_IRQHandler</name>
         <value>0xec3</value>
      </symbol>
      <symbol id="sm-b7a">
         <name>TA3_N_IRQHandler</name>
         <value>0xec3</value>
      </symbol>
      <symbol id="sm-b7b">
         <name>EUSCIA0_IRQHandler</name>
         <value>0xec3</value>
      </symbol>
      <symbol id="sm-b7c">
         <name>EUSCIA1_IRQHandler</name>
         <value>0xec3</value>
      </symbol>
      <symbol id="sm-b7d">
         <name>EUSCIA2_IRQHandler</name>
         <value>0xec3</value>
      </symbol>
      <symbol id="sm-b7e">
         <name>EUSCIA3_IRQHandler</name>
         <value>0xec3</value>
      </symbol>
      <symbol id="sm-b7f">
         <name>EUSCIB0_IRQHandler</name>
         <value>0xec3</value>
      </symbol>
      <symbol id="sm-b80">
         <name>EUSCIB1_IRQHandler</name>
         <value>0xec3</value>
      </symbol>
      <symbol id="sm-b81">
         <name>EUSCIB2_IRQHandler</name>
         <value>0xec3</value>
      </symbol>
      <symbol id="sm-b82">
         <name>EUSCIB3_IRQHandler</name>
         <value>0xec3</value>
      </symbol>
      <symbol id="sm-b83">
         <name>ADC14_IRQHandler</name>
         <value>0x304d</value>
      </symbol>
      <symbol id="sm-b84">
         <name>T32_INT1_IRQHandler</name>
         <value>0xec3</value>
      </symbol>
      <symbol id="sm-b85">
         <name>T32_INT2_IRQHandler</name>
         <value>0xec3</value>
      </symbol>
      <symbol id="sm-b86">
         <name>T32_INTC_IRQHandler</name>
         <value>0xec3</value>
      </symbol>
      <symbol id="sm-b87">
         <name>AES256_IRQHandler</name>
         <value>0xec3</value>
      </symbol>
      <symbol id="sm-b88">
         <name>RTC_C_IRQHandler</name>
         <value>0xec3</value>
      </symbol>
      <symbol id="sm-b89">
         <name>DMA_ERR_IRQHandler</name>
         <value>0xec3</value>
      </symbol>
      <symbol id="sm-b8a">
         <name>DMA_INT3_IRQHandler</name>
         <value>0xec3</value>
      </symbol>
      <symbol id="sm-b8b">
         <name>DMA_INT2_IRQHandler</name>
         <value>0xec3</value>
      </symbol>
      <symbol id="sm-b8c">
         <name>DMA_INT1_IRQHandler</name>
         <value>0x2a39</value>
      </symbol>
      <symbol id="sm-b8d">
         <name>DMA_INT0_IRQHandler</name>
         <value>0xec3</value>
      </symbol>
      <symbol id="sm-b8e">
         <name>PORT1_IRQHandler</name>
         <value>0xec3</value>
      </symbol>
      <symbol id="sm-b8f">
         <name>PORT2_IRQHandler</name>
         <value>0xec3</value>
      </symbol>
      <symbol id="sm-b90">
         <name>PORT3_IRQHandler</name>
         <value>0xec3</value>
      </symbol>
      <symbol id="sm-b91">
         <name>PORT4_IRQHandler</name>
         <value>0xec3</value>
      </symbol>
      <symbol id="sm-b92">
         <name>PORT5_IRQHandler</name>
         <value>0xec3</value>
      </symbol>
      <symbol id="sm-b93">
         <name>PORT6_IRQHandler</name>
         <value>0xec3</value>
      </symbol>
      <symbol id="sm-b94">
         <name>remove</name>
         <value>0x44b9</value>
      </symbol>
   </symbol_table>
   <title>Link successful</title>
</link_info>
