******************************************************************************
                  TI ARM Linker Unix v18.12.3                  
******************************************************************************
>> Linked Tue Oct 15 16:33:10 2019

OUTPUT FILE NAME:   <firmware.out>
ENTRY POINT SYMBOL: "_c_int00_noargs"  address: 00001aed


MEMORY CONFIGURATION

         name            origin    length      used     unused   attr    fill
----------------------  --------  ---------  --------  --------  ----  --------
  MAIN                  00000000   00040000  00002298  0003dd68  R  X
  INFO                  00200000   00004000  00000000  00004000  R  X
  SRAM_CODE             01000000   00010000  00004a7a  0000b586  RW X
  SRAM_DATA             20000000   00010000  00004a7a  0000b586  RW  


SEGMENT ALLOCATION MAP

run origin  load origin   length   init length attrs members
----------  ----------- ---------- ----------- ----- -------
00000000    00000000    00002298   00002298    r-x
  00000000    00000000    000000e4   000000e4    r-- .intvecs
  000000e4    000000e4    00001c94   00001c94    r-x .text
  00001d78    00001d78    000004d8   000004d8    r-- .const
  00002250    00002250    00000048   00000048    r-- .cinit
20000000    20000000    0000487a   00000000    rw-
  20000000    20000000    00004844   00000000    rw- .bss
  20004844    20004844    00000036   00000000    rw- .data
2000fe00    2000fe00    00000200   00000000    rw-
  2000fe00    2000fe00    00000200   00000000    rw- .stack


SECTION ALLOCATION MAP

 output                                  attributes/
section   page    origin      length       input sections
--------  ----  ----------  ----------   ----------------
.intvecs   0    00000000    000000e4     
                  00000000    000000e4     startup_msp432p401r_ccs.obj (.intvecs:retain)

.text      0    000000e4    00001c94     
                  000000e4    00000390     grlib.a : image.obj (.text:Graphics_drawImage)
                  00000474    000002cc     main.obj (.text:main)
                  00000740    000001f0     main.obj (.text:TickFct_Arrow)
                  00000930    000001d8     Crystalfontz128x128_ST7735.obj (.text:Crystalfontz128x128_PixelDrawMultiple)
                  00000b08    000001b8     main.obj (.text:TickFct_Button)
                  00000cc0    00000188     main.obj (.text:processReceivedData)
                  00000e48    00000160     msp432p4xx_driverlib.lib : adc14.o (.text:_getIndexForMemRegister)
                  00000fa8    00000134     Crystalfontz128x128_ST7735.obj (.text:Crystalfontz128x128_SetDrawFrame)
                  000010dc    0000012c     Crystalfontz128x128_ST7735.obj (.text:Crystalfontz128x128_Init)
                  00001208    000000b0     msp432p4xx_driverlib.lib : spi.o (.text:SPI_initMaster)
                  000012b8    000000ac     main.obj (.text:ADC14_IRQHandler)
                  00001364    0000009c     Crystalfontz128x128_ST7735.obj (.text:Crystalfontz128x128_RectFill)
                  00001400    0000009c     rtsv7M4_T_le_v4SPD16_eabi.lib : memcpy_t2.asm.obj (.text)
                  0000149c    00000088     msp432p4xx_driverlib.lib : gpio.o (.text:GPIO_setAsPeripheralModuleFunctionOutputPin)
                  00001524    0000007a     rtsv7M4_T_le_v4SPD16_eabi.lib : memset_t2.asm.obj (.text)
                  0000159e    00000002     startup_msp432p401r_ccs.obj (.text:Default_Handler)
                  000015a0    00000078     system_msp432p401r.obj (.text:SystemInit)
                  00001618    0000006c     grlib.a : image.obj (.text:Graphics_convertPalette)
                  00001684    00000068     rtsv7M4_T_le_v4SPD16_eabi.lib : copy_decompress_lzss.c.obj (.text:decompress:lzss:__TI_decompress_lzss)
                  000016ec    00000060     Crystalfontz128x128_ST7735.obj (.text:Crystalfontz128x128_LineDrawH)
                  0000174c    00000060     Crystalfontz128x128_ST7735.obj (.text:Crystalfontz128x128_LineDrawV)
                  000017ac    00000058     msp432p4xx_driverlib.lib : gpio.o (.text:GPIO_setAsInputPinWithPullUpResistor)
                  00001804    00000054     Crystalfontz128x128_ST7735.obj (.text:Crystalfontz128x128_SetOrientation)
                  00001858    00000052     grlib.a : context.obj (.text:Graphics_initContext)
                  000018aa    00000002     --HOLE-- [fill = 0]
                  000018ac    00000048     main.obj (.text:EUSCIA0_IRQHandler)
                  000018f4    00000046     grlib.a : display.obj (.text:Graphics_drawMultiplePixelsOnDisplay)
                  0000193a    00000002     --HOLE-- [fill = 0]
                  0000193c    00000044     rtsv7M4_T_le_v4SPD16_eabi.lib : autoinit.c.obj (.text:__TI_auto_init_nobinit_nopinit:__TI_auto_init_nobinit_nopinit)
                  00001980    00000040     Crystalfontz128x128_ST7735.obj (.text:Crystalfontz128x128_PixelDraw)
                  000019c0    00000040     msp432p4xx_driverlib.lib : gpio.o (.text:GPIO_setAsOutputPin)
                  00001a00    00000040     HAL_MSP_EXP432P401R_Crystalfontz128x128_ST7735.obj (.text:HAL_LCD_SpiInit)
                  00001a40    00000040     msp432p4xx_driverlib.lib : spi.o (.text:is_A_Module)
                  00001a80    00000038     HAL_MSP_EXP432P401R_Crystalfontz128x128_ST7735.obj (.text:HAL_LCD_writeCommand)
                  00001ab8    00000034     msp432p4xx_driverlib.lib : cs.o (.text:CS_setDCOCenteredFrequency)
                  00001aec    00000034     rtsv7M4_T_le_v4SPD16_eabi.lib : boot_cortex_m.c.obj (.text:_c_int00_noargs:_c_int00_noargs)
                  00001b20    00000030     msp432p4xx_driverlib.lib : gpio.o (.text:GPIO_getInputPinValue)
                  00001b50    00000030     HAL_MSP_EXP432P401R_Crystalfontz128x128_ST7735.obj (.text:HAL_LCD_PortInit)
                  00001b80    0000002c     Crystalfontz128x128_ST7735.obj (.text:Crystalfontz128x128_ClearScreen)
                  00001bac    0000002c     grlib.a : display.obj (.text:Graphics_drawPixelOnDisplay)
                  00001bd8    0000002c     HAL_MSP_EXP432P401R_Crystalfontz128x128_ST7735.obj (.text:HAL_LCD_writeData)
                  00001c04    00000028     Crystalfontz128x128_ST7735.obj (.text:Crystalfontz128x128_ColorTranslate)
                  00001c2c    00000028     msp432p4xx_driverlib.lib : gpio.o (.text:GPIO_setOutputHighOnPin)
                  00001c54    00000028                              : gpio.o (.text:GPIO_setOutputLowOnPin)
                  00001c7c    0000001c                              : adc14.o (.text:ADC14_getResult)
                  00001c98    0000001c                              : spi.o (.text:SPI_enableModule)
                  00001cb4    0000001a     grlib.a : context.obj (.text:Graphics_setBackgroundColor)
                  00001cce    0000001a             : context.obj (.text:Graphics_setFont)
                  00001ce8    00000016     msp432p4xx_driverlib.lib : spi.o (.text:EUSCI_A_SPI_enable)
                  00001cfe    00000016                              : spi.o (.text:EUSCI_B_SPI_enable)
                  00001d14    00000016     grlib.a : context.obj (.text:Graphics_setForegroundColor)
                  00001d2a    00000016             : display.obj (.text:Graphics_translateColorOnDisplay)
                  00001d40    0000000e     rtsv7M4_T_le_v4SPD16_eabi.lib : copy_decompress_none.c.obj (.text:decompress:none:__TI_decompress_none)
                  00001d4e    0000000c     startup_msp432p401r_ccs.obj (.text:Reset_Handler)
                  00001d5a    0000000c     rtsv7M4_T_le_v4SPD16_eabi.lib : copy_zero_init.c.obj (.text:decompress:ZI:__TI_zero_init)
                  00001d66    0000000a     Crystalfontz128x128_ST7735.obj (.text:Crystalfontz128x128_Flush)
                  00001d70    00000004     rtsv7M4_T_le_v4SPD16_eabi.lib : pre_init.c.obj (.text:_system_pre_init)
                  00001d74    00000004                                   : exit.c.obj (.text:abort:abort)

.const     0    00001d78    000004d8     
                  00001d78    000002f8     grlib.a : fontfixed6x8.obj (.const:.string:g_pucFontFixed6x8Data)
                  00002070    000000c8             : fontfixed6x8.obj (.const:g_sFontFixed6x8)
                  00002138    00000080     msp432p4xx_driverlib.lib : adc14.o (.const:_ctlRegs)
                  000021b8    00000030                              : gpio.o (.const:GPIO_PORT_TO_BASE)
                  000021e8    00000024     main.obj (.const:uartConfig)
                  0000220c    00000020     Crystalfontz128x128_ST7735.obj (.const:g_sCrystalfontz128x128_funcs)
                  0000222c    0000001c     HAL_MSP_EXP432P401R_Crystalfontz128x128_ST7735.obj (.const:$P$T0$1)
                  00002248    00000008     Crystalfontz128x128_ST7735.obj (.const:$P$T0$1)

.cinit     0    00002250    00000048     
                  00002250    0000001d     (.cinit..data.load) [load image, compression = lzss]
                  0000226d    00000003     --HOLE-- [fill = 0]
                  00002270    0000000c     (__TI_handler_table)
                  0000227c    00000004     --HOLE-- [fill = 0]
                  00002280    00000008     (.cinit..bss.load) [load image, compression = zero_init]
                  00002288    00000010     (__TI_cinit_table)

.init_array 
*          0    00000000    00000000     UNINITIALIZED

.binit     0    00000000    00000000     

.bss       0    20000000    00004844     UNINITIALIZED
                  20000000    00004000     (.common:image)
                  20004000    00000400     grlib.a : image.obj (.bss:g_pulConvertedPalette)
                  20004400    00000400     (.common:pallet)
                  20004800    0000001c     (.common:g_sContext)
                  2000481c    00000010     (.common:bitmap)
                  2000482c    00000008     main.obj (.bss:resultsBuffer_ACC)
                  20004834    00000004     main.obj (.bss:resultsBuffer_JOY)
                  20004838    00000002     (.common:Lcd_ScreenHeigth)
                  2000483a    00000002     (.common:Lcd_ScreenWidth)
                  2000483c    00000002     (.common:Lcd_TouchTrim)
                  2000483e    00000001     (.common:Lcd_FlagRead)
                  2000483f    00000001     (.common:Lcd_FontSolid)
                  20004840    00000001     (.common:Lcd_Orientation)
                  20004841    00000001     (.common:Lcd_PenSolid)
                  20004842    00000001     (.common:ar_state)
                  20004843    00000001     (.common:btn_state)

.data      0    20004844    00000036     UNINITIALIZED
                  20004844    00000020     main.obj (.data)
                  20004864    00000010     Crystalfontz128x128_ST7735.obj (.data:g_sCrystalfontz128x128)
                  20004874    00000006     main.obj (.data:codes)

.stack     0    2000fe00    00000200     UNINITIALIZED
                  2000fe00    00000004     rtsv7M4_T_le_v4SPD16_eabi.lib : boot_cortex_m.c.obj (.stack)
                  2000fe04    000001fc     --HOLE--

MODULE SUMMARY

       Module                                               code   ro data   rw data
       ------                                               ----   -------   -------
    ./
       main.obj                                             2288   36        35008  
       system_msp432p401r.obj                               120    0         0      
    +--+----------------------------------------------------+------+---------+---------+
       Total:                                               2408   36        35008  
                                                                                    
    ./LcdDriver/
       Crystalfontz128x128_ST7735.obj                       1670   40        52     
       HAL_MSP_EXP432P401R_Crystalfontz128x128_ST7735.obj   212    28        0      
    +--+----------------------------------------------------+------+---------+---------+
       Total:                                               1882   68        52     
                                                                                    
    ./ccs/
       startup_msp432p401r_ccs.obj                          14     228       0      
    +--+----------------------------------------------------+------+---------+---------+
       Total:                                               14     228       0      
                                                                                    
    /home/ariac/ti/ccs910/ccs/tools/compiler/ti-cgt-arm_18.12.3.LTS/lib/rtsv7M4_T_le_v4SPD16_eabi.lib
       memcpy_t2.asm.obj                                    156    0         0      
       memset_t2.asm.obj                                    122    0         0      
       copy_decompress_lzss.c.obj                           104    0         0      
       autoinit.c.obj                                       68     0         0      
       boot_cortex_m.c.obj                                  52     0         0      
       copy_decompress_none.c.obj                           14     0         0      
       copy_zero_init.c.obj                                 12     0         0      
       exit.c.obj                                           4      0         0      
       pre_init.c.obj                                       4      0         0      
    +--+----------------------------------------------------+------+---------+---------+
       Total:                                               536    0         0      
                                                                                    
    /home/ariac/ti/simplelink_msp432p4_sdk_3_20_00_06/source/ti/devices/msp432p4xx/driverlib/ccs/msp432p4xx_driverlib.lib
       adc14.o                                              380    128       0      
       gpio.o                                               416    48        0      
       spi.o                                                312    0         0      
       cs.o                                                 52     0         0      
    +--+----------------------------------------------------+------+---------+---------+
       Total:                                               1160   176       0      
                                                                                    
    /home/ariac/ti/simplelink_msp432p4_sdk_3_20_00_06/source/ti/grlib/lib/ccs/m4f/grlib.a
       image.obj                                            1020   0         2048   
       fontfixed6x8.obj                                     0      960       0      
       context.obj                                          156    0         0      
       display.obj                                          136    0         0      
    +--+----------------------------------------------------+------+---------+---------+
       Total:                                               1312   960       2048   
                                                                                    
       Stack:                                               0      0         1024   
       Linker Generated:                                    0      65        0      
    +--+----------------------------------------------------+------+---------+---------+
       Grand Total:                                         7312   1533      38132  


LINKER GENERATED COPY TABLES

__TI_cinit_table @ 00002288 records: 2, size/record: 8, table size: 16
	.data: load addr=00002250, load size=0000001d bytes, run addr=20004844, run size=00000036 bytes, compression=lzss
	.bss: load addr=00002280, load size=00000008 bytes, run addr=20000000, run size=00004844 bytes, compression=zero_init


LINKER GENERATED HANDLER TABLE

__TI_handler_table @ 00002270 records: 3, size/record: 4, table size: 12
	index: 0, handler: __TI_decompress_lzss
	index: 1, handler: __TI_decompress_none
	index: 2, handler: __TI_zero_init


GLOBAL SYMBOLS: SORTED ALPHABETICALLY BY Name 

address   name                                       
-------   ----                                       
000012b9  ADC14_IRQHandler                           
000012b9  ADC14_IRQHandler                           
00001c7d  ADC14_getResult                            
0000159f  AES256_IRQHandler                          
0000159f  BusFault_Handler                           
00001d75  C$$EXIT                                    
0000159f  COMP_E0_IRQHandler                         
0000159f  COMP_E1_IRQHandler                         
0000159f  CS_IRQHandler                              
00001ab9  CS_setDCOCenteredFrequency                 
000010dd  Crystalfontz128x128_Init                   
00000fa9  Crystalfontz128x128_SetDrawFrame           
00001805  Crystalfontz128x128_SetOrientation         
0000159f  DMA_ERR_IRQHandler                         
0000159f  DMA_INT0_IRQHandler                        
0000159f  DMA_INT1_IRQHandler                        
0000159f  DMA_INT2_IRQHandler                        
0000159f  DMA_INT3_IRQHandler                        
0000159f  DebugMon_Handler                           
0000159f  Default_Handler                            
000018ad  EUSCIA0_IRQHandler                         
000018ad  EUSCIA0_IRQHandler                         
0000159f  EUSCIA1_IRQHandler                         
0000159f  EUSCIA2_IRQHandler                         
0000159f  EUSCIA3_IRQHandler                         
0000159f  EUSCIB0_IRQHandler                         
0000159f  EUSCIB1_IRQHandler                         
0000159f  EUSCIB2_IRQHandler                         
0000159f  EUSCIB3_IRQHandler                         
00001ce9  EUSCI_A_SPI_enable                         
00001cff  EUSCI_B_SPI_enable                         
0000159f  FLCTL_IRQHandler                           
0000159f  FPU_IRQHandler                             
00001b21  GPIO_getInputPinValue                      
000017ad  GPIO_setAsInputPinWithPullUpResistor       
000019c1  GPIO_setAsOutputPin                        
0000149d  GPIO_setAsPeripheralModuleFunctionOutputPin
00001c2d  GPIO_setOutputHighOnPin                    
00001c55  GPIO_setOutputLowOnPin                     
000000e5  Graphics_drawImage                         
000018f5  Graphics_drawMultiplePixelsOnDisplay       
00001bad  Graphics_drawPixelOnDisplay                
00001859  Graphics_initContext                       
00001cb5  Graphics_setBackgroundColor                
00001ccf  Graphics_setFont                           
00001d15  Graphics_setForegroundColor                
00001d2b  Graphics_translateColorOnDisplay           
00001b51  HAL_LCD_PortInit                           
00001a01  HAL_LCD_SpiInit                            
00001a81  HAL_LCD_writeCommand                       
00001bd9  HAL_LCD_writeData                          
0000159f  HardFault_Handler                          
2000483e  Lcd_FlagRead                               
2000483f  Lcd_FontSolid                              
20004840  Lcd_Orientation                            
20004841  Lcd_PenSolid                               
20004838  Lcd_ScreenHeigth                           
2000483a  Lcd_ScreenWidth                            
2000483c  Lcd_TouchTrim                              
0000159f  MemManage_Handler                          
0000159f  NMI_Handler                                
0000159f  PCM_IRQHandler                             
0000159f  PORT1_IRQHandler                           
0000159f  PORT2_IRQHandler                           
0000159f  PORT3_IRQHandler                           
0000159f  PORT4_IRQHandler                           
0000159f  PORT5_IRQHandler                           
0000159f  PORT6_IRQHandler                           
0000159f  PSS_IRQHandler                             
0000159f  PendSV_Handler                             
0000159f  RTC_C_IRQHandler                           
00001d4f  Reset_Handler                              
00001c99  SPI_enableModule                           
00001209  SPI_initMaster                             
0000159f  SVC_Handler                                
0000159f  SysTick_Handler                            
000015a1  SystemInit                                 
0000159f  T32_INT1_IRQHandler                        
0000159f  T32_INT2_IRQHandler                        
0000159f  T32_INTC_IRQHandler                        
0000159f  TA0_0_IRQHandler                           
0000159f  TA0_N_IRQHandler                           
0000159f  TA1_0_IRQHandler                           
0000159f  TA1_N_IRQHandler                           
0000159f  TA2_0_IRQHandler                           
0000159f  TA2_N_IRQHandler                           
0000159f  TA3_0_IRQHandler                           
0000159f  TA3_N_IRQHandler                           
00000741  TickFct_Arrow                              
00000b09  TickFct_Button                             
0000159f  UsageFault_Handler                         
4000480c  WDTCTL_SYM                                 
0000159f  WDT_A_IRQHandler                           
20010000  __STACK_END                                
00000200  __STACK_SIZE                               
00002288  __TI_CINIT_Base                            
00002298  __TI_CINIT_Limit                           
00002270  __TI_Handler_Table_Base                    
0000227c  __TI_Handler_Table_Limit                   
0000193d  __TI_auto_init_nobinit_nopinit             
00001685  __TI_decompress_lzss                       
00001d41  __TI_decompress_none                       
ffffffff  __TI_pprof_out_hndl                        
ffffffff  __TI_prof_data_size                        
ffffffff  __TI_prof_data_start                       
00000000  __TI_static_base__                         
00001d5b  __TI_zero_init                             
00001525  __aeabi_memclr                             
00001525  __aeabi_memclr4                            
00001525  __aeabi_memclr8                            
00001401  __aeabi_memcpy                             
00001401  __aeabi_memcpy4                            
00001401  __aeabi_memcpy8                            
00001527  __aeabi_memset                             
00001527  __aeabi_memset4                            
00001527  __aeabi_memset8                            
ffffffff  __binit__                                  
ffffffff  __c_args__                                 
UNDEFED   __mpu_init                                 
2000fe00  __stack                                    
00001aed  _c_int00_noargs                            
UNDEFED   _system_post_cinit                         
00001d71  _system_pre_init                           
00001d75  abort                                      
20004842  ar_state                                   
ffffffff  binit                                      
2000481c  bitmap                                     
20004843  btn_state                                  
20004844  codeindex                                  
20004874  codes                                      
20004860  done                                       
20004848  dummyflag                                  
20004800  g_sContext                                 
20004864  g_sCrystalfontz128x128                     
0000220c  g_sCrystalfontz128x128_funcs               
00002070  g_sFontFixed6x8                            
20000000  image                                      
20004858  imageOrpallet                              
20004854  imageindex                                 
2000484c  index                                      
00000000  interruptVectors                           
00000475  main                                       
00001401  memcpy                                     
0000152d  memset                                     
20004400  pallet                                     
2000485c  palletData                                 
20004850  palletindex                                
00000cc1  processReceivedData                        
000021e8  uartConfig                                 


GLOBAL SYMBOLS: SORTED BY Symbol Address 

address   name                                       
-------   ----                                       
00000000  __TI_static_base__                         
00000000  interruptVectors                           
000000e5  Graphics_drawImage                         
00000200  __STACK_SIZE                               
00000475  main                                       
00000741  TickFct_Arrow                              
00000b09  TickFct_Button                             
00000cc1  processReceivedData                        
00000fa9  Crystalfontz128x128_SetDrawFrame           
000010dd  Crystalfontz128x128_Init                   
00001209  SPI_initMaster                             
000012b9  ADC14_IRQHandler                           
000012b9  ADC14_IRQHandler                           
00001401  __aeabi_memcpy                             
00001401  __aeabi_memcpy4                            
00001401  __aeabi_memcpy8                            
00001401  memcpy                                     
0000149d  GPIO_setAsPeripheralModuleFunctionOutputPin
00001525  __aeabi_memclr                             
00001525  __aeabi_memclr4                            
00001525  __aeabi_memclr8                            
00001527  __aeabi_memset                             
00001527  __aeabi_memset4                            
00001527  __aeabi_memset8                            
0000152d  memset                                     
0000159f  AES256_IRQHandler                          
0000159f  BusFault_Handler                           
0000159f  COMP_E0_IRQHandler                         
0000159f  COMP_E1_IRQHandler                         
0000159f  CS_IRQHandler                              
0000159f  DMA_ERR_IRQHandler                         
0000159f  DMA_INT0_IRQHandler                        
0000159f  DMA_INT1_IRQHandler                        
0000159f  DMA_INT2_IRQHandler                        
0000159f  DMA_INT3_IRQHandler                        
0000159f  DebugMon_Handler                           
0000159f  Default_Handler                            
0000159f  EUSCIA1_IRQHandler                         
0000159f  EUSCIA2_IRQHandler                         
0000159f  EUSCIA3_IRQHandler                         
0000159f  EUSCIB0_IRQHandler                         
0000159f  EUSCIB1_IRQHandler                         
0000159f  EUSCIB2_IRQHandler                         
0000159f  EUSCIB3_IRQHandler                         
0000159f  FLCTL_IRQHandler                           
0000159f  FPU_IRQHandler                             
0000159f  HardFault_Handler                          
0000159f  MemManage_Handler                          
0000159f  NMI_Handler                                
0000159f  PCM_IRQHandler                             
0000159f  PORT1_IRQHandler                           
0000159f  PORT2_IRQHandler                           
0000159f  PORT3_IRQHandler                           
0000159f  PORT4_IRQHandler                           
0000159f  PORT5_IRQHandler                           
0000159f  PORT6_IRQHandler                           
0000159f  PSS_IRQHandler                             
0000159f  PendSV_Handler                             
0000159f  RTC_C_IRQHandler                           
0000159f  SVC_Handler                                
0000159f  SysTick_Handler                            
0000159f  T32_INT1_IRQHandler                        
0000159f  T32_INT2_IRQHandler                        
0000159f  T32_INTC_IRQHandler                        
0000159f  TA0_0_IRQHandler                           
0000159f  TA0_N_IRQHandler                           
0000159f  TA1_0_IRQHandler                           
0000159f  TA1_N_IRQHandler                           
0000159f  TA2_0_IRQHandler                           
0000159f  TA2_N_IRQHandler                           
0000159f  TA3_0_IRQHandler                           
0000159f  TA3_N_IRQHandler                           
0000159f  UsageFault_Handler                         
0000159f  WDT_A_IRQHandler                           
000015a1  SystemInit                                 
00001685  __TI_decompress_lzss                       
000017ad  GPIO_setAsInputPinWithPullUpResistor       
00001805  Crystalfontz128x128_SetOrientation         
00001859  Graphics_initContext                       
000018ad  EUSCIA0_IRQHandler                         
000018ad  EUSCIA0_IRQHandler                         
000018f5  Graphics_drawMultiplePixelsOnDisplay       
0000193d  __TI_auto_init_nobinit_nopinit             
000019c1  GPIO_setAsOutputPin                        
00001a01  HAL_LCD_SpiInit                            
00001a81  HAL_LCD_writeCommand                       
00001ab9  CS_setDCOCenteredFrequency                 
00001aed  _c_int00_noargs                            
00001b21  GPIO_getInputPinValue                      
00001b51  HAL_LCD_PortInit                           
00001bad  Graphics_drawPixelOnDisplay                
00001bd9  HAL_LCD_writeData                          
00001c2d  GPIO_setOutputHighOnPin                    
00001c55  GPIO_setOutputLowOnPin                     
00001c7d  ADC14_getResult                            
00001c99  SPI_enableModule                           
00001cb5  Graphics_setBackgroundColor                
00001ccf  Graphics_setFont                           
00001ce9  EUSCI_A_SPI_enable                         
00001cff  EUSCI_B_SPI_enable                         
00001d15  Graphics_setForegroundColor                
00001d2b  Graphics_translateColorOnDisplay           
00001d41  __TI_decompress_none                       
00001d4f  Reset_Handler                              
00001d5b  __TI_zero_init                             
00001d71  _system_pre_init                           
00001d75  C$$EXIT                                    
00001d75  abort                                      
00002070  g_sFontFixed6x8                            
000021e8  uartConfig                                 
0000220c  g_sCrystalfontz128x128_funcs               
00002270  __TI_Handler_Table_Base                    
0000227c  __TI_Handler_Table_Limit                   
00002288  __TI_CINIT_Base                            
00002298  __TI_CINIT_Limit                           
20000000  image                                      
20004400  pallet                                     
20004800  g_sContext                                 
2000481c  bitmap                                     
20004838  Lcd_ScreenHeigth                           
2000483a  Lcd_ScreenWidth                            
2000483c  Lcd_TouchTrim                              
2000483e  Lcd_FlagRead                               
2000483f  Lcd_FontSolid                              
20004840  Lcd_Orientation                            
20004841  Lcd_PenSolid                               
20004842  ar_state                                   
20004843  btn_state                                  
20004844  codeindex                                  
20004848  dummyflag                                  
2000484c  index                                      
20004850  palletindex                                
20004854  imageindex                                 
20004858  imageOrpallet                              
2000485c  palletData                                 
20004860  done                                       
20004864  g_sCrystalfontz128x128                     
20004874  codes                                      
2000fe00  __stack                                    
20010000  __STACK_END                                
4000480c  WDTCTL_SYM                                 
ffffffff  __TI_pprof_out_hndl                        
ffffffff  __TI_prof_data_size                        
ffffffff  __TI_prof_data_start                       
ffffffff  __binit__                                  
ffffffff  __c_args__                                 
ffffffff  binit                                      
UNDEFED   __mpu_init                                 
UNDEFED   _system_post_cinit                         

[149 symbols]
