******************************************************************************
                  TI ARM Linker Unix v18.12.3                  
******************************************************************************
>> Linked Wed Oct  9 17:14:22 2019

OUTPUT FILE NAME:   <firmware.out>
ENTRY POINT SYMBOL: "_c_int00_noargs"  address: 00001ad9


MEMORY CONFIGURATION

         name            origin    length      used     unused   attr    fill
----------------------  --------  ---------  --------  --------  ----  --------
  MAIN                  00000000   00040000  00002284  0003dd7c  R  X
  INFO                  00200000   00004000  00000000  00004000  R  X
  SRAM_CODE             01000000   00010000  00004a82  0000b57e  RW X
  SRAM_DATA             20000000   00010000  00004a82  0000b57e  RW  


SEGMENT ALLOCATION MAP

run origin  load origin   length   init length attrs members
----------  ----------- ---------- ----------- ----- -------
00000000    00000000    00002288   00002288    r-x
  00000000    00000000    000000e4   000000e4    r-- .intvecs
  000000e4    000000e4    00001c80   00001c80    r-x .text
  00001d64    00001d64    000004d8   000004d8    r-- .const
  00002240    00002240    00000048   00000048    r-- .cinit
20000000    20000000    00004882   00000000    rw-
  20000000    20000000    00004844   00000000    rw- .bss
  20004844    20004844    0000003e   00000000    rw- .data
2000fe00    2000fe00    00000200   00000000    rw-
  2000fe00    2000fe00    00000200   00000000    rw- .stack


SECTION ALLOCATION MAP

 output                                  attributes/
section   page    origin      length       input sections
--------  ----  ----------  ----------   ----------------
.intvecs   0    00000000    000000e4     
                  00000000    000000e4     startup_msp432p401r_ccs.obj (.intvecs:retain)

.text      0    000000e4    00001c80     
                  000000e4    00000390     grlib.a : image.obj (.text:Graphics_drawImage)
                  00000474    000002cc     main.obj (.text:main)
                  00000740    000001f0     main.obj (.text:TickFct_Arrow)
                  00000930    000001d8     Crystalfontz128x128_ST7735.obj (.text:Crystalfontz128x128_PixelDrawMultiple)
                  00000b08    000001c0     main.obj (.text:EUSCIA0_IRQHandler)
                  00000cc8    000001b8     main.obj (.text:TickFct_Button)
                  00000e80    00000160     msp432p4xx_driverlib.lib : adc14.o (.text:_getIndexForMemRegister)
                  00000fe0    00000134     Crystalfontz128x128_ST7735.obj (.text:Crystalfontz128x128_SetDrawFrame)
                  00001114    0000012c     Crystalfontz128x128_ST7735.obj (.text:Crystalfontz128x128_Init)
                  00001240    000000b0     msp432p4xx_driverlib.lib : spi.o (.text:SPI_initMaster)
                  000012f0    000000ac     main.obj (.text:ADC14_IRQHandler)
                  0000139c    0000009c     Crystalfontz128x128_ST7735.obj (.text:Crystalfontz128x128_RectFill)
                  00001438    0000009c     rtsv7M4_T_le_v4SPD16_eabi.lib : memcpy_t2.asm.obj (.text)
                  000014d4    00000088     msp432p4xx_driverlib.lib : gpio.o (.text:GPIO_setAsPeripheralModuleFunctionOutputPin)
                  0000155c    0000007a     rtsv7M4_T_le_v4SPD16_eabi.lib : memset_t2.asm.obj (.text)
                  000015d6    00000002     startup_msp432p401r_ccs.obj (.text:Default_Handler)
                  000015d8    00000078     system_msp432p401r.obj (.text:SystemInit)
                  00001650    0000006c     grlib.a : image.obj (.text:Graphics_convertPalette)
                  000016bc    00000068     rtsv7M4_T_le_v4SPD16_eabi.lib : copy_decompress_lzss.c.obj (.text:decompress:lzss:__TI_decompress_lzss)
                  00001724    00000060     Crystalfontz128x128_ST7735.obj (.text:Crystalfontz128x128_LineDrawH)
                  00001784    00000060     Crystalfontz128x128_ST7735.obj (.text:Crystalfontz128x128_LineDrawV)
                  000017e4    00000058     msp432p4xx_driverlib.lib : gpio.o (.text:GPIO_setAsInputPinWithPullUpResistor)
                  0000183c    00000054     Crystalfontz128x128_ST7735.obj (.text:Crystalfontz128x128_SetOrientation)
                  00001890    00000052     grlib.a : context.obj (.text:Graphics_initContext)
                  000018e2    00000046             : display.obj (.text:Graphics_drawMultiplePixelsOnDisplay)
                  00001928    00000044     rtsv7M4_T_le_v4SPD16_eabi.lib : autoinit.c.obj (.text:__TI_auto_init_nobinit_nopinit:__TI_auto_init_nobinit_nopinit)
                  0000196c    00000040     Crystalfontz128x128_ST7735.obj (.text:Crystalfontz128x128_PixelDraw)
                  000019ac    00000040     msp432p4xx_driverlib.lib : gpio.o (.text:GPIO_setAsOutputPin)
                  000019ec    00000040     HAL_MSP_EXP432P401R_Crystalfontz128x128_ST7735.obj (.text:HAL_LCD_SpiInit)
                  00001a2c    00000040     msp432p4xx_driverlib.lib : spi.o (.text:is_A_Module)
                  00001a6c    00000038     HAL_MSP_EXP432P401R_Crystalfontz128x128_ST7735.obj (.text:HAL_LCD_writeCommand)
                  00001aa4    00000034     msp432p4xx_driverlib.lib : cs.o (.text:CS_setDCOCenteredFrequency)
                  00001ad8    00000034     rtsv7M4_T_le_v4SPD16_eabi.lib : boot_cortex_m.c.obj (.text:_c_int00_noargs:_c_int00_noargs)
                  00001b0c    00000030     msp432p4xx_driverlib.lib : gpio.o (.text:GPIO_getInputPinValue)
                  00001b3c    00000030     HAL_MSP_EXP432P401R_Crystalfontz128x128_ST7735.obj (.text:HAL_LCD_PortInit)
                  00001b6c    0000002c     Crystalfontz128x128_ST7735.obj (.text:Crystalfontz128x128_ClearScreen)
                  00001b98    0000002c     grlib.a : display.obj (.text:Graphics_drawPixelOnDisplay)
                  00001bc4    0000002c     HAL_MSP_EXP432P401R_Crystalfontz128x128_ST7735.obj (.text:HAL_LCD_writeData)
                  00001bf0    00000028     Crystalfontz128x128_ST7735.obj (.text:Crystalfontz128x128_ColorTranslate)
                  00001c18    00000028     msp432p4xx_driverlib.lib : gpio.o (.text:GPIO_setOutputHighOnPin)
                  00001c40    00000028                              : gpio.o (.text:GPIO_setOutputLowOnPin)
                  00001c68    0000001c                              : adc14.o (.text:ADC14_getResult)
                  00001c84    0000001c                              : spi.o (.text:SPI_enableModule)
                  00001ca0    0000001a     grlib.a : context.obj (.text:Graphics_setBackgroundColor)
                  00001cba    0000001a             : context.obj (.text:Graphics_setFont)
                  00001cd4    00000016     msp432p4xx_driverlib.lib : spi.o (.text:EUSCI_A_SPI_enable)
                  00001cea    00000016                              : spi.o (.text:EUSCI_B_SPI_enable)
                  00001d00    00000016     grlib.a : context.obj (.text:Graphics_setForegroundColor)
                  00001d16    00000016             : display.obj (.text:Graphics_translateColorOnDisplay)
                  00001d2c    0000000e     rtsv7M4_T_le_v4SPD16_eabi.lib : copy_decompress_none.c.obj (.text:decompress:none:__TI_decompress_none)
                  00001d3a    0000000c     startup_msp432p401r_ccs.obj (.text:Reset_Handler)
                  00001d46    0000000c     rtsv7M4_T_le_v4SPD16_eabi.lib : copy_zero_init.c.obj (.text:decompress:ZI:__TI_zero_init)
                  00001d52    0000000a     Crystalfontz128x128_ST7735.obj (.text:Crystalfontz128x128_Flush)
                  00001d5c    00000004     rtsv7M4_T_le_v4SPD16_eabi.lib : pre_init.c.obj (.text:_system_pre_init)
                  00001d60    00000004                                   : exit.c.obj (.text:abort:abort)

.const     0    00001d64    000004d8     
                  00001d64    000002f8     grlib.a : fontfixed6x8.obj (.const:.string:g_pucFontFixed6x8Data)
                  0000205c    000000c8             : fontfixed6x8.obj (.const:g_sFontFixed6x8)
                  00002124    00000080     msp432p4xx_driverlib.lib : adc14.o (.const:_ctlRegs)
                  000021a4    00000030                              : gpio.o (.const:GPIO_PORT_TO_BASE)
                  000021d4    00000024     main.obj (.const:uartConfig)
                  000021f8    00000020     Crystalfontz128x128_ST7735.obj (.const:g_sCrystalfontz128x128_funcs)
                  00002218    0000001c     HAL_MSP_EXP432P401R_Crystalfontz128x128_ST7735.obj (.const:$P$T0$1)
                  00002234    00000008     Crystalfontz128x128_ST7735.obj (.const:$P$T0$1)

.cinit     0    00002240    00000048     
                  00002240    0000001d     (.cinit..data.load) [load image, compression = lzss]
                  0000225d    00000003     --HOLE-- [fill = 0]
                  00002260    0000000c     (__TI_handler_table)
                  0000226c    00000004     --HOLE-- [fill = 0]
                  00002270    00000008     (.cinit..bss.load) [load image, compression = zero_init]
                  00002278    00000010     (__TI_cinit_table)

.init_array 
*          0    00000000    00000000     UNINITIALIZED

.binit     0    00000000    00000000     

.bss       0    20000000    00004844     UNINITIALIZED
                  20000000    00004000     (.common:image)
                  20004000    00000400     grlib.a : image.obj (.bss:g_pulConvertedPalette)
                  20004400    00000400     (.common:pallet)
                  20004800    0000001c     (.common:g_sContext)
                  2000481c    00000010     (.common:bitmap)
                  2000482c    00000008     main.obj (.bss:resultsBuffer_ACC)
                  20004834    00000004     main.obj (.bss:resultsBuffer_JOY)
                  20004838    00000002     (.common:Lcd_ScreenHeigth)
                  2000483a    00000002     (.common:Lcd_ScreenWidth)
                  2000483c    00000002     (.common:Lcd_TouchTrim)
                  2000483e    00000001     (.common:Lcd_FlagRead)
                  2000483f    00000001     (.common:Lcd_FontSolid)
                  20004840    00000001     (.common:Lcd_Orientation)
                  20004841    00000001     (.common:Lcd_PenSolid)
                  20004842    00000001     (.common:ar_state)
                  20004843    00000001     (.common:btn_state)

.data      0    20004844    0000003e     UNINITIALIZED
                  20004844    00000028     main.obj (.data)
                  2000486c    00000010     Crystalfontz128x128_ST7735.obj (.data:g_sCrystalfontz128x128)
                  2000487c    00000006     main.obj (.data:codes)

.stack     0    2000fe00    00000200     UNINITIALIZED
                  2000fe00    00000004     rtsv7M4_T_le_v4SPD16_eabi.lib : boot_cortex_m.c.obj (.stack)
                  2000fe04    000001fc     --HOLE--

MODULE SUMMARY

       Module                                               code   ro data   rw data
       ------                                               ----   -------   -------
    ./
       main.obj                                             2272   36        35024  
       system_msp432p401r.obj                               120    0         0      
    +--+----------------------------------------------------+------+---------+---------+
       Total:                                               2392   36        35024  
                                                                                    
    ./LcdDriver/
       Crystalfontz128x128_ST7735.obj                       1670   40        52     
       HAL_MSP_EXP432P401R_Crystalfontz128x128_ST7735.obj   212    28        0      
    +--+----------------------------------------------------+------+---------+---------+
       Total:                                               1882   68        52     
                                                                                    
    ./ccs/
       startup_msp432p401r_ccs.obj                          14     228       0      
    +--+----------------------------------------------------+------+---------+---------+
       Total:                                               14     228       0      
                                                                                    
    /home/ariac/ti/ccs910/ccs/tools/compiler/ti-cgt-arm_18.12.3.LTS/lib/rtsv7M4_T_le_v4SPD16_eabi.lib
       memcpy_t2.asm.obj                                    156    0         0      
       memset_t2.asm.obj                                    122    0         0      
       copy_decompress_lzss.c.obj                           104    0         0      
       autoinit.c.obj                                       68     0         0      
       boot_cortex_m.c.obj                                  52     0         0      
       copy_decompress_none.c.obj                           14     0         0      
       copy_zero_init.c.obj                                 12     0         0      
       exit.c.obj                                           4      0         0      
       pre_init.c.obj                                       4      0         0      
    +--+----------------------------------------------------+------+---------+---------+
       Total:                                               536    0         0      
                                                                                    
    /home/ariac/ti/simplelink_msp432p4_sdk_3_20_00_06/source/ti/devices/msp432p4xx/driverlib/ccs/msp432p4xx_driverlib.lib
       adc14.o                                              380    128       0      
       gpio.o                                               416    48        0      
       spi.o                                                312    0         0      
       cs.o                                                 52     0         0      
    +--+----------------------------------------------------+------+---------+---------+
       Total:                                               1160   176       0      
                                                                                    
    /home/ariac/ti/simplelink_msp432p4_sdk_3_20_00_06/source/ti/grlib/lib/ccs/m4f/grlib.a
       image.obj                                            1020   0         2048   
       fontfixed6x8.obj                                     0      960       0      
       context.obj                                          156    0         0      
       display.obj                                          136    0         0      
    +--+----------------------------------------------------+------+---------+---------+
       Total:                                               1312   960       2048   
                                                                                    
       Stack:                                               0      0         1024   
       Linker Generated:                                    0      65        0      
    +--+----------------------------------------------------+------+---------+---------+
       Grand Total:                                         7296   1533      38148  


LINKER GENERATED COPY TABLES

__TI_cinit_table @ 00002278 records: 2, size/record: 8, table size: 16
	.data: load addr=00002240, load size=0000001d bytes, run addr=20004844, run size=0000003e bytes, compression=lzss
	.bss: load addr=00002270, load size=00000008 bytes, run addr=20000000, run size=00004844 bytes, compression=zero_init


LINKER GENERATED HANDLER TABLE

__TI_handler_table @ 00002260 records: 3, size/record: 4, table size: 12
	index: 0, handler: __TI_decompress_lzss
	index: 1, handler: __TI_decompress_none
	index: 2, handler: __TI_zero_init


GLOBAL SYMBOLS: SORTED ALPHABETICALLY BY Name 

address   name                                       
-------   ----                                       
000012f1  ADC14_IRQHandler                           
000012f1  ADC14_IRQHandler                           
00001c69  ADC14_getResult                            
000015d7  AES256_IRQHandler                          
000015d7  BusFault_Handler                           
00001d61  C$$EXIT                                    
000015d7  COMP_E0_IRQHandler                         
000015d7  COMP_E1_IRQHandler                         
000015d7  CS_IRQHandler                              
00001aa5  CS_setDCOCenteredFrequency                 
00001115  Crystalfontz128x128_Init                   
00000fe1  Crystalfontz128x128_SetDrawFrame           
0000183d  Crystalfontz128x128_SetOrientation         
000015d7  DMA_ERR_IRQHandler                         
000015d7  DMA_INT0_IRQHandler                        
000015d7  DMA_INT1_IRQHandler                        
000015d7  DMA_INT2_IRQHandler                        
000015d7  DMA_INT3_IRQHandler                        
000015d7  DebugMon_Handler                           
000015d7  Default_Handler                            
00000b09  EUSCIA0_IRQHandler                         
00000b09  EUSCIA0_IRQHandler                         
000015d7  EUSCIA1_IRQHandler                         
000015d7  EUSCIA2_IRQHandler                         
000015d7  EUSCIA3_IRQHandler                         
000015d7  EUSCIB0_IRQHandler                         
000015d7  EUSCIB1_IRQHandler                         
000015d7  EUSCIB2_IRQHandler                         
000015d7  EUSCIB3_IRQHandler                         
00001cd5  EUSCI_A_SPI_enable                         
00001ceb  EUSCI_B_SPI_enable                         
000015d7  FLCTL_IRQHandler                           
000015d7  FPU_IRQHandler                             
00001b0d  GPIO_getInputPinValue                      
000017e5  GPIO_setAsInputPinWithPullUpResistor       
000019ad  GPIO_setAsOutputPin                        
000014d5  GPIO_setAsPeripheralModuleFunctionOutputPin
00001c19  GPIO_setOutputHighOnPin                    
00001c41  GPIO_setOutputLowOnPin                     
000000e5  Graphics_drawImage                         
000018e3  Graphics_drawMultiplePixelsOnDisplay       
00001b99  Graphics_drawPixelOnDisplay                
00001891  Graphics_initContext                       
00001ca1  Graphics_setBackgroundColor                
00001cbb  Graphics_setFont                           
00001d01  Graphics_setForegroundColor                
00001d17  Graphics_translateColorOnDisplay           
00001b3d  HAL_LCD_PortInit                           
000019ed  HAL_LCD_SpiInit                            
00001a6d  HAL_LCD_writeCommand                       
00001bc5  HAL_LCD_writeData                          
000015d7  HardFault_Handler                          
2000483e  Lcd_FlagRead                               
2000483f  Lcd_FontSolid                              
20004840  Lcd_Orientation                            
20004841  Lcd_PenSolid                               
20004838  Lcd_ScreenHeigth                           
2000483a  Lcd_ScreenWidth                            
2000483c  Lcd_TouchTrim                              
000015d7  MemManage_Handler                          
000015d7  NMI_Handler                                
000015d7  PCM_IRQHandler                             
000015d7  PORT1_IRQHandler                           
000015d7  PORT2_IRQHandler                           
000015d7  PORT3_IRQHandler                           
000015d7  PORT4_IRQHandler                           
000015d7  PORT5_IRQHandler                           
000015d7  PORT6_IRQHandler                           
000015d7  PSS_IRQHandler                             
000015d7  PendSV_Handler                             
000015d7  RTC_C_IRQHandler                           
00001d3b  Reset_Handler                              
00001c85  SPI_enableModule                           
00001241  SPI_initMaster                             
000015d7  SVC_Handler                                
000015d7  SysTick_Handler                            
000015d9  SystemInit                                 
000015d7  T32_INT1_IRQHandler                        
000015d7  T32_INT2_IRQHandler                        
000015d7  T32_INTC_IRQHandler                        
000015d7  TA0_0_IRQHandler                           
000015d7  TA0_N_IRQHandler                           
000015d7  TA1_0_IRQHandler                           
000015d7  TA1_N_IRQHandler                           
000015d7  TA2_0_IRQHandler                           
000015d7  TA2_N_IRQHandler                           
000015d7  TA3_0_IRQHandler                           
000015d7  TA3_N_IRQHandler                           
00000741  TickFct_Arrow                              
00000cc9  TickFct_Button                             
000015d7  UsageFault_Handler                         
4000480c  WDTCTL_SYM                                 
000015d7  WDT_A_IRQHandler                           
20010000  __STACK_END                                
00000200  __STACK_SIZE                               
00002278  __TI_CINIT_Base                            
00002288  __TI_CINIT_Limit                           
00002260  __TI_Handler_Table_Base                    
0000226c  __TI_Handler_Table_Limit                   
00001929  __TI_auto_init_nobinit_nopinit             
000016bd  __TI_decompress_lzss                       
00001d2d  __TI_decompress_none                       
ffffffff  __TI_pprof_out_hndl                        
ffffffff  __TI_prof_data_size                        
ffffffff  __TI_prof_data_start                       
00000000  __TI_static_base__                         
00001d47  __TI_zero_init                             
0000155d  __aeabi_memclr                             
0000155d  __aeabi_memclr4                            
0000155d  __aeabi_memclr8                            
00001439  __aeabi_memcpy                             
00001439  __aeabi_memcpy4                            
00001439  __aeabi_memcpy8                            
0000155f  __aeabi_memset                             
0000155f  __aeabi_memset4                            
0000155f  __aeabi_memset8                            
ffffffff  __binit__                                  
ffffffff  __c_args__                                 
UNDEFED   __mpu_init                                 
2000fe00  __stack                                    
00001ad9  _c_int00_noargs                            
UNDEFED   _system_post_cinit                         
00001d5d  _system_pre_init                           
00001d61  abort                                      
20004842  ar_state                                   
ffffffff  binit                                      
2000481c  bitmap                                     
20004843  btn_state                                  
20004864  buttonstate                                
20004844  codeindex                                  
2000487c  codes                                      
20004860  delay                                      
20004868  done                                       
20004848  dummyflag                                  
20004800  g_sContext                                 
2000486c  g_sCrystalfontz128x128                     
000021f8  g_sCrystalfontz128x128_funcs               
0000205c  g_sFontFixed6x8                            
20000000  image                                      
20004858  imageOrpallet                              
20004854  imageindex                                 
2000484c  index                                      
00000000  interruptVectors                           
00000475  main                                       
00001439  memcpy                                     
00001565  memset                                     
20004400  pallet                                     
2000485c  palletData                                 
20004850  palletindex                                
000021d4  uartConfig                                 


GLOBAL SYMBOLS: SORTED BY Symbol Address 

address   name                                       
-------   ----                                       
00000000  __TI_static_base__                         
00000000  interruptVectors                           
000000e5  Graphics_drawImage                         
00000200  __STACK_SIZE                               
00000475  main                                       
00000741  TickFct_Arrow                              
00000b09  EUSCIA0_IRQHandler                         
00000b09  EUSCIA0_IRQHandler                         
00000cc9  TickFct_Button                             
00000fe1  Crystalfontz128x128_SetDrawFrame           
00001115  Crystalfontz128x128_Init                   
00001241  SPI_initMaster                             
000012f1  ADC14_IRQHandler                           
000012f1  ADC14_IRQHandler                           
00001439  __aeabi_memcpy                             
00001439  __aeabi_memcpy4                            
00001439  __aeabi_memcpy8                            
00001439  memcpy                                     
000014d5  GPIO_setAsPeripheralModuleFunctionOutputPin
0000155d  __aeabi_memclr                             
0000155d  __aeabi_memclr4                            
0000155d  __aeabi_memclr8                            
0000155f  __aeabi_memset                             
0000155f  __aeabi_memset4                            
0000155f  __aeabi_memset8                            
00001565  memset                                     
000015d7  AES256_IRQHandler                          
000015d7  BusFault_Handler                           
000015d7  COMP_E0_IRQHandler                         
000015d7  COMP_E1_IRQHandler                         
000015d7  CS_IRQHandler                              
000015d7  DMA_ERR_IRQHandler                         
000015d7  DMA_INT0_IRQHandler                        
000015d7  DMA_INT1_IRQHandler                        
000015d7  DMA_INT2_IRQHandler                        
000015d7  DMA_INT3_IRQHandler                        
000015d7  DebugMon_Handler                           
000015d7  Default_Handler                            
000015d7  EUSCIA1_IRQHandler                         
000015d7  EUSCIA2_IRQHandler                         
000015d7  EUSCIA3_IRQHandler                         
000015d7  EUSCIB0_IRQHandler                         
000015d7  EUSCIB1_IRQHandler                         
000015d7  EUSCIB2_IRQHandler                         
000015d7  EUSCIB3_IRQHandler                         
000015d7  FLCTL_IRQHandler                           
000015d7  FPU_IRQHandler                             
000015d7  HardFault_Handler                          
000015d7  MemManage_Handler                          
000015d7  NMI_Handler                                
000015d7  PCM_IRQHandler                             
000015d7  PORT1_IRQHandler                           
000015d7  PORT2_IRQHandler                           
000015d7  PORT3_IRQHandler                           
000015d7  PORT4_IRQHandler                           
000015d7  PORT5_IRQHandler                           
000015d7  PORT6_IRQHandler                           
000015d7  PSS_IRQHandler                             
000015d7  PendSV_Handler                             
000015d7  RTC_C_IRQHandler                           
000015d7  SVC_Handler                                
000015d7  SysTick_Handler                            
000015d7  T32_INT1_IRQHandler                        
000015d7  T32_INT2_IRQHandler                        
000015d7  T32_INTC_IRQHandler                        
000015d7  TA0_0_IRQHandler                           
000015d7  TA0_N_IRQHandler                           
000015d7  TA1_0_IRQHandler                           
000015d7  TA1_N_IRQHandler                           
000015d7  TA2_0_IRQHandler                           
000015d7  TA2_N_IRQHandler                           
000015d7  TA3_0_IRQHandler                           
000015d7  TA3_N_IRQHandler                           
000015d7  UsageFault_Handler                         
000015d7  WDT_A_IRQHandler                           
000015d9  SystemInit                                 
000016bd  __TI_decompress_lzss                       
000017e5  GPIO_setAsInputPinWithPullUpResistor       
0000183d  Crystalfontz128x128_SetOrientation         
00001891  Graphics_initContext                       
000018e3  Graphics_drawMultiplePixelsOnDisplay       
00001929  __TI_auto_init_nobinit_nopinit             
000019ad  GPIO_setAsOutputPin                        
000019ed  HAL_LCD_SpiInit                            
00001a6d  HAL_LCD_writeCommand                       
00001aa5  CS_setDCOCenteredFrequency                 
00001ad9  _c_int00_noargs                            
00001b0d  GPIO_getInputPinValue                      
00001b3d  HAL_LCD_PortInit                           
00001b99  Graphics_drawPixelOnDisplay                
00001bc5  HAL_LCD_writeData                          
00001c19  GPIO_setOutputHighOnPin                    
00001c41  GPIO_setOutputLowOnPin                     
00001c69  ADC14_getResult                            
00001c85  SPI_enableModule                           
00001ca1  Graphics_setBackgroundColor                
00001cbb  Graphics_setFont                           
00001cd5  EUSCI_A_SPI_enable                         
00001ceb  EUSCI_B_SPI_enable                         
00001d01  Graphics_setForegroundColor                
00001d17  Graphics_translateColorOnDisplay           
00001d2d  __TI_decompress_none                       
00001d3b  Reset_Handler                              
00001d47  __TI_zero_init                             
00001d5d  _system_pre_init                           
00001d61  C$$EXIT                                    
00001d61  abort                                      
0000205c  g_sFontFixed6x8                            
000021d4  uartConfig                                 
000021f8  g_sCrystalfontz128x128_funcs               
00002260  __TI_Handler_Table_Base                    
0000226c  __TI_Handler_Table_Limit                   
00002278  __TI_CINIT_Base                            
00002288  __TI_CINIT_Limit                           
20000000  image                                      
20004400  pallet                                     
20004800  g_sContext                                 
2000481c  bitmap                                     
20004838  Lcd_ScreenHeigth                           
2000483a  Lcd_ScreenWidth                            
2000483c  Lcd_TouchTrim                              
2000483e  Lcd_FlagRead                               
2000483f  Lcd_FontSolid                              
20004840  Lcd_Orientation                            
20004841  Lcd_PenSolid                               
20004842  ar_state                                   
20004843  btn_state                                  
20004844  codeindex                                  
20004848  dummyflag                                  
2000484c  index                                      
20004850  palletindex                                
20004854  imageindex                                 
20004858  imageOrpallet                              
2000485c  palletData                                 
20004860  delay                                      
20004864  buttonstate                                
20004868  done                                       
2000486c  g_sCrystalfontz128x128                     
2000487c  codes                                      
2000fe00  __stack                                    
20010000  __STACK_END                                
4000480c  WDTCTL_SYM                                 
ffffffff  __TI_pprof_out_hndl                        
ffffffff  __TI_prof_data_size                        
ffffffff  __TI_prof_data_start                       
ffffffff  __binit__                                  
ffffffff  __c_args__                                 
ffffffff  binit                                      
UNDEFED   __mpu_init                                 
UNDEFED   _system_post_cinit                         

[150 symbols]
