******************************************************************************
                  TI ARM Linker Unix v18.12.3                  
******************************************************************************
>> Linked Sun Oct 27 03:26:51 2019

OUTPUT FILE NAME:   <firmware.out>
ENTRY POINT SYMBOL: "_c_int00_noargs"  address: 00004311


MEMORY CONFIGURATION

         name            origin    length      used     unused   attr    fill
----------------------  --------  ---------  --------  --------  ----  --------
  MAIN                  00000000   00040000  00004e90  0003b170  R  X
  INFO                  00200000   00004000  00000000  00004000  R  X
  SRAM_CODE             01000000   00010000  00006210  00009df0  RW X
  SRAM_DATA             20000000   00010000  00006210  00009df0  RW  


SEGMENT ALLOCATION MAP

run origin  load origin   length   init length attrs members
----------  ----------- ---------- ----------- ----- -------
00000000    00000000    00004e90   00004e90    r-x
  00000000    00000000    000000e4   000000e4    r-- .intvecs
  000000e4    000000e4    0000472c   0000472c    r-x .text
  00004810    00004810    000005e0   000005e0    r-- .const
  00004df0    00004df0    000000a0   000000a0    r-- .cinit
20000000    20000000    00006014   00000000    rw-
  20000000    20000000    00005604   00000000    rw- .bss
  20005608    20005608    00000800   00000000    rw- .sysmem
  20005e08    20005e08    0000020c   00000000    rw- .data
2000fe00    2000fe00    00000200   00000000    rw-
  2000fe00    2000fe00    00000200   00000000    rw- .stack


SECTION ALLOCATION MAP

 output                                  attributes/
section   page    origin      length       input sections
--------  ----  ----------  ----------   ----------------
.intvecs   0    00000000    000000e4     
                  00000000    000000e4     startup_msp432p401r_ccs.obj (.intvecs:retain)

.text      0    000000e4    0000472c     
                  000000e4    00000a4e     rtsv7M4_T_le_v4SPD16_eabi.lib : _printfi.c.obj (.text:__TI_printfi)
                  00000b32    00000390     grlib.a : image.obj (.text:Graphics_drawImage)
                  00000ec2    00000002     startup_msp432p401r_ccs.obj (.text:Default_Handler)
                  00000ec4    00000270     rtsv7M4_T_le_v4SPD16_eabi.lib : _printfi.c.obj (.text:_pconv_a)
                  00001134    000001d8     Crystalfontz128x128_ST7735.obj (.text:Crystalfontz128x128_PixelDrawMultiple)
                  0000130c    000001d0     rtsv7M4_T_le_v4SPD16_eabi.lib : _printfi.c.obj (.text:_pconv_g)
                  000014dc    000001b6                                   : fd_add_t2.asm.obj (.text)
                  00001692    00000002                                   : _lock.c.obj (.text:_nop)
                  00001694    00000160     msp432p4xx_driverlib.lib : adc14.o (.text:_getIndexForMemRegister)
                  000017f4    0000013c     main.obj (.text:TickFct_Arrow)
                  00001930    0000013c     rtsv7M4_T_le_v4SPD16_eabi.lib : _printfi.c.obj (.text:_pconv_e)
                  00001a6c    0000013c     main.obj (.text:process_ReceivedData)
                  00001ba8    00000136     rtsv7M4_T_le_v4SPD16_eabi.lib : fd_div_t2.asm.obj (.text)
                  00001cde    00000002                                   : div0.asm.obj (.text)
                  00001ce0    00000134     Crystalfontz128x128_ST7735.obj (.text:Crystalfontz128x128_SetDrawFrame)
                  00001e14    0000012c     Crystalfontz128x128_ST7735.obj (.text:Crystalfontz128x128_Init)
                  00001f40    00000124     rtsv7M4_T_le_v4SPD16_eabi.lib : _printfi.c.obj (.text:fcvt)
                  00002064    0000011c     msp432p4xx_driverlib.lib : uart.o (.text:UART_initModule)
                  00002180    00000114     rtsv7M4_T_le_v4SPD16_eabi.lib : fputs.c.obj (.text:fputs)
                  00002294    00000110                                   : s_scalbn.c.obj (.text:scalbn)
                  000023a4    000000fe     main.obj (.text:TickFct_Button)
                  000024a2    000000fc     rtsv7M4_T_le_v4SPD16_eabi.lib : fd_mul_t2.asm.obj (.text)
                  0000259e    00000002     --HOLE-- [fill = 0]
                  000025a0    000000f4                                   : memory.c.obj (.text:aligned_alloc)
                  00002694    000000f0     msp432p4xx_driverlib.lib : dma.o (.text:DMA_setChannelTransfer)
                  00002784    000000ec     main.obj (.text:init_DMA)
                  00002870    000000e8     rtsv7M4_T_le_v4SPD16_eabi.lib : memory.c.obj (.text:free)
                  00002958    000000dc                                   : setvbuf.c.obj (.text:setvbuf)
                  00002a34    000000c8     main.obj (.text:DMA_INT1_IRQHandler)
                  00002afc    000000b4     msp432p4xx_driverlib.lib : adc14.o (.text:ADC14_configureConversionMemory)
                  00002bb0    000000b4                              : adc14.o (.text:ADC14_configureMultiSequenceMode)
                  00002c64    000000b1     rtsv7M4_T_le_v4SPD16_eabi.lib : _printfi.c.obj (.text:_ltostr)
                  00002d15    00000001     --HOLE-- [fill = 0]
                  00002d16    000000b0     msp432p4xx_driverlib.lib : spi.o (.text:SPI_initMaster)
                  00002dc6    00000002     --HOLE-- [fill = 0]
                  00002dc8    000000b0     main.obj (.text:init_ADC)
                  00002e78    0000009c     Crystalfontz128x128_ST7735.obj (.text:Crystalfontz128x128_RectFill)
                  00002f14    0000009c     rtsv7M4_T_le_v4SPD16_eabi.lib : memcpy_t2.asm.obj (.text)
                  00002fb0    00000096                                   : ull_div_t2.asm.obj (.text)
                  00003046    00000002     --HOLE-- [fill = 0]
                  00003048    0000008c     main.obj (.text:ADC14_IRQHandler)
                  000030d4    0000008c     rtsv7M4_T_le_v4SPD16_eabi.lib : fputc.c.obj (.text:fputc)
                  00003160    00000088     msp432p4xx_driverlib.lib : gpio.o (.text:GPIO_setAsPeripheralModuleFunctionOutputPin)
                  000031e8    00000088     main.obj (.text:init_CLOCK)
                  00003270    00000088     main.obj (.text:init_LCD)
                  000032f8    00000086     rtsv7M4_T_le_v4SPD16_eabi.lib : fd_cmp_t2.asm.obj (.text:__aeabi_cdcmple)
                  0000337e    00000086                                   : fd_cmp_t2.asm.obj (.text:__aeabi_cdrcmple)
                  00003404    0000007c                                   : memory.c.obj (.text:split)
                  00003480    0000007a                                   : memset_t2.asm.obj (.text)
                  000034fa    00000002     --HOLE-- [fill = 0]
                  000034fc    00000078     system_msp432p401r.obj (.text:SystemInit)
                  00003574    00000074     rtsv7M4_T_le_v4SPD16_eabi.lib : fclose.c.obj (.text:__TI_closefile)
                  000035e8    0000006e                                   : _printfi.c.obj (.text:_mcpy)
                  00003656    00000002     --HOLE-- [fill = 0]
                  00003658    0000006c     grlib.a : image.obj (.text:Graphics_convertPalette)
                  000036c4    0000006c     rtsv7M4_T_le_v4SPD16_eabi.lib : hostrename.c.obj (.text:HOSTrename)
                  00003730    00000068                                   : hostlseek.c.obj (.text:HOSTlseek)
                  00003798    00000068                                   : copy_decompress_lzss.c.obj (.text:decompress:lzss:__TI_decompress_lzss)
                  00003800    00000068                                   : printf.c.obj (.text:printf)
                  00003868    00000064                                   : s_frexp.c.obj (.text:frexp)
                  000038cc    00000064                                   : fseek.c.obj (.text:fseek)
                  00003930    00000062                                   : _io_perm.c.obj (.text:__TI_wrt_ok)
                  00003992    00000060     Crystalfontz128x128_ST7735.obj (.text:Crystalfontz128x128_LineDrawH)
                  000039f2    00000060     Crystalfontz128x128_ST7735.obj (.text:Crystalfontz128x128_LineDrawV)
                  00003a52    00000002     --HOLE-- [fill = 0]
                  00003a54    00000060     rtsv7M4_T_le_v4SPD16_eabi.lib : hostopen.c.obj (.text:HOSTopen)
                  00003ab4    0000005c                                   : close.c.obj (.text:close)
                  00003b10    00000058     msp432p4xx_driverlib.lib : gpio.o (.text:GPIO_setAsInputPinWithPullUpResistor)
                  00003b68    00000058     rtsv7M4_T_le_v4SPD16_eabi.lib : hostread.c.obj (.text:HOSTread)
                  00003bc0    00000058                                   : hostwrite.c.obj (.text:HOSTwrite)
                  00003c18    00000056                                   : _printfi.c.obj (.text:_pconv_f)
                  00003c6e    00000002     --HOLE-- [fill = 0]
                  00003c70    00000054     Crystalfontz128x128_ST7735.obj (.text:Crystalfontz128x128_SetOrientation)
                  00003cc4    00000054     rtsv7M4_T_le_v4SPD16_eabi.lib : ltoa.c.obj (.text:ltoa)
                  00003d18    00000052     grlib.a : context.obj (.text:Graphics_initContext)
                  00003d6a    00000052     rtsv7M4_T_le_v4SPD16_eabi.lib : _printfi.c.obj (.text:_ecpy)
                  00003dbc    0000004c                                   : fflush.c.obj (.text:__TI_doflush)
                  00003e08    0000004c                                   : atoi.c.obj (.text:atoi)
                  00003e54    0000004c     main.obj (.text:main)
                  00003ea0    00000048     rtsv7M4_T_le_v4SPD16_eabi.lib : exit.c.obj (.text:exit)
                  00003ee8    00000048                                   : fd_toi_t2.asm.obj (.text)
                  00003f30    00000046     grlib.a : display.obj (.text:Graphics_drawMultiplePixelsOnDisplay)
                  00003f76    00000002     --HOLE-- [fill = 0]
                  00003f78    00000044     rtsv7M4_T_le_v4SPD16_eabi.lib : hostclose.c.obj (.text:HOSTclose)
                  00003fbc    00000044                                   : hostunlink.c.obj (.text:HOSTunlink)
                  00004000    00000044                                   : autoinit.c.obj (.text:__TI_auto_init_nobinit_nopinit:__TI_auto_init_nobinit_nopinit)
                  00004044    00000044                                   : getdevice.c.obj (.text:getdevice)
                  00004088    00000040     Crystalfontz128x128_ST7735.obj (.text:Crystalfontz128x128_PixelDraw)
                  000040c8    00000040     msp432p4xx_driverlib.lib : gpio.o (.text:GPIO_setAsOutputPin)
                  00004108    00000040     HAL_MSP_EXP432P401R_Crystalfontz128x128_ST7735.obj (.text:HAL_LCD_SpiInit)
                  00004148    00000040     msp432p4xx_driverlib.lib : spi.o (.text:is_A_Module)
                  00004188    0000003e     rtsv7M4_T_le_v4SPD16_eabi.lib : _printfi.c.obj (.text:_fcpy)
                  000041c6    00000002     --HOLE-- [fill = 0]
                  000041c8    00000038     HAL_MSP_EXP432P401R_Crystalfontz128x128_ST7735.obj (.text:HAL_LCD_writeCommand)
                  00004200    00000038     rtsv7M4_T_le_v4SPD16_eabi.lib : trgmsg.c.obj (.text:__TI_writemsg)
                  00004238    00000038     main.obj (.text:init_UART)
                  00004270    00000036     rtsv7M4_T_le_v4SPD16_eabi.lib : strncpy.c.obj (.text:strncpy)
                  000042a6    00000002     --HOLE-- [fill = 0]
                  000042a8    00000034                                   : fopen.c.obj (.text:__TI_cleanup)
                  000042dc    00000034                                   : trgmsg.c.obj (.text:__TI_readmsg)
                  00004310    00000034                                   : boot_cortex_m.c.obj (.text:_c_int00_noargs:_c_int00_noargs)
                  00004344    00000030     msp432p4xx_driverlib.lib : gpio.o (.text:GPIO_getInputPinValue)
                  00004374    00000030     HAL_MSP_EXP432P401R_Crystalfontz128x128_ST7735.obj (.text:HAL_LCD_PortInit)
                  000043a4    00000030     rtsv7M4_T_le_v4SPD16_eabi.lib : getdevice.c.obj (.text:finddevice)
                  000043d4    0000002e                                   : i_tofd_t2.asm.obj (.text)
                  00004402    00000002     --HOLE-- [fill = 0]
                  00004404    0000002c     Crystalfontz128x128_ST7735.obj (.text:Crystalfontz128x128_ClearScreen)
                  00004430    0000002c     grlib.a : display.obj (.text:Graphics_drawPixelOnDisplay)
                  0000445c    0000002c     HAL_MSP_EXP432P401R_Crystalfontz128x128_ST7735.obj (.text:HAL_LCD_writeData)
                  00004488    0000002c     main.obj (.text:send_Command)
                  000044b4    0000002c     rtsv7M4_T_le_v4SPD16_eabi.lib : unlink.c.obj (.text:unlink)
                  000044e0    00000028     msp432p4xx_driverlib.lib : adc14.o (.text:ADC14_getResult)
                  00004508    00000028     Crystalfontz128x128_ST7735.obj (.text:Crystalfontz128x128_ColorTranslate)
                  00004530    00000028     msp432p4xx_driverlib.lib : gpio.o (.text:GPIO_setOutputHighOnPin)
                  00004558    00000028                              : gpio.o (.text:GPIO_setOutputLowOnPin)
                  00004580    00000028     rtsv7M4_T_le_v4SPD16_eabi.lib : memory.c.obj (.text:free_list_insert)
                  000045a8    00000028                                   : lseek.c.obj (.text:lseek)
                  000045d0    00000028                                   : write.c.obj (.text:write)
                  000045f8    00000020                                   : memchr.c.obj (.text:memchr)
                  00004618    0000001c     msp432p4xx_driverlib.lib : spi.o (.text:SPI_enableModule)
                  00004634    0000001c     rtsv7M4_T_le_v4SPD16_eabi.lib : memory.c.obj (.text:free_list_remove)
                  00004650    0000001c     main.obj (.text:init_GPIO)
                  0000466c    0000001c     rtsv7M4_T_le_v4SPD16_eabi.lib : memccpy.c.obj (.text:memccpy)
                  00004688    0000001a     grlib.a : context.obj (.text:Graphics_setBackgroundColor)
                  000046a2    0000001a             : context.obj (.text:Graphics_setFont)
                  000046bc    0000001a     rtsv7M4_T_le_v4SPD16_eabi.lib : s_copysign.c.obj (.text:copysign)
                  000046d6    00000002     --HOLE-- [fill = 0]
                  000046d8    00000018     main.obj (.text:init_SM)
                  000046f0    00000018     rtsv7M4_T_le_v4SPD16_eabi.lib : strcmp.c.obj (.text:strcmp)
                  00004708    00000016     msp432p4xx_driverlib.lib : spi.o (.text:EUSCI_A_SPI_enable)
                  0000471e    00000016                              : spi.o (.text:EUSCI_B_SPI_enable)
                  00004734    00000016     grlib.a : context.obj (.text:Graphics_setForegroundColor)
                  0000474a    00000016             : display.obj (.text:Graphics_translateColorOnDisplay)
                  00004760    00000016     rtsv7M4_T_le_v4SPD16_eabi.lib : strchr.c.obj (.text:strchr)
                  00004776    00000014                                   : strcpy.c.obj (.text:strcpy)
                  0000478a    00000014                                   : strlen.c.obj (.text:strlen)
                  0000479e    00000012                                   : wcslen.c.obj (.text:wcslen)
                  000047b0    00000010     msp432p4xx_driverlib.lib : adc14.o (.text:ADCIsConversionRunning)
                  000047c0    0000000e     rtsv7M4_T_le_v4SPD16_eabi.lib : copy_decompress_none.c.obj (.text:decompress:none:__TI_decompress_none)
                  000047ce    0000000c     startup_msp432p401r_ccs.obj (.text:Reset_Handler)
                  000047da    0000000c     rtsv7M4_T_le_v4SPD16_eabi.lib : copy_zero_init.c.obj (.text:decompress:ZI:__TI_zero_init)
                  000047e6    0000000a     Crystalfontz128x128_ST7735.obj (.text:Crystalfontz128x128_Flush)
                  000047f0    00000008     rtsv7M4_T_le_v4SPD16_eabi.lib : errno.c.obj (.text:__aeabi_errno_addr)
                  000047f8    00000008                                   : memory.c.obj (.text:malloc)
                  00004800    00000004                                   : printf.c.obj (.text:_outc)
                  00004804    00000004                                   : printf.c.obj (.text:_outs)
                  00004808    00000004                                   : pre_init.c.obj (.text:_system_pre_init)
                  0000480c    00000004                                   : exit.c.obj (.text:abort:abort)

.const     0    00004810    000005e0     
                  00004810    000002f8     grlib.a : fontfixed6x8.obj (.const:.string:g_pucFontFixed6x8Data)
                  00004b08    00000101     rtsv7M4_T_le_v4SPD16_eabi.lib : ctype.c.obj (.const:.string:_ctypes_)
                  00004c09    00000003     --HOLE-- [fill = 0]
                  00004c0c    000000c8     grlib.a : fontfixed6x8.obj (.const:g_sFontFixed6x8)
                  00004cd4    00000080     msp432p4xx_driverlib.lib : adc14.o (.const:_ctlRegs)
                  00004d54    00000030                              : gpio.o (.const:GPIO_PORT_TO_BASE)
                  00004d84    00000028     main.obj (.const:uartConfig)
                  00004dac    00000020     Crystalfontz128x128_ST7735.obj (.const:g_sCrystalfontz128x128_funcs)
                  00004dcc    0000001c     HAL_MSP_EXP432P401R_Crystalfontz128x128_ST7735.obj (.const:$P$T0$1)
                  00004de8    00000008     Crystalfontz128x128_ST7735.obj (.const:$P$T0$1)

.cinit     0    00004df0    000000a0     
                  00004df0    00000076     (.cinit..data.load) [load image, compression = lzss]
                  00004e66    00000002     --HOLE-- [fill = 0]
                  00004e68    0000000c     (__TI_handler_table)
                  00004e74    00000004     --HOLE-- [fill = 0]
                  00004e78    00000008     (.cinit..bss.load) [load image, compression = zero_init]
                  00004e80    00000010     (__TI_cinit_table)

.init_array 
*          0    00000000    00000000     UNINITIALIZED

.binit     0    00000000    00000000     

.bss       0    20000000    00005604     UNINITIALIZED
                  20000000    00004000     (.common:image)
                  20004000    00000400     grlib.a : image.obj (.bss:g_pulConvertedPalette)
                  20004400    00000400     (.common:RXData_ping)
                  20004800    00000400     (.common:RXData_pong)
                  20004c00    00000400     (.common:pallet)
                  20005000    00000400     (.common:controlTable)
                  20005400    00000120     rtsv7M4_T_le_v4SPD16_eabi.lib : trgmsg.c.obj (.bss:_CIOBUF_)
                  20005520    000000a0     (.common:__TI_tmpnams)
                  200055c0    0000001c     (.common:g_sContext)
                  200055dc    00000010     (.common:bitmap)
                  200055ec    00000008     (.common:parmbuf)
                  200055f4    00000004     main.obj (.bss:resultsBuffer_JOY)
                  200055f8    00000002     (.common:Lcd_ScreenHeigth)
                  200055fa    00000002     (.common:Lcd_ScreenWidth)
                  200055fc    00000002     (.common:Lcd_TouchTrim)
                  200055fe    00000001     (.common:Lcd_FlagRead)
                  200055ff    00000001     (.common:Lcd_FontSolid)
                  20005600    00000001     (.common:Lcd_Orientation)
                  20005601    00000001     (.common:Lcd_PenSolid)
                  20005602    00000001     (.common:ar_state)
                  20005603    00000001     (.common:btn_state)

.sysmem    0    20005608    00000800     UNINITIALIZED
                  20005608    00000010     rtsv7M4_T_le_v4SPD16_eabi.lib : memory.c.obj (.sysmem)
                  20005618    000007f0     --HOLE--

.data      0    20005e08    0000020c     UNINITIALIZED
                  20005e08    000000f0     rtsv7M4_T_le_v4SPD16_eabi.lib : defs.c.obj (.data:_ftable)
                  20005ef8    00000078                                   : host_device.c.obj (.data:_device)
                  20005f70    00000050                                   : host_device.c.obj (.data:_stream)
                  20005fc0    00000014     main.obj (.data)
                  20005fd4    00000010     Crystalfontz128x128_ST7735.obj (.data:g_sCrystalfontz128x128)
                  20005fe4    00000010     rtsv7M4_T_le_v4SPD16_eabi.lib : defs.c.obj (.data)
                  20005ff4    0000000c                                   : exit.c.obj (.data:$O1$$)
                  20006000    00000008                                   : _lock.c.obj (.data:$O1$$)
                  20006008    00000008                                   : memory.c.obj (.data:$O1$$)
                  20006010    00000004                                   : errno.c.obj (.data)

.stack     0    2000fe00    00000200     UNINITIALIZED
                  2000fe00    00000004     rtsv7M4_T_le_v4SPD16_eabi.lib : boot_cortex_m.c.obj (.stack)
                  2000fe04    000001fc     --HOLE--

MODULE SUMMARY

       Module                                               code    ro data   rw data
       ------                                               ----    -------   -------
    ./
       main.obj                                             2138    40        41100  
       system_msp432p401r.obj                               120     0         0      
    +--+----------------------------------------------------+-------+---------+---------+
       Total:                                               2258    40        41100  
                                                                                     
    ./LcdDriver/
       Crystalfontz128x128_ST7735.obj                       1670    40        52     
       HAL_MSP_EXP432P401R_Crystalfontz128x128_ST7735.obj   212     28        0      
    +--+----------------------------------------------------+-------+---------+---------+
       Total:                                               1882    68        52     
                                                                                     
    ./ccs/
       startup_msp432p401r_ccs.obj                          14      228       0      
    +--+----------------------------------------------------+-------+---------+---------+
       Total:                                               14      228       0      
                                                                                     
    /Applications/ti/ccs920/ccs/tools/compiler/ti-cgt-arm_18.12.3.LTS/lib/rtsv7M4_T_le_v4SPD16_eabi.lib
       _printfi.c.obj                                       4851    0         0      
       defs.c.obj                                           0       0         832    
       memory.c.obj                                         676     0         16     
       trgmsg.c.obj                                         108     0         576    
       fd_add_t2.asm.obj                                    438     0         0      
       host_device.c.obj                                    0       0         400    
       fd_div_t2.asm.obj                                    310     0         0      
       fputs.c.obj                                          276     0         0      
       s_scalbn.c.obj                                       272     0         0      
       fd_cmp_t2.asm.obj                                    268     0         0      
       ctype.c.obj                                          0       257       0      
       fd_mul_t2.asm.obj                                    252     0         0      
       setvbuf.c.obj                                        220     0         0      
       memcpy_t2.asm.obj                                    156     0         0      
       ull_div_t2.asm.obj                                   150     0         0      
       fputc.c.obj                                          140     0         0      
       memset_t2.asm.obj                                    122     0         0      
       fclose.c.obj                                         116     0         0      
       getdevice.c.obj                                      116     0         0      
       hostopen.c.obj                                       96      0         16     
       printf.c.obj                                         112     0         0      
       hostrename.c.obj                                     108     0         0      
       copy_decompress_lzss.c.obj                           104     0         0      
       hostlseek.c.obj                                      104     0         0      
       exit.c.obj                                           76      0         24     
       fseek.c.obj                                          100     0         0      
       s_frexp.c.obj                                        100     0         0      
       _io_perm.c.obj                                       98      0         0      
       close.c.obj                                          92      0         0      
       hostread.c.obj                                       88      0         0      
       hostwrite.c.obj                                      88      0         0      
       ltoa.c.obj                                           84      0         0      
       atoi.c.obj                                           76      0         0      
       fflush.c.obj                                         76      0         0      
       fd_toi_t2.asm.obj                                    72      0         0      
       autoinit.c.obj                                       68      0         0      
       hostclose.c.obj                                      68      0         0      
       hostunlink.c.obj                                     68      0         0      
       strncpy.c.obj                                        54      0         0      
       boot_cortex_m.c.obj                                  52      0         0      
       fopen.c.obj                                          52      0         0      
       i_tofd_t2.asm.obj                                    46      0         0      
       unlink.c.obj                                         44      0         0      
       lseek.c.obj                                          40      0         0      
       write.c.obj                                          40      0         0      
       memchr.c.obj                                         32      0         0      
       memccpy.c.obj                                        28      0         0      
       s_copysign.c.obj                                     26      0         0      
       strcmp.c.obj                                         24      0         0      
       strchr.c.obj                                         22      0         0      
       strcpy.c.obj                                         20      0         0      
       strlen.c.obj                                         20      0         0      
       _lock.c.obj                                          2       0         16     
       wcslen.c.obj                                         18      0         0      
       errno.c.obj                                          8       0         8      
       copy_decompress_none.c.obj                           14      0         0      
       copy_zero_init.c.obj                                 12      0         0      
       pre_init.c.obj                                       4       0         0      
       div0.asm.obj                                         2       0         0      
    +--+----------------------------------------------------+-------+---------+---------+
       Total:                                               10709   257       1888   
                                                                                     
    /Users/mrinmoysarkar/ti/simplelink_msp432p4_sdk_3_30_00_13/source/ti/devices/msp432p4xx/driverlib/ccs/msp432p4xx_driverlib.lib
       adc14.o                                              768     128       0      
       gpio.o                                               416     48        0      
       spi.o                                                312     0         0      
       uart.o                                               284     0         0      
       dma.o                                                240     0         0      
    +--+----------------------------------------------------+-------+---------+---------+
       Total:                                               2020    176       0      
                                                                                     
    /Users/mrinmoysarkar/ti/simplelink_msp432p4_sdk_3_30_00_13/source/ti/grlib/lib/ccs/m4f/grlib.a
       image.obj                                            1020    0         2048   
       fontfixed6x8.obj                                     0       960       0      
       context.obj                                          156     0         0      
       display.obj                                          136     0         0      
    +--+----------------------------------------------------+-------+---------+---------+
       Total:                                               1312    960       2048   
                                                                                     
       Heap:                                                0       0         4096   
       Stack:                                               0       0         1024   
       Linker Generated:                                    0       154       0      
    +--+----------------------------------------------------+-------+---------+---------+
       Grand Total:                                         18195   1883      50208  


LINKER GENERATED COPY TABLES

__TI_cinit_table @ 00004e80 records: 2, size/record: 8, table size: 16
	.data: load addr=00004df0, load size=00000076 bytes, run addr=20005e08, run size=0000020c bytes, compression=lzss
	.bss: load addr=00004e78, load size=00000008 bytes, run addr=20000000, run size=00005604 bytes, compression=zero_init


LINKER GENERATED HANDLER TABLE

__TI_handler_table @ 00004e68 records: 3, size/record: 4, table size: 12
	index: 0, handler: __TI_decompress_lzss
	index: 1, handler: __TI_decompress_none
	index: 2, handler: __TI_zero_init


GLOBAL SYMBOLS: SORTED ALPHABETICALLY BY Name 

address   name                                       
-------   ----                                       
00003049  ADC14_IRQHandler                           
00003049  ADC14_IRQHandler                           
00002afd  ADC14_configureConversionMemory            
00002bb1  ADC14_configureMultiSequenceMode           
000044e1  ADC14_getResult                            
00000ec3  AES256_IRQHandler                          
00000ec3  BusFault_Handler                           
0000480d  C$$EXIT                                    
0000422f  C$$IO$$                                    
00000ec3  COMP_E0_IRQHandler                         
00000ec3  COMP_E1_IRQHandler                         
00000ec3  CS_IRQHandler                              
00001e15  Crystalfontz128x128_Init                   
00001ce1  Crystalfontz128x128_SetDrawFrame           
00003c71  Crystalfontz128x128_SetOrientation         
00000ec3  DMA_ERR_IRQHandler                         
00000ec3  DMA_INT0_IRQHandler                        
00002a35  DMA_INT1_IRQHandler                        
00002a35  DMA_INT1_IRQHandler                        
00000ec3  DMA_INT2_IRQHandler                        
00000ec3  DMA_INT3_IRQHandler                        
00002695  DMA_setChannelTransfer                     
00000ec3  DebugMon_Handler                           
00000ec3  Default_Handler                            
00000ec3  EUSCIA0_IRQHandler                         
00000ec3  EUSCIA1_IRQHandler                         
00000ec3  EUSCIA2_IRQHandler                         
00000ec3  EUSCIA3_IRQHandler                         
00000ec3  EUSCIB0_IRQHandler                         
00000ec3  EUSCIB1_IRQHandler                         
00000ec3  EUSCIB2_IRQHandler                         
00000ec3  EUSCIB3_IRQHandler                         
00004709  EUSCI_A_SPI_enable                         
0000471f  EUSCI_B_SPI_enable                         
00000ec3  FLCTL_IRQHandler                           
00000ec3  FPU_IRQHandler                             
00004345  GPIO_getInputPinValue                      
00003b11  GPIO_setAsInputPinWithPullUpResistor       
000040c9  GPIO_setAsOutputPin                        
00003161  GPIO_setAsPeripheralModuleFunctionOutputPin
00004531  GPIO_setOutputHighOnPin                    
00004559  GPIO_setOutputLowOnPin                     
00000b33  Graphics_drawImage                         
00003f31  Graphics_drawMultiplePixelsOnDisplay       
00004431  Graphics_drawPixelOnDisplay                
00003d19  Graphics_initContext                       
00004689  Graphics_setBackgroundColor                
000046a3  Graphics_setFont                           
00004735  Graphics_setForegroundColor                
0000474b  Graphics_translateColorOnDisplay           
00004375  HAL_LCD_PortInit                           
00004109  HAL_LCD_SpiInit                            
000041c9  HAL_LCD_writeCommand                       
0000445d  HAL_LCD_writeData                          
00003f79  HOSTclose                                  
00003731  HOSTlseek                                  
00003a55  HOSTopen                                   
00003b69  HOSTread                                   
000036c5  HOSTrename                                 
00003fbd  HOSTunlink                                 
00003bc1  HOSTwrite                                  
00000ec3  HardFault_Handler                          
200055fe  Lcd_FlagRead                               
200055ff  Lcd_FontSolid                              
20005600  Lcd_Orientation                            
20005601  Lcd_PenSolid                               
200055f8  Lcd_ScreenHeigth                           
200055fa  Lcd_ScreenWidth                            
200055fc  Lcd_TouchTrim                              
00000ec3  MemManage_Handler                          
00000ec3  NMI_Handler                                
00000ec3  PCM_IRQHandler                             
00000ec3  PORT1_IRQHandler                           
00000ec3  PORT2_IRQHandler                           
00000ec3  PORT3_IRQHandler                           
00000ec3  PORT4_IRQHandler                           
00000ec3  PORT5_IRQHandler                           
00000ec3  PORT6_IRQHandler                           
00000ec3  PSS_IRQHandler                             
00000ec3  PendSV_Handler                             
00000ec3  RTC_C_IRQHandler                           
20004400  RXData_ping                                
20004800  RXData_pong                                
000047cf  Reset_Handler                              
00004619  SPI_enableModule                           
00002d17  SPI_initMaster                             
00000ec3  SVC_Handler                                
00000ec3  SysTick_Handler                            
000034fd  SystemInit                                 
00000ec3  T32_INT1_IRQHandler                        
00000ec3  T32_INT2_IRQHandler                        
00000ec3  T32_INTC_IRQHandler                        
00000ec3  TA0_0_IRQHandler                           
00000ec3  TA0_N_IRQHandler                           
00000ec3  TA1_0_IRQHandler                           
00000ec3  TA1_N_IRQHandler                           
00000ec3  TA2_0_IRQHandler                           
00000ec3  TA2_N_IRQHandler                           
00000ec3  TA3_0_IRQHandler                           
00000ec3  TA3_N_IRQHandler                           
000017f5  TickFct_Arrow                              
000023a5  TickFct_Button                             
00002065  UART_initModule                            
00000ec3  UsageFault_Handler                         
4000480c  WDTCTL_SYM                                 
00000ec3  WDT_A_IRQHandler                           
20005400  __CIOBUF_                                  
20010000  __STACK_END                                
00000200  __STACK_SIZE                               
00000800  __SYSMEM_SIZE                              
00004e80  __TI_CINIT_Base                            
00004e90  __TI_CINIT_Limit                           
00004e68  __TI_Handler_Table_Base                    
00004e74  __TI_Handler_Table_Limit                   
00004001  __TI_auto_init_nobinit_nopinit             
000042a9  __TI_cleanup                               
20005ff4  __TI_cleanup_ptr                           
00003575  __TI_closefile                             
00003799  __TI_decompress_lzss                       
000047c1  __TI_decompress_none                       
00003dbd  __TI_doflush                               
20005ff8  __TI_dtors_ptr                             
20005ffc  __TI_enable_exit_profile_output            
20005fe4  __TI_ft_end                                
ffffffff  __TI_pprof_out_hndl                        
000000e5  __TI_printfi                               
ffffffff  __TI_prof_data_size                        
ffffffff  __TI_prof_data_start                       
000042dd  __TI_readmsg                               
00000000  __TI_static_base__                         
20005520  __TI_tmpnams                               
00004201  __TI_writemsg                              
00003931  __TI_wrt_ok                                
000047db  __TI_zero_init                             
000032f9  __aeabi_cdcmpeq                            
000032f9  __aeabi_cdcmple                            
0000337f  __aeabi_cdrcmple                           
00003ee9  __aeabi_d2iz                               
000014e7  __aeabi_dadd                               
00001ba9  __aeabi_ddiv                               
000024a3  __aeabi_dmul                               
000014dd  __aeabi_dsub                               
000047f1  __aeabi_errno_addr                         
000043d5  __aeabi_i2d                                
00001cdf  __aeabi_idiv0                              
00001cdf  __aeabi_ldiv0                              
00003481  __aeabi_memclr                             
00003481  __aeabi_memclr4                            
00003481  __aeabi_memclr8                            
00002f15  __aeabi_memcpy                             
00002f15  __aeabi_memcpy4                            
00002f15  __aeabi_memcpy8                            
00003483  __aeabi_memset                             
00003483  __aeabi_memset4                            
00003483  __aeabi_memset8                            
20005ff0  __aeabi_stderr                             
20005fe8  __aeabi_stdin                              
20005fec  __aeabi_stdout                             
00002fb1  __aeabi_uldivmod                           
ffffffff  __binit__                                  
ffffffff  __c_args__                                 
UNDEFED   __mpu_init                                 
2000fe00  __stack                                    
00004311  _c_int00_noargs                            
00004b08  _ctypes_                                   
20005ef8  _device                                    
20005e08  _ftable                                    
20006000  _lock                                      
00001693  _nop                                       
20005f70  _stream                                    
20005608  _sys_memory                                
UNDEFED   _system_post_cinit                         
00004809  _system_pre_init                           
20006004  _unlock                                    
0000480d  abort                                      
000025a1  aligned_alloc                              
20005602  ar_state                                   
00003e09  atoi                                       
ffffffff  binit                                      
200055dc  bitmap                                     
20005603  btn_state                                  
00003ab5  close                                      
20005000  controlTable                               
000046bd  copysign                                   
000046bd  copysignl                                  
20005fc0  count                                      
20005fd0  done                                       
20006010  errno                                      
00003ea1  exit                                       
000043a5  finddevice                                 
000030d5  fputc                                      
00002181  fputs                                      
00002871  free                                       
00003869  frexp                                      
00003869  frexpl                                     
000038cd  fseek                                      
200055c0  g_sContext                                 
20005fd4  g_sCrystalfontz128x128                     
00004dac  g_sCrystalfontz128x128_funcs               
00004c0c  g_sFontFixed6x8                            
00004045  getdevice                                  
20000000  image                                      
20005fc8  imageindex                                 
00002dc9  init_ADC                                   
000031e9  init_CLOCK                                 
00002785  init_DMA                                   
00004651  init_GPIO                                  
00003271  init_LCD                                   
000046d9  init_SM                                    
00004239  init_UART                                  
00000000  interruptVectors                           
00002295  ldexp                                      
00002295  ldexpl                                     
000045a9  lseek                                      
00003cc5  ltoa                                       
00003e55  main                                       
000047f9  malloc                                     
000025a1  memalign                                   
0000466d  memccpy                                    
000045f9  memchr                                     
00002f15  memcpy                                     
00003489  memset                                     
20004c00  pallet                                     
20005fc4  palletindex                                
200055ec  parmbuf                                    
00003801  printf                                     
00001a6d  process_ReceivedData                       
000030d5  putc                                       
000044b5  remove                                     
00002295  scalbn                                     
00002295  scalbnl                                    
00004489  send_Command                               
20005fcc  sendsync                                   
00002959  setvbuf                                    
00004761  strchr                                     
000046f1  strcmp                                     
00004777  strcpy                                     
0000478b  strlen                                     
00004271  strncpy                                    
00004d84  uartConfig                                 
000044b5  unlink                                     
0000479f  wcslen                                     
000045d1  write                                      


GLOBAL SYMBOLS: SORTED BY Symbol Address 

address   name                                       
-------   ----                                       
00000000  __TI_static_base__                         
00000000  interruptVectors                           
000000e5  __TI_printfi                               
00000200  __STACK_SIZE                               
00000800  __SYSMEM_SIZE                              
00000b33  Graphics_drawImage                         
00000ec3  AES256_IRQHandler                          
00000ec3  BusFault_Handler                           
00000ec3  COMP_E0_IRQHandler                         
00000ec3  COMP_E1_IRQHandler                         
00000ec3  CS_IRQHandler                              
00000ec3  DMA_ERR_IRQHandler                         
00000ec3  DMA_INT0_IRQHandler                        
00000ec3  DMA_INT2_IRQHandler                        
00000ec3  DMA_INT3_IRQHandler                        
00000ec3  DebugMon_Handler                           
00000ec3  Default_Handler                            
00000ec3  EUSCIA0_IRQHandler                         
00000ec3  EUSCIA1_IRQHandler                         
00000ec3  EUSCIA2_IRQHandler                         
00000ec3  EUSCIA3_IRQHandler                         
00000ec3  EUSCIB0_IRQHandler                         
00000ec3  EUSCIB1_IRQHandler                         
00000ec3  EUSCIB2_IRQHandler                         
00000ec3  EUSCIB3_IRQHandler                         
00000ec3  FLCTL_IRQHandler                           
00000ec3  FPU_IRQHandler                             
00000ec3  HardFault_Handler                          
00000ec3  MemManage_Handler                          
00000ec3  NMI_Handler                                
00000ec3  PCM_IRQHandler                             
00000ec3  PORT1_IRQHandler                           
00000ec3  PORT2_IRQHandler                           
00000ec3  PORT3_IRQHandler                           
00000ec3  PORT4_IRQHandler                           
00000ec3  PORT5_IRQHandler                           
00000ec3  PORT6_IRQHandler                           
00000ec3  PSS_IRQHandler                             
00000ec3  PendSV_Handler                             
00000ec3  RTC_C_IRQHandler                           
00000ec3  SVC_Handler                                
00000ec3  SysTick_Handler                            
00000ec3  T32_INT1_IRQHandler                        
00000ec3  T32_INT2_IRQHandler                        
00000ec3  T32_INTC_IRQHandler                        
00000ec3  TA0_0_IRQHandler                           
00000ec3  TA0_N_IRQHandler                           
00000ec3  TA1_0_IRQHandler                           
00000ec3  TA1_N_IRQHandler                           
00000ec3  TA2_0_IRQHandler                           
00000ec3  TA2_N_IRQHandler                           
00000ec3  TA3_0_IRQHandler                           
00000ec3  TA3_N_IRQHandler                           
00000ec3  UsageFault_Handler                         
00000ec3  WDT_A_IRQHandler                           
000014dd  __aeabi_dsub                               
000014e7  __aeabi_dadd                               
00001693  _nop                                       
000017f5  TickFct_Arrow                              
00001a6d  process_ReceivedData                       
00001ba9  __aeabi_ddiv                               
00001cdf  __aeabi_idiv0                              
00001cdf  __aeabi_ldiv0                              
00001ce1  Crystalfontz128x128_SetDrawFrame           
00001e15  Crystalfontz128x128_Init                   
00002065  UART_initModule                            
00002181  fputs                                      
00002295  ldexp                                      
00002295  ldexpl                                     
00002295  scalbn                                     
00002295  scalbnl                                    
000023a5  TickFct_Button                             
000024a3  __aeabi_dmul                               
000025a1  aligned_alloc                              
000025a1  memalign                                   
00002695  DMA_setChannelTransfer                     
00002785  init_DMA                                   
00002871  free                                       
00002959  setvbuf                                    
00002a35  DMA_INT1_IRQHandler                        
00002a35  DMA_INT1_IRQHandler                        
00002afd  ADC14_configureConversionMemory            
00002bb1  ADC14_configureMultiSequenceMode           
00002d17  SPI_initMaster                             
00002dc9  init_ADC                                   
00002f15  __aeabi_memcpy                             
00002f15  __aeabi_memcpy4                            
00002f15  __aeabi_memcpy8                            
00002f15  memcpy                                     
00002fb1  __aeabi_uldivmod                           
00003049  ADC14_IRQHandler                           
00003049  ADC14_IRQHandler                           
000030d5  fputc                                      
000030d5  putc                                       
00003161  GPIO_setAsPeripheralModuleFunctionOutputPin
000031e9  init_CLOCK                                 
00003271  init_LCD                                   
000032f9  __aeabi_cdcmpeq                            
000032f9  __aeabi_cdcmple                            
0000337f  __aeabi_cdrcmple                           
00003481  __aeabi_memclr                             
00003481  __aeabi_memclr4                            
00003481  __aeabi_memclr8                            
00003483  __aeabi_memset                             
00003483  __aeabi_memset4                            
00003483  __aeabi_memset8                            
00003489  memset                                     
000034fd  SystemInit                                 
00003575  __TI_closefile                             
000036c5  HOSTrename                                 
00003731  HOSTlseek                                  
00003799  __TI_decompress_lzss                       
00003801  printf                                     
00003869  frexp                                      
00003869  frexpl                                     
000038cd  fseek                                      
00003931  __TI_wrt_ok                                
00003a55  HOSTopen                                   
00003ab5  close                                      
00003b11  GPIO_setAsInputPinWithPullUpResistor       
00003b69  HOSTread                                   
00003bc1  HOSTwrite                                  
00003c71  Crystalfontz128x128_SetOrientation         
00003cc5  ltoa                                       
00003d19  Graphics_initContext                       
00003dbd  __TI_doflush                               
00003e09  atoi                                       
00003e55  main                                       
00003ea1  exit                                       
00003ee9  __aeabi_d2iz                               
00003f31  Graphics_drawMultiplePixelsOnDisplay       
00003f79  HOSTclose                                  
00003fbd  HOSTunlink                                 
00004001  __TI_auto_init_nobinit_nopinit             
00004045  getdevice                                  
000040c9  GPIO_setAsOutputPin                        
00004109  HAL_LCD_SpiInit                            
000041c9  HAL_LCD_writeCommand                       
00004201  __TI_writemsg                              
0000422f  C$$IO$$                                    
00004239  init_UART                                  
00004271  strncpy                                    
000042a9  __TI_cleanup                               
000042dd  __TI_readmsg                               
00004311  _c_int00_noargs                            
00004345  GPIO_getInputPinValue                      
00004375  HAL_LCD_PortInit                           
000043a5  finddevice                                 
000043d5  __aeabi_i2d                                
00004431  Graphics_drawPixelOnDisplay                
0000445d  HAL_LCD_writeData                          
00004489  send_Command                               
000044b5  remove                                     
000044b5  unlink                                     
000044e1  ADC14_getResult                            
00004531  GPIO_setOutputHighOnPin                    
00004559  GPIO_setOutputLowOnPin                     
000045a9  lseek                                      
000045d1  write                                      
000045f9  memchr                                     
00004619  SPI_enableModule                           
00004651  init_GPIO                                  
0000466d  memccpy                                    
00004689  Graphics_setBackgroundColor                
000046a3  Graphics_setFont                           
000046bd  copysign                                   
000046bd  copysignl                                  
000046d9  init_SM                                    
000046f1  strcmp                                     
00004709  EUSCI_A_SPI_enable                         
0000471f  EUSCI_B_SPI_enable                         
00004735  Graphics_setForegroundColor                
0000474b  Graphics_translateColorOnDisplay           
00004761  strchr                                     
00004777  strcpy                                     
0000478b  strlen                                     
0000479f  wcslen                                     
000047c1  __TI_decompress_none                       
000047cf  Reset_Handler                              
000047db  __TI_zero_init                             
000047f1  __aeabi_errno_addr                         
000047f9  malloc                                     
00004809  _system_pre_init                           
0000480d  C$$EXIT                                    
0000480d  abort                                      
00004b08  _ctypes_                                   
00004c0c  g_sFontFixed6x8                            
00004d84  uartConfig                                 
00004dac  g_sCrystalfontz128x128_funcs               
00004e68  __TI_Handler_Table_Base                    
00004e74  __TI_Handler_Table_Limit                   
00004e80  __TI_CINIT_Base                            
00004e90  __TI_CINIT_Limit                           
20000000  image                                      
20004400  RXData_ping                                
20004800  RXData_pong                                
20004c00  pallet                                     
20005000  controlTable                               
20005400  __CIOBUF_                                  
20005520  __TI_tmpnams                               
200055c0  g_sContext                                 
200055dc  bitmap                                     
200055ec  parmbuf                                    
200055f8  Lcd_ScreenHeigth                           
200055fa  Lcd_ScreenWidth                            
200055fc  Lcd_TouchTrim                              
200055fe  Lcd_FlagRead                               
200055ff  Lcd_FontSolid                              
20005600  Lcd_Orientation                            
20005601  Lcd_PenSolid                               
20005602  ar_state                                   
20005603  btn_state                                  
20005608  _sys_memory                                
20005e08  _ftable                                    
20005ef8  _device                                    
20005f70  _stream                                    
20005fc0  count                                      
20005fc4  palletindex                                
20005fc8  imageindex                                 
20005fcc  sendsync                                   
20005fd0  done                                       
20005fd4  g_sCrystalfontz128x128                     
20005fe4  __TI_ft_end                                
20005fe8  __aeabi_stdin                              
20005fec  __aeabi_stdout                             
20005ff0  __aeabi_stderr                             
20005ff4  __TI_cleanup_ptr                           
20005ff8  __TI_dtors_ptr                             
20005ffc  __TI_enable_exit_profile_output            
20006000  _lock                                      
20006004  _unlock                                    
20006010  errno                                      
2000fe00  __stack                                    
20010000  __STACK_END                                
4000480c  WDTCTL_SYM                                 
ffffffff  __TI_pprof_out_hndl                        
ffffffff  __TI_prof_data_size                        
ffffffff  __TI_prof_data_start                       
ffffffff  __binit__                                  
ffffffff  __c_args__                                 
ffffffff  binit                                      
UNDEFED   __mpu_init                                 
UNDEFED   _system_post_cinit                         

[243 symbols]
