******************************************************************************
                  TI ARM Linker Unix v18.12.3                  
******************************************************************************
>> Linked Mon Dec  2 20:41:10 2019

OUTPUT FILE NAME:   <firmware.out>
ENTRY POINT SYMBOL: "_c_int00_noargs"  address: 00001d01


MEMORY CONFIGURATION

         name            origin    length      used     unused   attr    fill
----------------------  --------  ---------  --------  --------  ----  --------
  MAIN                  00000000   00040000  00002114  0003deec  R  X
  INFO                  00200000   00004000  00000000  00004000  R  X
  SRAM_CODE             01000000   00010000  00005659  0000a9a7  RW X
  SRAM_DATA             20000000   00010000  00005659  0000a9a7  RW  


SEGMENT ALLOCATION MAP

run origin  load origin   length   init length attrs members
----------  ----------- ---------- ----------- ----- -------
00000000    00000000    00002118   00002118    r-x
  00000000    00000000    000000e4   000000e4    r-- .intvecs
  000000e4    000000e4    00001edc   00001edc    r-x .text
  00001fc0    00001fc0    0000011c   0000011c    r-- .const
  000020e0    000020e0    00000038   00000038    r-- .cinit
20000000    20000000    00005459   00000000    rw-
  20000000    20000000    0000543c   00000000    rw- .bss
  2000543c    2000543c    0000001d   00000000    rw- .data
2000fe00    2000fe00    00000200   00000000    rw-
  2000fe00    2000fe00    00000200   00000000    rw- .stack


SECTION ALLOCATION MAP

 output                                  attributes/
section   page    origin      length       input sections
--------  ----  ----------  ----------   ----------------
.intvecs   0    00000000    000000e4     
                  00000000    000000e4     startup_msp432p401r_ccs.obj (.intvecs:retain)

.text      0    000000e4    00001edc     
                  000000e4    00000390     grlib.a : image.obj (.text:Graphics_drawImage)
                  00000474    000001d8     Crystalfontz128x128_ST7735.obj (.text:Crystalfontz128x128_PixelDrawMultiple)
                  0000064c    00000160     msp432p4xx_driverlib.lib : adc14.o (.text:_getIndexForMemRegister)
                  000007ac    00000144     main.obj (.text:process_ReceivedData)
                  000008f0    0000013c     main.obj (.text:TickFct_Arrow)
                  00000a2c    00000134     Crystalfontz128x128_ST7735.obj (.text:Crystalfontz128x128_SetDrawFrame)
                  00000b60    0000012c     Crystalfontz128x128_ST7735.obj (.text:Crystalfontz128x128_Init)
                  00000c8c    0000011c     msp432p4xx_driverlib.lib : uart.o (.text:UART_initModule)
                  00000da8    000000fe     main.obj (.text:TickFct_Button)
                  00000ea6    00000002     startup_msp432p401r_ccs.obj (.text:Default_Handler)
                  00000ea8    000000f0     msp432p4xx_driverlib.lib : dma.o (.text:DMA_setChannelTransfer)
                  00000f98    000000ec     main.obj (.text:init_DMA)
                  00001084    000000b4     msp432p4xx_driverlib.lib : adc14.o (.text:ADC14_configureConversionMemory)
                  00001138    000000b4                              : adc14.o (.text:ADC14_configureMultiSequenceMode)
                  000011ec    000000b0                              : spi.o (.text:SPI_initMaster)
                  0000129c    000000b0     main.obj (.text:init_ADC)
                  0000134c    000000a4     main.obj (.text:DMA_INT1_IRQHandler)
                  000013f0    0000009c     Crystalfontz128x128_ST7735.obj (.text:Crystalfontz128x128_RectFill)
                  0000148c    0000009c     rtsv7M4_T_le_v4SPD16_eabi.lib : memcpy_t2.asm.obj (.text)
                  00001528    0000008c     main.obj (.text:ADC14_IRQHandler)
                  000015b4    00000088     msp432p4xx_driverlib.lib : gpio.o (.text:GPIO_setAsPeripheralModuleFunctionOutputPin)
                  0000163c    00000088     main.obj (.text:init_CLOCK)
                  000016c4    0000007a     rtsv7M4_T_le_v4SPD16_eabi.lib : memset_t2.asm.obj (.text)
                  0000173e    00000002     --HOLE-- [fill = 0]
                  00001740    00000078     system_msp432p401r.obj (.text:SystemInit)
                  000017b8    0000006c     grlib.a : image.obj (.text:Graphics_convertPalette)
                  00001824    0000006c     main.obj (.text:init_LCD)
                  00001890    00000068     rtsv7M4_T_le_v4SPD16_eabi.lib : copy_decompress_lzss.c.obj (.text:decompress:lzss:__TI_decompress_lzss)
                  000018f8    00000060     Crystalfontz128x128_ST7735.obj (.text:Crystalfontz128x128_LineDrawH)
                  00001958    00000060     Crystalfontz128x128_ST7735.obj (.text:Crystalfontz128x128_LineDrawV)
                  000019b8    00000058     msp432p4xx_driverlib.lib : gpio.o (.text:GPIO_setAsInputPinWithPullUpResistor)
                  00001a10    00000054     Crystalfontz128x128_ST7735.obj (.text:Crystalfontz128x128_SetOrientation)
                  00001a64    00000052     grlib.a : context.obj (.text:Graphics_initContext)
                  00001ab6    00000002     --HOLE-- [fill = 0]
                  00001ab8    0000004c     main.obj (.text:main)
                  00001b04    00000046     grlib.a : display.obj (.text:Graphics_drawMultiplePixelsOnDisplay)
                  00001b4a    00000002     --HOLE-- [fill = 0]
                  00001b4c    00000044     rtsv7M4_T_le_v4SPD16_eabi.lib : autoinit.c.obj (.text:__TI_auto_init_nobinit_nopinit:__TI_auto_init_nobinit_nopinit)
                  00001b90    00000040     Crystalfontz128x128_ST7735.obj (.text:Crystalfontz128x128_PixelDraw)
                  00001bd0    00000040     msp432p4xx_driverlib.lib : gpio.o (.text:GPIO_setAsOutputPin)
                  00001c10    00000040     HAL_MSP_EXP432P401R_Crystalfontz128x128_ST7735.obj (.text:HAL_LCD_SpiInit)
                  00001c50    00000040     msp432p4xx_driverlib.lib : spi.o (.text:is_A_Module)
                  00001c90    00000038     HAL_MSP_EXP432P401R_Crystalfontz128x128_ST7735.obj (.text:HAL_LCD_writeCommand)
                  00001cc8    00000038     main.obj (.text:init_UART)
                  00001d00    00000034     rtsv7M4_T_le_v4SPD16_eabi.lib : boot_cortex_m.c.obj (.text:_c_int00_noargs:_c_int00_noargs)
                  00001d34    00000030     msp432p4xx_driverlib.lib : gpio.o (.text:GPIO_getInputPinValue)
                  00001d64    00000030     HAL_MSP_EXP432P401R_Crystalfontz128x128_ST7735.obj (.text:HAL_LCD_PortInit)
                  00001d94    0000002c     Crystalfontz128x128_ST7735.obj (.text:Crystalfontz128x128_ClearScreen)
                  00001dc0    0000002c     grlib.a : display.obj (.text:Graphics_drawPixelOnDisplay)
                  00001dec    0000002c     HAL_MSP_EXP432P401R_Crystalfontz128x128_ST7735.obj (.text:HAL_LCD_writeData)
                  00001e18    0000002c     main.obj (.text:send_Command)
                  00001e44    00000028     msp432p4xx_driverlib.lib : adc14.o (.text:ADC14_getResult)
                  00001e6c    00000028     Crystalfontz128x128_ST7735.obj (.text:Crystalfontz128x128_ColorTranslate)
                  00001e94    00000028     msp432p4xx_driverlib.lib : gpio.o (.text:GPIO_setOutputHighOnPin)
                  00001ebc    00000028                              : gpio.o (.text:GPIO_setOutputLowOnPin)
                  00001ee4    0000001c                              : spi.o (.text:SPI_enableModule)
                  00001f00    0000001c     main.obj (.text:init_GPIO)
                  00001f1c    00000018     main.obj (.text:init_SM)
                  00001f34    00000016     msp432p4xx_driverlib.lib : spi.o (.text:EUSCI_A_SPI_enable)
                  00001f4a    00000016                              : spi.o (.text:EUSCI_B_SPI_enable)
                  00001f60    00000016     grlib.a : display.obj (.text:Graphics_translateColorOnDisplay)
                  00001f76    00000002     --HOLE-- [fill = 0]
                  00001f78    00000010     msp432p4xx_driverlib.lib : adc14.o (.text:ADCIsConversionRunning)
                  00001f88    0000000e     rtsv7M4_T_le_v4SPD16_eabi.lib : copy_decompress_none.c.obj (.text:decompress:none:__TI_decompress_none)
                  00001f96    0000000c     startup_msp432p401r_ccs.obj (.text:Reset_Handler)
                  00001fa2    0000000c     rtsv7M4_T_le_v4SPD16_eabi.lib : copy_zero_init.c.obj (.text:decompress:ZI:__TI_zero_init)
                  00001fae    0000000a     Crystalfontz128x128_ST7735.obj (.text:Crystalfontz128x128_Flush)
                  00001fb8    00000004     rtsv7M4_T_le_v4SPD16_eabi.lib : pre_init.c.obj (.text:_system_pre_init)
                  00001fbc    00000004                                   : exit.c.obj (.text:abort:abort)

.const     0    00001fc0    0000011c     
                  00001fc0    00000080     msp432p4xx_driverlib.lib : adc14.o (.const:_ctlRegs)
                  00002040    00000030                              : gpio.o (.const:GPIO_PORT_TO_BASE)
                  00002070    00000028     main.obj (.const:uartConfig)
                  00002098    00000020     Crystalfontz128x128_ST7735.obj (.const:g_sCrystalfontz128x128_funcs)
                  000020b8    0000001c     HAL_MSP_EXP432P401R_Crystalfontz128x128_ST7735.obj (.const:$P$T0$1)
                  000020d4    00000008     Crystalfontz128x128_ST7735.obj (.const:$P$T0$1)

.cinit     0    000020e0    00000038     
                  000020e0    00000011     (.cinit..data.load) [load image, compression = lzss]
                  000020f1    00000003     --HOLE-- [fill = 0]
                  000020f4    0000000c     (__TI_handler_table)
                  00002100    00000008     (.cinit..bss.load) [load image, compression = zero_init]
                  00002108    00000010     (__TI_cinit_table)

.init_array 
*          0    00000000    00000000     UNINITIALIZED

.binit     0    00000000    00000000     

.bss       0    20000000    0000543c     UNINITIALIZED
                  20000000    00004000     (.common:image)
                  20004000    00000400     grlib.a : image.obj (.bss:g_pulConvertedPalette)
                  20004400    00000400     (.common:RXData_ping)
                  20004800    00000400     (.common:RXData_pong)
                  20004c00    00000400     (.common:pallet)
                  20005000    00000400     (.common:controlTable)
                  20005400    0000001c     (.common:g_sContext)
                  2000541c    00000010     (.common:bitmap)
                  2000542c    00000004     main.obj (.bss:resultsBuffer_JOY)
                  20005430    00000002     (.common:Lcd_ScreenHeigth)
                  20005432    00000002     (.common:Lcd_ScreenWidth)
                  20005434    00000002     (.common:Lcd_TouchTrim)
                  20005436    00000001     (.common:Lcd_FlagRead)
                  20005437    00000001     (.common:Lcd_FontSolid)
                  20005438    00000001     (.common:Lcd_Orientation)
                  20005439    00000001     (.common:Lcd_PenSolid)
                  2000543a    00000001     (.common:ar_state)
                  2000543b    00000001     (.common:btn_state)

.data      0    2000543c    0000001d     UNINITIALIZED
                  2000543c    00000010     Crystalfontz128x128_ST7735.obj (.data:g_sCrystalfontz128x128)
                  2000544c    0000000d     main.obj (.data)

.stack     0    2000fe00    00000200     UNINITIALIZED
                  2000fe00    00000004     rtsv7M4_T_le_v4SPD16_eabi.lib : boot_cortex_m.c.obj (.stack)
                  2000fe04    000001fc     --HOLE--

MODULE SUMMARY

       Module                                               code   ro data   rw data
       ------                                               ----   -------   -------
    ./
       main.obj                                             2082   40        41086  
       system_msp432p401r.obj                               120    0         0      
    +--+----------------------------------------------------+------+---------+---------+
       Total:                                               2202   40        41086  
                                                                                    
    ./LcdDriver/
       Crystalfontz128x128_ST7735.obj                       1670   40        52     
       HAL_MSP_EXP432P401R_Crystalfontz128x128_ST7735.obj   212    28        0      
    +--+----------------------------------------------------+------+---------+---------+
       Total:                                               1882   68        52     
                                                                                    
    ./ccs/
       startup_msp432p401r_ccs.obj                          14     228       0      
    +--+----------------------------------------------------+------+---------+---------+
       Total:                                               14     228       0      
                                                                                    
    /Applications/ti/ccs920/ccs/tools/compiler/ti-cgt-arm_18.12.3.LTS/lib/rtsv7M4_T_le_v4SPD16_eabi.lib
       memcpy_t2.asm.obj                                    156    0         0      
       memset_t2.asm.obj                                    122    0         0      
       copy_decompress_lzss.c.obj                           104    0         0      
       autoinit.c.obj                                       68     0         0      
       boot_cortex_m.c.obj                                  52     0         0      
       copy_decompress_none.c.obj                           14     0         0      
       copy_zero_init.c.obj                                 12     0         0      
       exit.c.obj                                           4      0         0      
       pre_init.c.obj                                       4      0         0      
    +--+----------------------------------------------------+------+---------+---------+
       Total:                                               536    0         0      
                                                                                    
    /Users/mrinmoysarkar/ti/simplelink_msp432p4_sdk_3_30_00_13/source/ti/devices/msp432p4xx/driverlib/ccs/msp432p4xx_driverlib.lib
       adc14.o                                              768    128       0      
       gpio.o                                               416    48        0      
       spi.o                                                312    0         0      
       uart.o                                               284    0         0      
       dma.o                                                240    0         0      
    +--+----------------------------------------------------+------+---------+---------+
       Total:                                               2020   176       0      
                                                                                    
    /Users/mrinmoysarkar/ti/simplelink_msp432p4_sdk_3_30_00_13/source/ti/grlib/lib/ccs/m4f/grlib.a
       image.obj                                            1020   0         2048   
       display.obj                                          136    0         0      
       context.obj                                          82     0         0      
    +--+----------------------------------------------------+------+---------+---------+
       Total:                                               1238   0         2048   
                                                                                    
       Stack:                                               0      0         1024   
       Linker Generated:                                    0      53        0      
    +--+----------------------------------------------------+------+---------+---------+
       Grand Total:                                         7892   565       44210  


LINKER GENERATED COPY TABLES

__TI_cinit_table @ 00002108 records: 2, size/record: 8, table size: 16
	.data: load addr=000020e0, load size=00000011 bytes, run addr=2000543c, run size=0000001d bytes, compression=lzss
	.bss: load addr=00002100, load size=00000008 bytes, run addr=20000000, run size=0000543c bytes, compression=zero_init


LINKER GENERATED HANDLER TABLE

__TI_handler_table @ 000020f4 records: 3, size/record: 4, table size: 12
	index: 0, handler: __TI_decompress_lzss
	index: 1, handler: __TI_decompress_none
	index: 2, handler: __TI_zero_init


GLOBAL SYMBOLS: SORTED ALPHABETICALLY BY Name 

address   name                                       
-------   ----                                       
00001529  ADC14_IRQHandler                           
00001529  ADC14_IRQHandler                           
00001085  ADC14_configureConversionMemory            
00001139  ADC14_configureMultiSequenceMode           
00001e45  ADC14_getResult                            
00000ea7  AES256_IRQHandler                          
00000ea7  BusFault_Handler                           
00001fbd  C$$EXIT                                    
00000ea7  COMP_E0_IRQHandler                         
00000ea7  COMP_E1_IRQHandler                         
00000ea7  CS_IRQHandler                              
00000b61  Crystalfontz128x128_Init                   
00000a2d  Crystalfontz128x128_SetDrawFrame           
00001a11  Crystalfontz128x128_SetOrientation         
00000ea7  DMA_ERR_IRQHandler                         
00000ea7  DMA_INT0_IRQHandler                        
0000134d  DMA_INT1_IRQHandler                        
0000134d  DMA_INT1_IRQHandler                        
00000ea7  DMA_INT2_IRQHandler                        
00000ea7  DMA_INT3_IRQHandler                        
00000ea9  DMA_setChannelTransfer                     
00000ea7  DebugMon_Handler                           
00000ea7  Default_Handler                            
00000ea7  EUSCIA0_IRQHandler                         
00000ea7  EUSCIA1_IRQHandler                         
00000ea7  EUSCIA2_IRQHandler                         
00000ea7  EUSCIA3_IRQHandler                         
00000ea7  EUSCIB0_IRQHandler                         
00000ea7  EUSCIB1_IRQHandler                         
00000ea7  EUSCIB2_IRQHandler                         
00000ea7  EUSCIB3_IRQHandler                         
00001f35  EUSCI_A_SPI_enable                         
00001f4b  EUSCI_B_SPI_enable                         
00000ea7  FLCTL_IRQHandler                           
00000ea7  FPU_IRQHandler                             
00001d35  GPIO_getInputPinValue                      
000019b9  GPIO_setAsInputPinWithPullUpResistor       
00001bd1  GPIO_setAsOutputPin                        
000015b5  GPIO_setAsPeripheralModuleFunctionOutputPin
00001e95  GPIO_setOutputHighOnPin                    
00001ebd  GPIO_setOutputLowOnPin                     
000000e5  Graphics_drawImage                         
00001b05  Graphics_drawMultiplePixelsOnDisplay       
00001dc1  Graphics_drawPixelOnDisplay                
00001a65  Graphics_initContext                       
00001f61  Graphics_translateColorOnDisplay           
00001d65  HAL_LCD_PortInit                           
00001c11  HAL_LCD_SpiInit                            
00001c91  HAL_LCD_writeCommand                       
00001ded  HAL_LCD_writeData                          
00000ea7  HardFault_Handler                          
20005436  Lcd_FlagRead                               
20005437  Lcd_FontSolid                              
20005438  Lcd_Orientation                            
20005439  Lcd_PenSolid                               
20005430  Lcd_ScreenHeigth                           
20005432  Lcd_ScreenWidth                            
20005434  Lcd_TouchTrim                              
00000ea7  MemManage_Handler                          
00000ea7  NMI_Handler                                
00000ea7  PCM_IRQHandler                             
00000ea7  PORT1_IRQHandler                           
00000ea7  PORT2_IRQHandler                           
00000ea7  PORT3_IRQHandler                           
00000ea7  PORT4_IRQHandler                           
00000ea7  PORT5_IRQHandler                           
00000ea7  PORT6_IRQHandler                           
00000ea7  PSS_IRQHandler                             
00000ea7  PendSV_Handler                             
00000ea7  RTC_C_IRQHandler                           
20004400  RXData_ping                                
20004800  RXData_pong                                
00001f97  Reset_Handler                              
00001ee5  SPI_enableModule                           
000011ed  SPI_initMaster                             
00000ea7  SVC_Handler                                
00000ea7  SysTick_Handler                            
00001741  SystemInit                                 
00000ea7  T32_INT1_IRQHandler                        
00000ea7  T32_INT2_IRQHandler                        
00000ea7  T32_INTC_IRQHandler                        
00000ea7  TA0_0_IRQHandler                           
00000ea7  TA0_N_IRQHandler                           
00000ea7  TA1_0_IRQHandler                           
00000ea7  TA1_N_IRQHandler                           
00000ea7  TA2_0_IRQHandler                           
00000ea7  TA2_N_IRQHandler                           
00000ea7  TA3_0_IRQHandler                           
00000ea7  TA3_N_IRQHandler                           
000008f1  TickFct_Arrow                              
00000da9  TickFct_Button                             
00000c8d  UART_initModule                            
00000ea7  UsageFault_Handler                         
4000480c  WDTCTL_SYM                                 
00000ea7  WDT_A_IRQHandler                           
20010000  __STACK_END                                
00000200  __STACK_SIZE                               
00002108  __TI_CINIT_Base                            
00002118  __TI_CINIT_Limit                           
000020f4  __TI_Handler_Table_Base                    
00002100  __TI_Handler_Table_Limit                   
00001b4d  __TI_auto_init_nobinit_nopinit             
00001891  __TI_decompress_lzss                       
00001f89  __TI_decompress_none                       
ffffffff  __TI_pprof_out_hndl                        
ffffffff  __TI_prof_data_size                        
ffffffff  __TI_prof_data_start                       
00000000  __TI_static_base__                         
00001fa3  __TI_zero_init                             
000016c5  __aeabi_memclr                             
000016c5  __aeabi_memclr4                            
000016c5  __aeabi_memclr8                            
0000148d  __aeabi_memcpy                             
0000148d  __aeabi_memcpy4                            
0000148d  __aeabi_memcpy8                            
000016c7  __aeabi_memset                             
000016c7  __aeabi_memset4                            
000016c7  __aeabi_memset8                            
ffffffff  __binit__                                  
ffffffff  __c_args__                                 
UNDEFED   __mpu_init                                 
2000fe00  __stack                                    
00001d01  _c_int00_noargs                            
UNDEFED   _system_post_cinit                         
00001fb9  _system_pre_init                           
00001fbd  abort                                      
2000543a  ar_state                                   
ffffffff  binit                                      
2000541c  bitmap                                     
2000543b  btn_state                                  
20005000  controlTable                               
2000544c  count                                      
20005400  g_sContext                                 
2000543c  g_sCrystalfontz128x128                     
00002098  g_sCrystalfontz128x128_funcs               
20000000  image                                      
20005454  imageindex                                 
0000129d  init_ADC                                   
0000163d  init_CLOCK                                 
00000f99  init_DMA                                   
00001f01  init_GPIO                                  
00001825  init_LCD                                   
00001f1d  init_SM                                    
00001cc9  init_UART                                  
00000000  interruptVectors                           
00001ab9  main                                       
0000148d  memcpy                                     
000016cd  memset                                     
20004c00  pallet                                     
20005450  palletindex                                
000007ad  process_ReceivedData                       
00001e19  send_Command                               
20005458  sendsync                                   
00002070  uartConfig                                 


GLOBAL SYMBOLS: SORTED BY Symbol Address 

address   name                                       
-------   ----                                       
00000000  __TI_static_base__                         
00000000  interruptVectors                           
000000e5  Graphics_drawImage                         
00000200  __STACK_SIZE                               
000007ad  process_ReceivedData                       
000008f1  TickFct_Arrow                              
00000a2d  Crystalfontz128x128_SetDrawFrame           
00000b61  Crystalfontz128x128_Init                   
00000c8d  UART_initModule                            
00000da9  TickFct_Button                             
00000ea7  AES256_IRQHandler                          
00000ea7  BusFault_Handler                           
00000ea7  COMP_E0_IRQHandler                         
00000ea7  COMP_E1_IRQHandler                         
00000ea7  CS_IRQHandler                              
00000ea7  DMA_ERR_IRQHandler                         
00000ea7  DMA_INT0_IRQHandler                        
00000ea7  DMA_INT2_IRQHandler                        
00000ea7  DMA_INT3_IRQHandler                        
00000ea7  DebugMon_Handler                           
00000ea7  Default_Handler                            
00000ea7  EUSCIA0_IRQHandler                         
00000ea7  EUSCIA1_IRQHandler                         
00000ea7  EUSCIA2_IRQHandler                         
00000ea7  EUSCIA3_IRQHandler                         
00000ea7  EUSCIB0_IRQHandler                         
00000ea7  EUSCIB1_IRQHandler                         
00000ea7  EUSCIB2_IRQHandler                         
00000ea7  EUSCIB3_IRQHandler                         
00000ea7  FLCTL_IRQHandler                           
00000ea7  FPU_IRQHandler                             
00000ea7  HardFault_Handler                          
00000ea7  MemManage_Handler                          
00000ea7  NMI_Handler                                
00000ea7  PCM_IRQHandler                             
00000ea7  PORT1_IRQHandler                           
00000ea7  PORT2_IRQHandler                           
00000ea7  PORT3_IRQHandler                           
00000ea7  PORT4_IRQHandler                           
00000ea7  PORT5_IRQHandler                           
00000ea7  PORT6_IRQHandler                           
00000ea7  PSS_IRQHandler                             
00000ea7  PendSV_Handler                             
00000ea7  RTC_C_IRQHandler                           
00000ea7  SVC_Handler                                
00000ea7  SysTick_Handler                            
00000ea7  T32_INT1_IRQHandler                        
00000ea7  T32_INT2_IRQHandler                        
00000ea7  T32_INTC_IRQHandler                        
00000ea7  TA0_0_IRQHandler                           
00000ea7  TA0_N_IRQHandler                           
00000ea7  TA1_0_IRQHandler                           
00000ea7  TA1_N_IRQHandler                           
00000ea7  TA2_0_IRQHandler                           
00000ea7  TA2_N_IRQHandler                           
00000ea7  TA3_0_IRQHandler                           
00000ea7  TA3_N_IRQHandler                           
00000ea7  UsageFault_Handler                         
00000ea7  WDT_A_IRQHandler                           
00000ea9  DMA_setChannelTransfer                     
00000f99  init_DMA                                   
00001085  ADC14_configureConversionMemory            
00001139  ADC14_configureMultiSequenceMode           
000011ed  SPI_initMaster                             
0000129d  init_ADC                                   
0000134d  DMA_INT1_IRQHandler                        
0000134d  DMA_INT1_IRQHandler                        
0000148d  __aeabi_memcpy                             
0000148d  __aeabi_memcpy4                            
0000148d  __aeabi_memcpy8                            
0000148d  memcpy                                     
00001529  ADC14_IRQHandler                           
00001529  ADC14_IRQHandler                           
000015b5  GPIO_setAsPeripheralModuleFunctionOutputPin
0000163d  init_CLOCK                                 
000016c5  __aeabi_memclr                             
000016c5  __aeabi_memclr4                            
000016c5  __aeabi_memclr8                            
000016c7  __aeabi_memset                             
000016c7  __aeabi_memset4                            
000016c7  __aeabi_memset8                            
000016cd  memset                                     
00001741  SystemInit                                 
00001825  init_LCD                                   
00001891  __TI_decompress_lzss                       
000019b9  GPIO_setAsInputPinWithPullUpResistor       
00001a11  Crystalfontz128x128_SetOrientation         
00001a65  Graphics_initContext                       
00001ab9  main                                       
00001b05  Graphics_drawMultiplePixelsOnDisplay       
00001b4d  __TI_auto_init_nobinit_nopinit             
00001bd1  GPIO_setAsOutputPin                        
00001c11  HAL_LCD_SpiInit                            
00001c91  HAL_LCD_writeCommand                       
00001cc9  init_UART                                  
00001d01  _c_int00_noargs                            
00001d35  GPIO_getInputPinValue                      
00001d65  HAL_LCD_PortInit                           
00001dc1  Graphics_drawPixelOnDisplay                
00001ded  HAL_LCD_writeData                          
00001e19  send_Command                               
00001e45  ADC14_getResult                            
00001e95  GPIO_setOutputHighOnPin                    
00001ebd  GPIO_setOutputLowOnPin                     
00001ee5  SPI_enableModule                           
00001f01  init_GPIO                                  
00001f1d  init_SM                                    
00001f35  EUSCI_A_SPI_enable                         
00001f4b  EUSCI_B_SPI_enable                         
00001f61  Graphics_translateColorOnDisplay           
00001f89  __TI_decompress_none                       
00001f97  Reset_Handler                              
00001fa3  __TI_zero_init                             
00001fb9  _system_pre_init                           
00001fbd  C$$EXIT                                    
00001fbd  abort                                      
00002070  uartConfig                                 
00002098  g_sCrystalfontz128x128_funcs               
000020f4  __TI_Handler_Table_Base                    
00002100  __TI_Handler_Table_Limit                   
00002108  __TI_CINIT_Base                            
00002118  __TI_CINIT_Limit                           
20000000  image                                      
20004400  RXData_ping                                
20004800  RXData_pong                                
20004c00  pallet                                     
20005000  controlTable                               
20005400  g_sContext                                 
2000541c  bitmap                                     
20005430  Lcd_ScreenHeigth                           
20005432  Lcd_ScreenWidth                            
20005434  Lcd_TouchTrim                              
20005436  Lcd_FlagRead                               
20005437  Lcd_FontSolid                              
20005438  Lcd_Orientation                            
20005439  Lcd_PenSolid                               
2000543a  ar_state                                   
2000543b  btn_state                                  
2000543c  g_sCrystalfontz128x128                     
2000544c  count                                      
20005450  palletindex                                
20005454  imageindex                                 
20005458  sendsync                                   
2000fe00  __stack                                    
20010000  __STACK_END                                
4000480c  WDTCTL_SYM                                 
ffffffff  __TI_pprof_out_hndl                        
ffffffff  __TI_prof_data_size                        
ffffffff  __TI_prof_data_start                       
ffffffff  __binit__                                  
ffffffff  __c_args__                                 
ffffffff  binit                                      
UNDEFED   __mpu_init                                 
UNDEFED   _system_post_cinit                         

[154 symbols]
