******************************************************************************
                  TI ARM Linker Unix v18.12.3                  
******************************************************************************
>> Linked Sat Sep 21 19:05:51 2019

OUTPUT FILE NAME:   <firmware.out>
ENTRY POINT SYMBOL: "_c_int00_noargs"  address: 000017a1


MEMORY CONFIGURATION

         name            origin    length      used     unused   attr    fill
----------------------  --------  ---------  --------  --------  ----  --------
  MAIN                  00000000   00040000  00001f32  0003e0ce  R  X
  INFO                  00200000   00004000  00000000  00004000  R  X
  SRAM_CODE             01000000   00010000  00004a6e  0000b592  RW X
  SRAM_DATA             20000000   00010000  00004a6e  0000b592  RW  


SEGMENT ALLOCATION MAP

run origin  load origin   length   init length attrs members
----------  ----------- ---------- ----------- ----- -------
00000000    00000000    00001f38   00001f38    r-x
  00000000    00000000    000000e4   000000e4    r-- .intvecs
  000000e4    000000e4    0000191a   0000191a    r-x .text
  00001a00    00001a00    000004fc   000004fc    r-- .const
  00001f00    00001f00    00000038   00000038    r-- .cinit
20000000    20000000    00004870   00000000    rw-
  20000000    20000000    00004842   00000000    rw- .bss
  20004844    20004844    0000002c   00000000    rw- .data
2000fe00    2000fe00    00000200   00000000    rw-
  2000fe00    2000fe00    00000200   00000000    rw- .stack


SECTION ALLOCATION MAP

 output                                  attributes/
section   page    origin      length       input sections
--------  ----  ----------  ----------   ----------------
.intvecs   0    00000000    000000e4     
                  00000000    000000e4     startup_msp432p401r_ccs.obj (.intvecs:retain)

.text      0    000000e4    0000191a     
                  000000e4    00000390     grlib.a : image.obj (.text:Graphics_drawImage)
                  00000474    000002a4     main.obj (.text:main)
                  00000718    000001e4     main.obj (.text:ADC14_IRQHandler)
                  000008fc    000001d8     Crystalfontz128x128_ST7735.obj (.text:Crystalfontz128x128_PixelDrawMultiple)
                  00000ad4    00000160     msp432p4xx_driverlib.lib : adc14.o (.text:_getIndexForMemRegister)
                  00000c34    00000134     Crystalfontz128x128_ST7735.obj (.text:Crystalfontz128x128_SetDrawFrame)
                  00000d68    00000130     main.obj (.text:EUSCIA0_IRQHandler)
                  00000e98    0000012c     Crystalfontz128x128_ST7735.obj (.text:Crystalfontz128x128_Init)
                  00000fc4    000000b0     msp432p4xx_driverlib.lib : spi.o (.text:SPI_initMaster)
                  00001074    0000009c     Crystalfontz128x128_ST7735.obj (.text:Crystalfontz128x128_RectFill)
                  00001110    0000009c     rtsv7M4_T_le_v4SPD16_eabi.lib : memcpy_t2.asm.obj (.text)
                  000011ac    00000088     msp432p4xx_driverlib.lib : gpio.o (.text:GPIO_setAsPeripheralModuleFunctionOutputPin)
                  00001234    0000007a     rtsv7M4_T_le_v4SPD16_eabi.lib : memset_t2.asm.obj (.text)
                  000012ae    00000002     startup_msp432p401r_ccs.obj (.text:Default_Handler)
                  000012b0    00000078     system_msp432p401r.obj (.text:SystemInit)
                  00001328    0000006c     grlib.a : image.obj (.text:Graphics_convertPalette)
                  00001394    00000068     rtsv7M4_T_le_v4SPD16_eabi.lib : copy_decompress_lzss.c.obj (.text:decompress:lzss:__TI_decompress_lzss)
                  000013fc    00000060     Crystalfontz128x128_ST7735.obj (.text:Crystalfontz128x128_LineDrawH)
                  0000145c    00000060     Crystalfontz128x128_ST7735.obj (.text:Crystalfontz128x128_LineDrawV)
                  000014bc    00000054     Crystalfontz128x128_ST7735.obj (.text:Crystalfontz128x128_SetOrientation)
                  00001510    00000052     grlib.a : context.obj (.text:Graphics_initContext)
                  00001562    00000048     main.obj (.text:num2str)
                  000015aa    00000046     grlib.a : display.obj (.text:Graphics_drawMultiplePixelsOnDisplay)
                  000015f0    00000044     rtsv7M4_T_le_v4SPD16_eabi.lib : autoinit.c.obj (.text:__TI_auto_init_nobinit_nopinit:__TI_auto_init_nobinit_nopinit)
                  00001634    00000040     Crystalfontz128x128_ST7735.obj (.text:Crystalfontz128x128_PixelDraw)
                  00001674    00000040     msp432p4xx_driverlib.lib : gpio.o (.text:GPIO_setAsOutputPin)
                  000016b4    00000040     HAL_MSP_EXP432P401R_Crystalfontz128x128_ST7735.obj (.text:HAL_LCD_SpiInit)
                  000016f4    00000040     msp432p4xx_driverlib.lib : spi.o (.text:is_A_Module)
                  00001734    00000038     HAL_MSP_EXP432P401R_Crystalfontz128x128_ST7735.obj (.text:HAL_LCD_writeCommand)
                  0000176c    00000034     msp432p4xx_driverlib.lib : cs.o (.text:CS_setDCOCenteredFrequency)
                  000017a0    00000034     rtsv7M4_T_le_v4SPD16_eabi.lib : boot_cortex_m.c.obj (.text:_c_int00_noargs:_c_int00_noargs)
                  000017d4    00000030     HAL_MSP_EXP432P401R_Crystalfontz128x128_ST7735.obj (.text:HAL_LCD_PortInit)
                  00001804    0000002c     Crystalfontz128x128_ST7735.obj (.text:Crystalfontz128x128_ClearScreen)
                  00001830    0000002c     grlib.a : display.obj (.text:Graphics_drawPixelOnDisplay)
                  0000185c    0000002c     HAL_MSP_EXP432P401R_Crystalfontz128x128_ST7735.obj (.text:HAL_LCD_writeData)
                  00001888    00000028     Crystalfontz128x128_ST7735.obj (.text:Crystalfontz128x128_ColorTranslate)
                  000018b0    00000028     msp432p4xx_driverlib.lib : gpio.o (.text:GPIO_setOutputHighOnPin)
                  000018d8    00000028                              : gpio.o (.text:GPIO_setOutputLowOnPin)
                  00001900    0000001c                              : adc14.o (.text:ADC14_getResult)
                  0000191c    0000001c                              : spi.o (.text:SPI_enableModule)
                  00001938    0000001a     grlib.a : context.obj (.text:Graphics_setBackgroundColor)
                  00001952    0000001a             : context.obj (.text:Graphics_setFont)
                  0000196c    00000016     msp432p4xx_driverlib.lib : spi.o (.text:EUSCI_A_SPI_enable)
                  00001982    00000016                              : spi.o (.text:EUSCI_B_SPI_enable)
                  00001998    00000016     grlib.a : context.obj (.text:Graphics_setForegroundColor)
                  000019ae    00000016             : display.obj (.text:Graphics_translateColorOnDisplay)
                  000019c4    0000000e     rtsv7M4_T_le_v4SPD16_eabi.lib : copy_decompress_none.c.obj (.text:decompress:none:__TI_decompress_none)
                  000019d2    0000000c     startup_msp432p401r_ccs.obj (.text:Reset_Handler)
                  000019de    0000000c     rtsv7M4_T_le_v4SPD16_eabi.lib : copy_zero_init.c.obj (.text:decompress:ZI:__TI_zero_init)
                  000019ea    0000000a     Crystalfontz128x128_ST7735.obj (.text:Crystalfontz128x128_Flush)
                  000019f4    00000004     rtsv7M4_T_le_v4SPD16_eabi.lib : pre_init.c.obj (.text:_system_pre_init)
                  000019f8    00000004                                   : exit.c.obj (.text:abort:abort)
                  000019fc    00000002     main.obj (.text:drawTitle)

.const     0    00001a00    000004fc     
                  00001a00    000002f8     grlib.a : fontfixed6x8.obj (.const:.string:g_pucFontFixed6x8Data)
                  00001cf8    000000c8             : fontfixed6x8.obj (.const:g_sFontFixed6x8)
                  00001dc0    00000080     msp432p4xx_driverlib.lib : adc14.o (.const:_ctlRegs)
                  00001e40    00000030                              : gpio.o (.const:GPIO_PORT_TO_BASE)
                  00001e70    00000024     main.obj (.const:uartConfig)
                  00001e94    00000020     Crystalfontz128x128_ST7735.obj (.const:g_sCrystalfontz128x128_funcs)
                  00001eb4    0000001c     HAL_MSP_EXP432P401R_Crystalfontz128x128_ST7735.obj (.const:$P$T0$1)
                  00001ed0    00000012     main.obj (.const:.string:$P$T0$1)
                  00001ee2    00000012     main.obj (.const:.string:$P$T1$2)
                  00001ef4    00000008     Crystalfontz128x128_ST7735.obj (.const:$P$T0$1)

.cinit     0    00001f00    00000038     
                  00001f00    00000010     (.cinit..data.load) [load image, compression = lzss]
                  00001f10    0000000c     (__TI_handler_table)
                  00001f1c    00000004     --HOLE-- [fill = 0]
                  00001f20    00000008     (.cinit..bss.load) [load image, compression = zero_init]
                  00001f28    00000010     (__TI_cinit_table)

.init_array 
*          0    00000000    00000000     UNINITIALIZED

.binit     0    00000000    00000000     

.bss       0    20000000    00004842     UNINITIALIZED
                  20000000    00004000     (.common:image)
                  20004000    00000400     grlib.a : image.obj (.bss:g_pulConvertedPalette)
                  20004400    00000400     (.common:pallet)
                  20004800    0000001c     (.common:g_sContext)
                  2000481c    00000010     (.common:bitmap)
                  2000482c    00000008     main.obj (.bss:resultsBuffer_ACC)
                  20004834    00000004     main.obj (.bss:resultsBuffer_JOY)
                  20004838    00000002     (.common:Lcd_ScreenHeigth)
                  2000483a    00000002     (.common:Lcd_ScreenWidth)
                  2000483c    00000002     (.common:Lcd_TouchTrim)
                  2000483e    00000001     (.common:Lcd_FlagRead)
                  2000483f    00000001     (.common:Lcd_FontSolid)
                  20004840    00000001     (.common:Lcd_Orientation)
                  20004841    00000001     (.common:Lcd_PenSolid)

.data      0    20004844    0000002c     UNINITIALIZED
                  20004844    0000001c     main.obj (.data)
                  20004860    00000010     Crystalfontz128x128_ST7735.obj (.data:g_sCrystalfontz128x128)

.stack     0    2000fe00    00000200     UNINITIALIZED
                  2000fe00    00000004     rtsv7M4_T_le_v4SPD16_eabi.lib : boot_cortex_m.c.obj (.stack)
                  2000fe04    000001fc     --HOLE--

MODULE SUMMARY

       Module                                               code   ro data   rw data
       ------                                               ----   -------   -------
    ./
       main.obj                                             1538   72        34984  
       system_msp432p401r.obj                               120    0         0      
    +--+----------------------------------------------------+------+---------+---------+
       Total:                                               1658   72        34984  
                                                                                    
    ./LcdDriver/
       Crystalfontz128x128_ST7735.obj                       1670   40        52     
       HAL_MSP_EXP432P401R_Crystalfontz128x128_ST7735.obj   212    28        0      
    +--+----------------------------------------------------+------+---------+---------+
       Total:                                               1882   68        52     
                                                                                    
    ./ccs/
       startup_msp432p401r_ccs.obj                          14     228       0      
    +--+----------------------------------------------------+------+---------+---------+
       Total:                                               14     228       0      
                                                                                    
    /home/ariac/ti/ccs910/ccs/tools/compiler/ti-cgt-arm_18.12.3.LTS/lib/rtsv7M4_T_le_v4SPD16_eabi.lib
       memcpy_t2.asm.obj                                    156    0         0      
       memset_t2.asm.obj                                    122    0         0      
       copy_decompress_lzss.c.obj                           104    0         0      
       autoinit.c.obj                                       68     0         0      
       boot_cortex_m.c.obj                                  52     0         0      
       copy_decompress_none.c.obj                           14     0         0      
       copy_zero_init.c.obj                                 12     0         0      
       exit.c.obj                                           4      0         0      
       pre_init.c.obj                                       4      0         0      
    +--+----------------------------------------------------+------+---------+---------+
       Total:                                               536    0         0      
                                                                                    
    /home/ariac/ti/simplelink_msp432p4_sdk_3_20_00_06/source/ti/devices/msp432p4xx/driverlib/ccs/msp432p4xx_driverlib.lib
       adc14.o                                              380    128       0      
       gpio.o                                               280    48        0      
       spi.o                                                312    0         0      
       cs.o                                                 52     0         0      
    +--+----------------------------------------------------+------+---------+---------+
       Total:                                               1024   176       0      
                                                                                    
    /home/ariac/ti/simplelink_msp432p4_sdk_3_20_00_06/source/ti/grlib/lib/ccs/m4f/grlib.a
       image.obj                                            1020   0         2048   
       fontfixed6x8.obj                                     0      960       0      
       context.obj                                          156    0         0      
       display.obj                                          136    0         0      
    +--+----------------------------------------------------+------+---------+---------+
       Total:                                               1312   960       2048   
                                                                                    
       Stack:                                               0      0         1024   
       Linker Generated:                                    0      52        0      
    +--+----------------------------------------------------+------+---------+---------+
       Grand Total:                                         6426   1556      38108  


LINKER GENERATED COPY TABLES

__TI_cinit_table @ 00001f28 records: 2, size/record: 8, table size: 16
	.data: load addr=00001f00, load size=00000010 bytes, run addr=20004844, run size=0000002c bytes, compression=lzss
	.bss: load addr=00001f20, load size=00000008 bytes, run addr=20000000, run size=00004842 bytes, compression=zero_init


LINKER GENERATED HANDLER TABLE

__TI_handler_table @ 00001f10 records: 3, size/record: 4, table size: 12
	index: 0, handler: __TI_decompress_lzss
	index: 1, handler: __TI_decompress_none
	index: 2, handler: __TI_zero_init


GLOBAL SYMBOLS: SORTED ALPHABETICALLY BY Name 

address   name                                       
-------   ----                                       
00000719  ADC14_IRQHandler                           
00000719  ADC14_IRQHandler                           
00001901  ADC14_getResult                            
000012af  AES256_IRQHandler                          
000012af  BusFault_Handler                           
000019f9  C$$EXIT                                    
000012af  COMP_E0_IRQHandler                         
000012af  COMP_E1_IRQHandler                         
000012af  CS_IRQHandler                              
0000176d  CS_setDCOCenteredFrequency                 
00000e99  Crystalfontz128x128_Init                   
00000c35  Crystalfontz128x128_SetDrawFrame           
000014bd  Crystalfontz128x128_SetOrientation         
000012af  DMA_ERR_IRQHandler                         
000012af  DMA_INT0_IRQHandler                        
000012af  DMA_INT1_IRQHandler                        
000012af  DMA_INT2_IRQHandler                        
000012af  DMA_INT3_IRQHandler                        
000012af  DebugMon_Handler                           
000012af  Default_Handler                            
00000d69  EUSCIA0_IRQHandler                         
00000d69  EUSCIA0_IRQHandler                         
000012af  EUSCIA1_IRQHandler                         
000012af  EUSCIA2_IRQHandler                         
000012af  EUSCIA3_IRQHandler                         
000012af  EUSCIB0_IRQHandler                         
000012af  EUSCIB1_IRQHandler                         
000012af  EUSCIB2_IRQHandler                         
000012af  EUSCIB3_IRQHandler                         
0000196d  EUSCI_A_SPI_enable                         
00001983  EUSCI_B_SPI_enable                         
000012af  FLCTL_IRQHandler                           
000012af  FPU_IRQHandler                             
00001675  GPIO_setAsOutputPin                        
000011ad  GPIO_setAsPeripheralModuleFunctionOutputPin
000018b1  GPIO_setOutputHighOnPin                    
000018d9  GPIO_setOutputLowOnPin                     
000000e5  Graphics_drawImage                         
000015ab  Graphics_drawMultiplePixelsOnDisplay       
00001831  Graphics_drawPixelOnDisplay                
00001511  Graphics_initContext                       
00001939  Graphics_setBackgroundColor                
00001953  Graphics_setFont                           
00001999  Graphics_setForegroundColor                
000019af  Graphics_translateColorOnDisplay           
000017d5  HAL_LCD_PortInit                           
000016b5  HAL_LCD_SpiInit                            
00001735  HAL_LCD_writeCommand                       
0000185d  HAL_LCD_writeData                          
000012af  HardFault_Handler                          
2000483e  Lcd_FlagRead                               
2000483f  Lcd_FontSolid                              
20004840  Lcd_Orientation                            
20004841  Lcd_PenSolid                               
20004838  Lcd_ScreenHeigth                           
2000483a  Lcd_ScreenWidth                            
2000483c  Lcd_TouchTrim                              
000012af  MemManage_Handler                          
000012af  NMI_Handler                                
000012af  PCM_IRQHandler                             
000012af  PORT1_IRQHandler                           
000012af  PORT2_IRQHandler                           
000012af  PORT3_IRQHandler                           
000012af  PORT4_IRQHandler                           
000012af  PORT5_IRQHandler                           
000012af  PORT6_IRQHandler                           
000012af  PSS_IRQHandler                             
000012af  PendSV_Handler                             
000012af  RTC_C_IRQHandler                           
000019d3  Reset_Handler                              
0000191d  SPI_enableModule                           
00000fc5  SPI_initMaster                             
000012af  SVC_Handler                                
000012af  SysTick_Handler                            
000012b1  SystemInit                                 
000012af  T32_INT1_IRQHandler                        
000012af  T32_INT2_IRQHandler                        
000012af  T32_INTC_IRQHandler                        
000012af  TA0_0_IRQHandler                           
000012af  TA0_N_IRQHandler                           
000012af  TA1_0_IRQHandler                           
000012af  TA1_N_IRQHandler                           
000012af  TA2_0_IRQHandler                           
000012af  TA2_N_IRQHandler                           
000012af  TA3_0_IRQHandler                           
000012af  TA3_N_IRQHandler                           
000012af  UsageFault_Handler                         
4000480c  WDTCTL_SYM                                 
000012af  WDT_A_IRQHandler                           
20010000  __STACK_END                                
00000200  __STACK_SIZE                               
00001f28  __TI_CINIT_Base                            
00001f38  __TI_CINIT_Limit                           
00001f10  __TI_Handler_Table_Base                    
00001f1c  __TI_Handler_Table_Limit                   
000015f1  __TI_auto_init_nobinit_nopinit             
00001395  __TI_decompress_lzss                       
000019c5  __TI_decompress_none                       
ffffffff  __TI_pprof_out_hndl                        
ffffffff  __TI_prof_data_size                        
ffffffff  __TI_prof_data_start                       
00000000  __TI_static_base__                         
000019df  __TI_zero_init                             
00001235  __aeabi_memclr                             
00001235  __aeabi_memclr4                            
00001235  __aeabi_memclr8                            
00001111  __aeabi_memcpy                             
00001111  __aeabi_memcpy4                            
00001111  __aeabi_memcpy8                            
00001237  __aeabi_memset                             
00001237  __aeabi_memset4                            
00001237  __aeabi_memset8                            
ffffffff  __binit__                                  
ffffffff  __c_args__                                 
UNDEFED   __mpu_init                                 
2000fe00  __stack                                    
000017a1  _c_int00_noargs                            
UNDEFED   _system_post_cinit                         
000019f5  _system_pre_init                           
000019f9  abort                                      
ffffffff  binit                                      
2000481c  bitmap                                     
20004858  delay                                      
2000485c  done                                       
000019fd  drawTitle                                  
20004800  g_sContext                                 
20004860  g_sCrystalfontz128x128                     
00001e94  g_sCrystalfontz128x128_funcs               
00001cf8  g_sFontFixed6x8                            
20000000  image                                      
20004850  imageOrpallet                              
2000484c  imageindex                                 
20004844  index                                      
00000000  interruptVectors                           
00000475  main                                       
00001111  memcpy                                     
0000123d  memset                                     
00001563  num2str                                    
20004400  pallet                                     
20004854  palletData                                 
20004848  palletindex                                
00001e70  uartConfig                                 


GLOBAL SYMBOLS: SORTED BY Symbol Address 

address   name                                       
-------   ----                                       
00000000  __TI_static_base__                         
00000000  interruptVectors                           
000000e5  Graphics_drawImage                         
00000200  __STACK_SIZE                               
00000475  main                                       
00000719  ADC14_IRQHandler                           
00000719  ADC14_IRQHandler                           
00000c35  Crystalfontz128x128_SetDrawFrame           
00000d69  EUSCIA0_IRQHandler                         
00000d69  EUSCIA0_IRQHandler                         
00000e99  Crystalfontz128x128_Init                   
00000fc5  SPI_initMaster                             
00001111  __aeabi_memcpy                             
00001111  __aeabi_memcpy4                            
00001111  __aeabi_memcpy8                            
00001111  memcpy                                     
000011ad  GPIO_setAsPeripheralModuleFunctionOutputPin
00001235  __aeabi_memclr                             
00001235  __aeabi_memclr4                            
00001235  __aeabi_memclr8                            
00001237  __aeabi_memset                             
00001237  __aeabi_memset4                            
00001237  __aeabi_memset8                            
0000123d  memset                                     
000012af  AES256_IRQHandler                          
000012af  BusFault_Handler                           
000012af  COMP_E0_IRQHandler                         
000012af  COMP_E1_IRQHandler                         
000012af  CS_IRQHandler                              
000012af  DMA_ERR_IRQHandler                         
000012af  DMA_INT0_IRQHandler                        
000012af  DMA_INT1_IRQHandler                        
000012af  DMA_INT2_IRQHandler                        
000012af  DMA_INT3_IRQHandler                        
000012af  DebugMon_Handler                           
000012af  Default_Handler                            
000012af  EUSCIA1_IRQHandler                         
000012af  EUSCIA2_IRQHandler                         
000012af  EUSCIA3_IRQHandler                         
000012af  EUSCIB0_IRQHandler                         
000012af  EUSCIB1_IRQHandler                         
000012af  EUSCIB2_IRQHandler                         
000012af  EUSCIB3_IRQHandler                         
000012af  FLCTL_IRQHandler                           
000012af  FPU_IRQHandler                             
000012af  HardFault_Handler                          
000012af  MemManage_Handler                          
000012af  NMI_Handler                                
000012af  PCM_IRQHandler                             
000012af  PORT1_IRQHandler                           
000012af  PORT2_IRQHandler                           
000012af  PORT3_IRQHandler                           
000012af  PORT4_IRQHandler                           
000012af  PORT5_IRQHandler                           
000012af  PORT6_IRQHandler                           
000012af  PSS_IRQHandler                             
000012af  PendSV_Handler                             
000012af  RTC_C_IRQHandler                           
000012af  SVC_Handler                                
000012af  SysTick_Handler                            
000012af  T32_INT1_IRQHandler                        
000012af  T32_INT2_IRQHandler                        
000012af  T32_INTC_IRQHandler                        
000012af  TA0_0_IRQHandler                           
000012af  TA0_N_IRQHandler                           
000012af  TA1_0_IRQHandler                           
000012af  TA1_N_IRQHandler                           
000012af  TA2_0_IRQHandler                           
000012af  TA2_N_IRQHandler                           
000012af  TA3_0_IRQHandler                           
000012af  TA3_N_IRQHandler                           
000012af  UsageFault_Handler                         
000012af  WDT_A_IRQHandler                           
000012b1  SystemInit                                 
00001395  __TI_decompress_lzss                       
000014bd  Crystalfontz128x128_SetOrientation         
00001511  Graphics_initContext                       
00001563  num2str                                    
000015ab  Graphics_drawMultiplePixelsOnDisplay       
000015f1  __TI_auto_init_nobinit_nopinit             
00001675  GPIO_setAsOutputPin                        
000016b5  HAL_LCD_SpiInit                            
00001735  HAL_LCD_writeCommand                       
0000176d  CS_setDCOCenteredFrequency                 
000017a1  _c_int00_noargs                            
000017d5  HAL_LCD_PortInit                           
00001831  Graphics_drawPixelOnDisplay                
0000185d  HAL_LCD_writeData                          
000018b1  GPIO_setOutputHighOnPin                    
000018d9  GPIO_setOutputLowOnPin                     
00001901  ADC14_getResult                            
0000191d  SPI_enableModule                           
00001939  Graphics_setBackgroundColor                
00001953  Graphics_setFont                           
0000196d  EUSCI_A_SPI_enable                         
00001983  EUSCI_B_SPI_enable                         
00001999  Graphics_setForegroundColor                
000019af  Graphics_translateColorOnDisplay           
000019c5  __TI_decompress_none                       
000019d3  Reset_Handler                              
000019df  __TI_zero_init                             
000019f5  _system_pre_init                           
000019f9  C$$EXIT                                    
000019f9  abort                                      
000019fd  drawTitle                                  
00001cf8  g_sFontFixed6x8                            
00001e70  uartConfig                                 
00001e94  g_sCrystalfontz128x128_funcs               
00001f10  __TI_Handler_Table_Base                    
00001f1c  __TI_Handler_Table_Limit                   
00001f28  __TI_CINIT_Base                            
00001f38  __TI_CINIT_Limit                           
20000000  image                                      
20004400  pallet                                     
20004800  g_sContext                                 
2000481c  bitmap                                     
20004838  Lcd_ScreenHeigth                           
2000483a  Lcd_ScreenWidth                            
2000483c  Lcd_TouchTrim                              
2000483e  Lcd_FlagRead                               
2000483f  Lcd_FontSolid                              
20004840  Lcd_Orientation                            
20004841  Lcd_PenSolid                               
20004844  index                                      
20004848  palletindex                                
2000484c  imageindex                                 
20004850  imageOrpallet                              
20004854  palletData                                 
20004858  delay                                      
2000485c  done                                       
20004860  g_sCrystalfontz128x128                     
2000fe00  __stack                                    
20010000  __STACK_END                                
4000480c  WDTCTL_SYM                                 
ffffffff  __TI_pprof_out_hndl                        
ffffffff  __TI_prof_data_size                        
ffffffff  __TI_prof_data_start                       
ffffffff  __binit__                                  
ffffffff  __c_args__                                 
ffffffff  binit                                      
UNDEFED   __mpu_init                                 
UNDEFED   _system_post_cinit                         

[142 symbols]
