******************************************************************************
                  TI ARM Linker Unix v18.12.3                  
******************************************************************************
>> Linked Mon Oct 21 16:27:12 2019

OUTPUT FILE NAME:   <exam1.out>
ENTRY POINT SYMBOL: "_c_int00_noargs"  address: 000006e5


MEMORY CONFIGURATION

         name            origin    length      used     unused   attr    fill
----------------------  --------  ---------  --------  --------  ----  --------
  MAIN                  00000000   00040000  00000788  0003f878  R  X
  INFO                  00200000   00004000  00000000  00004000  R  X
  SRAM_CODE             01000000   00010000  00000205  0000fdfb  RW X
  SRAM_DATA             20000000   00010000  00000205  0000fdfb  RW  


SEGMENT ALLOCATION MAP

run origin  load origin   length   init length attrs members
----------  ----------- ---------- ----------- ----- -------
00000000    00000000    00000788   00000788    r-x
  00000000    00000000    000000e4   000000e4    r-- .intvecs
  000000e4    000000e4    00000674   00000674    r-x .text
  00000758    00000758    00000030   00000030    r-- .cinit
20000000    20000000    00000005   00000000    rw-
  20000000    20000000    00000004   00000000    rw- .data
  20000004    20000004    00000001   00000000    rw- .bss
2000fe00    2000fe00    00000200   00000000    rw-
  2000fe00    2000fe00    00000200   00000000    rw- .stack


SECTION ALLOCATION MAP

 output                                  attributes/
section   page    origin      length       input sections
--------  ----  ----------  ----------   ----------------
.intvecs   0    00000000    000000e4     
                  00000000    000000e4     startup_msp432p401r_ccs.obj (.intvecs:retain)

.text      0    000000e4    00000674     
                  000000e4    00000334     system_msp432p401r.obj (.text)
                  00000418    00000184     main.obj (.text)
                  0000059c    0000009c     rtsv7M4_T_le_v4SPD16_eabi.lib : memcpy_t2.asm.obj (.text)
                  00000638    00000068                                   : copy_decompress_lzss.c.obj (.text:decompress:lzss:__TI_decompress_lzss)
                  000006a0    00000044                                   : autoinit.c.obj (.text:__TI_auto_init_nobinit_nopinit:__TI_auto_init_nobinit_nopinit)
                  000006e4    00000034                                   : boot_cortex_m.c.obj (.text:_c_int00_noargs:_c_int00_noargs)
                  00000718    0000001c                                   : copy_zero_init.c.obj (.text:decompress:ZI:__TI_zero_init_nomemset:__TI_zero_init_nomemset)
                  00000734    0000000e                                   : copy_decompress_none.c.obj (.text:decompress:none:__TI_decompress_none)
                  00000742    0000000e     startup_msp432p401r_ccs.obj (.text)
                  00000750    00000004     rtsv7M4_T_le_v4SPD16_eabi.lib : pre_init.c.obj (.text:_system_pre_init)
                  00000754    00000004                                   : exit.c.obj (.text:abort:abort)

.cinit     0    00000758    00000030     
                  00000758    0000000c     (__TI_handler_table)
                  00000764    00000004     --HOLE-- [fill = 0]
                  00000768    00000008     (.cinit..bss.load) [load image, compression = zero_init]
                  00000770    00000008     (.cinit..data.load) [load image, compression = lzss]
                  00000778    00000010     (__TI_cinit_table)

.init_array 
*          0    00000000    00000000     UNINITIALIZED

.binit     0    00000000    00000000     

.data      0    20000000    00000004     UNINITIALIZED
                  20000000    00000004     system_msp432p401r.obj (.data)

.bss       0    20000004    00000001     UNINITIALIZED
                  20000004    00000001     (.common:tgstate)

.stack     0    2000fe00    00000200     UNINITIALIZED
                  2000fe00    00000004     rtsv7M4_T_le_v4SPD16_eabi.lib : boot_cortex_m.c.obj (.stack)
                  2000fe04    000001fc     --HOLE--

MODULE SUMMARY

       Module                        code   ro data   rw data
       ------                        ----   -------   -------
    ./
       system_msp432p401r.obj        820    0         8      
       main.obj                      388    0         2      
       startup_msp432p401r_ccs.obj   14     228       0      
    +--+-----------------------------+------+---------+---------+
       Total:                        1222   228       10     
                                                             
    /home/ariac/ti/ccs910/ccs/tools/compiler/ti-cgt-arm_18.12.3.LTS/lib/rtsv7M4_T_le_v4SPD16_eabi.lib
       memcpy_t2.asm.obj             156    0         0      
       copy_decompress_lzss.c.obj    104    0         0      
       autoinit.c.obj                68     0         0      
       boot_cortex_m.c.obj           52     0         0      
       copy_zero_init.c.obj          28     0         0      
       copy_decompress_none.c.obj    14     0         0      
       exit.c.obj                    4      0         0      
       pre_init.c.obj                4      0         0      
    +--+-----------------------------+------+---------+---------+
       Total:                        430    0         0      
                                                             
       Stack:                        0      0         1024   
       Linker Generated:             0      44        0      
    +--+-----------------------------+------+---------+---------+
       Grand Total:                  1652   272       1034   


LINKER GENERATED COPY TABLES

__TI_cinit_table @ 00000778 records: 2, size/record: 8, table size: 16
	.bss: load addr=00000768, load size=00000008 bytes, run addr=20000004, run size=00000001 bytes, compression=zero_init
	.data: load addr=00000770, load size=00000008 bytes, run addr=20000000, run size=00000004 bytes, compression=lzss


LINKER GENERATED HANDLER TABLE

__TI_handler_table @ 00000758 records: 3, size/record: 4, table size: 12
	index: 0, handler: __TI_decompress_lzss
	index: 1, handler: __TI_decompress_none
	index: 2, handler: __TI_zero_init


GLOBAL SYMBOLS: SORTED ALPHABETICALLY BY Name 

address   name                          
-------   ----                          
0000074f  ADC14_IRQHandler              
0000074f  AES256_IRQHandler             
0000074f  BusFault_Handler              
00000755  C$$EXIT                       
0000074f  COMP_E0_IRQHandler            
0000074f  COMP_E1_IRQHandler            
0000074f  CS_IRQHandler                 
0000074f  DMA_ERR_IRQHandler            
0000074f  DMA_INT0_IRQHandler           
0000074f  DMA_INT1_IRQHandler           
0000074f  DMA_INT2_IRQHandler           
0000074f  DMA_INT3_IRQHandler           
0000074f  DebugMon_Handler              
0000074f  Default_Handler               
0000074f  EUSCIA0_IRQHandler            
0000074f  EUSCIA1_IRQHandler            
0000074f  EUSCIA2_IRQHandler            
0000074f  EUSCIA3_IRQHandler            
0000074f  EUSCIB0_IRQHandler            
0000074f  EUSCIB1_IRQHandler            
0000074f  EUSCIB2_IRQHandler            
0000074f  EUSCIB3_IRQHandler            
0000074f  FLCTL_IRQHandler              
0000074f  FPU_IRQHandler                
0000074f  HardFault_Handler             
0000074f  MemManage_Handler             
0000074f  NMI_Handler                   
0000074f  PCM_IRQHandler                
0000074f  PORT1_IRQHandler              
0000074f  PORT2_IRQHandler              
0000074f  PORT3_IRQHandler              
0000074f  PORT4_IRQHandler              
0000074f  PORT5_IRQHandler              
0000074f  PORT6_IRQHandler              
0000074f  PSS_IRQHandler                
0000074f  PendSV_Handler                
0000074f  RTC_C_IRQHandler              
00000743  Reset_Handler                 
0000074f  SVC_Handler                   
00000437  SysTick_Handler               
00000437  SysTick_Handler               
00000447  SysTick_Init                  
20000000  SystemCoreClock               
000000e5  SystemCoreClockUpdate         
0000035d  SystemInit                    
0000074f  T32_INT1_IRQHandler           
0000074f  T32_INT2_IRQHandler           
0000074f  T32_INTC_IRQHandler           
0000074f  TA0_0_IRQHandler              
0000074f  TA0_N_IRQHandler              
0000074f  TA1_0_IRQHandler              
0000074f  TA1_N_IRQHandler              
0000074f  TA2_0_IRQHandler              
0000074f  TA2_N_IRQHandler              
0000074f  TA3_0_IRQHandler              
0000074f  TA3_N_IRQHandler              
000004a7  TickFct_ToggleLED             
0000074f  UsageFault_Handler            
4000480c  WDTCTL_SYM                    
0000074f  WDT_A_IRQHandler              
20010000  __STACK_END                   
00000200  __STACK_SIZE                  
00000778  __TI_CINIT_Base               
00000788  __TI_CINIT_Limit              
00000758  __TI_Handler_Table_Base       
00000764  __TI_Handler_Table_Limit      
000006a1  __TI_auto_init_nobinit_nopinit
00000639  __TI_decompress_lzss          
00000735  __TI_decompress_none          
ffffffff  __TI_pprof_out_hndl           
ffffffff  __TI_prof_data_size           
ffffffff  __TI_prof_data_start          
00000000  __TI_static_base__            
00000719  __TI_zero_init_nomemset       
0000059d  __aeabi_memcpy                
0000059d  __aeabi_memcpy4               
0000059d  __aeabi_memcpy8               
ffffffff  __binit__                     
ffffffff  __c_args__                    
UNDEFED   __mpu_init                    
2000fe00  __stack                       
000006e5  _c_int00_noargs               
UNDEFED   _system_post_cinit            
00000751  _system_pre_init              
00000755  abort                         
ffffffff  binit                         
0000047f  initPorts                     
00000000  interruptVectors              
00000419  main                          
0000059d  memcpy                        
20000004  tgstate                       


GLOBAL SYMBOLS: SORTED BY Symbol Address 

address   name                          
-------   ----                          
00000000  __TI_static_base__            
00000000  interruptVectors              
000000e5  SystemCoreClockUpdate         
00000200  __STACK_SIZE                  
0000035d  SystemInit                    
00000419  main                          
00000437  SysTick_Handler               
00000437  SysTick_Handler               
00000447  SysTick_Init                  
0000047f  initPorts                     
000004a7  TickFct_ToggleLED             
0000059d  __aeabi_memcpy                
0000059d  __aeabi_memcpy4               
0000059d  __aeabi_memcpy8               
0000059d  memcpy                        
00000639  __TI_decompress_lzss          
000006a1  __TI_auto_init_nobinit_nopinit
000006e5  _c_int00_noargs               
00000719  __TI_zero_init_nomemset       
00000735  __TI_decompress_none          
00000743  Reset_Handler                 
0000074f  ADC14_IRQHandler              
0000074f  AES256_IRQHandler             
0000074f  BusFault_Handler              
0000074f  COMP_E0_IRQHandler            
0000074f  COMP_E1_IRQHandler            
0000074f  CS_IRQHandler                 
0000074f  DMA_ERR_IRQHandler            
0000074f  DMA_INT0_IRQHandler           
0000074f  DMA_INT1_IRQHandler           
0000074f  DMA_INT2_IRQHandler           
0000074f  DMA_INT3_IRQHandler           
0000074f  DebugMon_Handler              
0000074f  Default_Handler               
0000074f  EUSCIA0_IRQHandler            
0000074f  EUSCIA1_IRQHandler            
0000074f  EUSCIA2_IRQHandler            
0000074f  EUSCIA3_IRQHandler            
0000074f  EUSCIB0_IRQHandler            
0000074f  EUSCIB1_IRQHandler            
0000074f  EUSCIB2_IRQHandler            
0000074f  EUSCIB3_IRQHandler            
0000074f  FLCTL_IRQHandler              
0000074f  FPU_IRQHandler                
0000074f  HardFault_Handler             
0000074f  MemManage_Handler             
0000074f  NMI_Handler                   
0000074f  PCM_IRQHandler                
0000074f  PORT1_IRQHandler              
0000074f  PORT2_IRQHandler              
0000074f  PORT3_IRQHandler              
0000074f  PORT4_IRQHandler              
0000074f  PORT5_IRQHandler              
0000074f  PORT6_IRQHandler              
0000074f  PSS_IRQHandler                
0000074f  PendSV_Handler                
0000074f  RTC_C_IRQHandler              
0000074f  SVC_Handler                   
0000074f  T32_INT1_IRQHandler           
0000074f  T32_INT2_IRQHandler           
0000074f  T32_INTC_IRQHandler           
0000074f  TA0_0_IRQHandler              
0000074f  TA0_N_IRQHandler              
0000074f  TA1_0_IRQHandler              
0000074f  TA1_N_IRQHandler              
0000074f  TA2_0_IRQHandler              
0000074f  TA2_N_IRQHandler              
0000074f  TA3_0_IRQHandler              
0000074f  TA3_N_IRQHandler              
0000074f  UsageFault_Handler            
0000074f  WDT_A_IRQHandler              
00000751  _system_pre_init              
00000755  C$$EXIT                       
00000755  abort                         
00000758  __TI_Handler_Table_Base       
00000764  __TI_Handler_Table_Limit      
00000778  __TI_CINIT_Base               
00000788  __TI_CINIT_Limit              
20000000  SystemCoreClock               
20000004  tgstate                       
2000fe00  __stack                       
20010000  __STACK_END                   
4000480c  WDTCTL_SYM                    
ffffffff  __TI_pprof_out_hndl           
ffffffff  __TI_prof_data_size           
ffffffff  __TI_prof_data_start          
ffffffff  __binit__                     
ffffffff  __c_args__                    
ffffffff  binit                         
UNDEFED   __mpu_init                    
UNDEFED   _system_post_cinit            

[91 symbols]
