******************************************************************************
                  TI ARM Linker Unix v18.12.3                  
******************************************************************************
>> Linked Tue Oct  1 16:18:37 2019

OUTPUT FILE NAME:   <hw5.out>
ENTRY POINT SYMBOL: "_c_int00_noargs"  address: 00000849


MEMORY CONFIGURATION

         name            origin    length      used     unused   attr    fill
----------------------  --------  ---------  --------  --------  ----  --------
  MAIN                  00000000   00040000  000008ec  0003f714  R  X
  INFO                  00200000   00004000  00000000  00004000  R  X
  SRAM_CODE             01000000   00010000  0000020a  0000fdf6  RW X
  SRAM_DATA             20000000   00010000  0000020a  0000fdf6  RW  


SEGMENT ALLOCATION MAP

run origin  load origin   length   init length attrs members
----------  ----------- ---------- ----------- ----- -------
00000000    00000000    000008f0   000008f0    r-x
  00000000    00000000    000000e4   000000e4    r-- .intvecs
  000000e4    000000e4    000007d8   000007d8    r-x .text
  000008c0    000008c0    00000030   00000030    r-- .cinit
20000000    20000000    0000000c   00000000    rw-
  20000000    20000000    00000006   00000000    rw- .bss
  20000008    20000008    00000004   00000000    rw- .data
2000fe00    2000fe00    00000200   00000000    rw-
  2000fe00    2000fe00    00000200   00000000    rw- .stack


SECTION ALLOCATION MAP

 output                                  attributes/
section   page    origin      length       input sections
--------  ----  ----------  ----------   ----------------
.intvecs   0    00000000    000000e4     
                  00000000    000000e4     startup_msp432p401r_ccs.obj (.intvecs:retain)

.text      0    000000e4    000007d8     
                  000000e4    00000334     system_msp432p401r.obj (.text)
                  00000418    000002e8     main.obj (.text)
                  00000700    0000009c     rtsv7M4_T_le_v4SPD16_eabi.lib : memcpy_t2.asm.obj (.text)
                  0000079c    00000068                                   : copy_decompress_lzss.c.obj (.text:decompress:lzss:__TI_decompress_lzss)
                  00000804    00000044                                   : autoinit.c.obj (.text:__TI_auto_init_nobinit_nopinit:__TI_auto_init_nobinit_nopinit)
                  00000848    00000034                                   : boot_cortex_m.c.obj (.text:_c_int00_noargs:_c_int00_noargs)
                  0000087c    0000001c                                   : copy_zero_init.c.obj (.text:decompress:ZI:__TI_zero_init_nomemset:__TI_zero_init_nomemset)
                  00000898    0000000e                                   : copy_decompress_none.c.obj (.text:decompress:none:__TI_decompress_none)
                  000008a6    0000000e     startup_msp432p401r_ccs.obj (.text)
                  000008b4    00000004     rtsv7M4_T_le_v4SPD16_eabi.lib : pre_init.c.obj (.text:_system_pre_init)
                  000008b8    00000004                                   : exit.c.obj (.text:abort:abort)

.cinit     0    000008c0    00000030     
                  000008c0    0000000c     (__TI_handler_table)
                  000008cc    00000004     --HOLE-- [fill = 0]
                  000008d0    00000008     (.cinit..bss.load) [load image, compression = zero_init]
                  000008d8    00000008     (.cinit..data.load) [load image, compression = lzss]
                  000008e0    00000010     (__TI_cinit_table)

.init_array 
*          0    00000000    00000000     UNINITIALIZED

.binit     0    00000000    00000000     

.bss       0    20000000    00000006     UNINITIALIZED
                  20000000    00000001     (.common:BLstate)
                  20000001    00000001     (.common:DMstate)
                  20000002    00000001     (.common:ILstate)
                  20000003    00000001     (.common:cnt)
                  20000004    00000001     (.common:flag)
                  20000005    00000001     (.common:mnt)

.data      0    20000008    00000004     UNINITIALIZED
                  20000008    00000004     system_msp432p401r.obj (.data)

.stack     0    2000fe00    00000200     UNINITIALIZED
                  2000fe00    00000004     rtsv7M4_T_le_v4SPD16_eabi.lib : boot_cortex_m.c.obj (.stack)
                  2000fe04    000001fc     --HOLE--

MODULE SUMMARY

       Module                        code   ro data   rw data
       ------                        ----   -------   -------
    ./
       system_msp432p401r.obj        820    0         8      
       main.obj                      744    0         12     
       startup_msp432p401r_ccs.obj   14     228       0      
    +--+-----------------------------+------+---------+---------+
       Total:                        1578   228       20     
                                                             
    /home/ariac/ti/ccs910/ccs/tools/compiler/ti-cgt-arm_18.12.3.LTS/lib/rtsv7M4_T_le_v4SPD16_eabi.lib
       memcpy_t2.asm.obj             156    0         0      
       copy_decompress_lzss.c.obj    104    0         0      
       autoinit.c.obj                68     0         0      
       boot_cortex_m.c.obj           52     0         0      
       copy_zero_init.c.obj          28     0         0      
       copy_decompress_none.c.obj    14     0         0      
       exit.c.obj                    4      0         0      
       pre_init.c.obj                4      0         0      
    +--+-----------------------------+------+---------+---------+
       Total:                        430    0         0      
                                                             
       Stack:                        0      0         1024   
       Linker Generated:             0      44        0      
    +--+-----------------------------+------+---------+---------+
       Grand Total:                  2008   272       1044   


LINKER GENERATED COPY TABLES

__TI_cinit_table @ 000008e0 records: 2, size/record: 8, table size: 16
	.bss: load addr=000008d0, load size=00000008 bytes, run addr=20000000, run size=00000006 bytes, compression=zero_init
	.data: load addr=000008d8, load size=00000008 bytes, run addr=20000008, run size=00000004 bytes, compression=lzss


LINKER GENERATED HANDLER TABLE

__TI_handler_table @ 000008c0 records: 3, size/record: 4, table size: 12
	index: 0, handler: __TI_decompress_lzss
	index: 1, handler: __TI_decompress_none
	index: 2, handler: __TI_zero_init


GLOBAL SYMBOLS: SORTED ALPHABETICALLY BY Name 

address   name                          
-------   ----                          
000008b3  ADC14_IRQHandler              
000008b3  AES256_IRQHandler             
20000000  BLstate                       
000008b3  BusFault_Handler              
000008b9  C$$EXIT                       
000008b3  COMP_E0_IRQHandler            
000008b3  COMP_E1_IRQHandler            
000008b3  CS_IRQHandler                 
000008b3  DMA_ERR_IRQHandler            
000008b3  DMA_INT0_IRQHandler           
000008b3  DMA_INT1_IRQHandler           
000008b3  DMA_INT2_IRQHandler           
000008b3  DMA_INT3_IRQHandler           
20000001  DMstate                       
000008b3  DebugMon_Handler              
000008b3  Default_Handler               
000008b3  EUSCIA0_IRQHandler            
000008b3  EUSCIA1_IRQHandler            
000008b3  EUSCIA2_IRQHandler            
000008b3  EUSCIA3_IRQHandler            
000008b3  EUSCIB0_IRQHandler            
000008b3  EUSCIB1_IRQHandler            
000008b3  EUSCIB2_IRQHandler            
000008b3  EUSCIB3_IRQHandler            
000008b3  FLCTL_IRQHandler              
000008b3  FPU_IRQHandler                
000008b3  HardFault_Handler             
20000002  ILstate                       
000008b3  MemManage_Handler             
000008b3  NMI_Handler                   
000008b3  PCM_IRQHandler                
000008b3  PORT1_IRQHandler              
000008b3  PORT2_IRQHandler              
000008b3  PORT3_IRQHandler              
000008b3  PORT4_IRQHandler              
000008b3  PORT5_IRQHandler              
000008b3  PORT6_IRQHandler              
000008b3  PSS_IRQHandler                
000008b3  PendSV_Handler                
000008b3  RTC_C_IRQHandler              
000008a7  Reset_Handler                 
000008b3  SVC_Handler                   
00000473  SysTick_Handler               
00000473  SysTick_Handler               
0000047b  SysTick_Init                  
20000008  SystemCoreClock               
000000e5  SystemCoreClockUpdate         
0000035d  SystemInit                    
000008b3  T32_INT1_IRQHandler           
000008b3  T32_INT2_IRQHandler           
000008b3  T32_INTC_IRQHandler           
000008b3  TA0_0_IRQHandler              
000008b3  TA0_N_IRQHandler              
000008b3  TA1_0_IRQHandler              
000008b3  TA1_N_IRQHandler              
000008b3  TA2_0_IRQHandler              
000008b3  TA2_N_IRQHandler              
000008b3  TA3_0_IRQHandler              
000008b3  TA3_N_IRQHandler              
0000063f  TicFctBL                      
0000051b  TicFctDM                      
0000059f  TicFctIL                      
000008b3  UsageFault_Handler            
4000480c  WDTCTL_SYM                    
000008b3  WDT_A_IRQHandler              
20010000  __STACK_END                   
00000200  __STACK_SIZE                  
000008e0  __TI_CINIT_Base               
000008f0  __TI_CINIT_Limit              
000008c0  __TI_Handler_Table_Base       
000008cc  __TI_Handler_Table_Limit      
00000805  __TI_auto_init_nobinit_nopinit
0000079d  __TI_decompress_lzss          
00000899  __TI_decompress_none          
ffffffff  __TI_pprof_out_hndl           
ffffffff  __TI_prof_data_size           
ffffffff  __TI_prof_data_start          
00000000  __TI_static_base__            
0000087d  __TI_zero_init_nomemset       
00000701  __aeabi_memcpy                
00000701  __aeabi_memcpy4               
00000701  __aeabi_memcpy8               
ffffffff  __binit__                     
ffffffff  __c_args__                    
UNDEFED   __mpu_init                    
2000fe00  __stack                       
00000849  _c_int00_noargs               
UNDEFED   _system_post_cinit            
000008b5  _system_pre_init              
000008b9  abort                         
ffffffff  binit                         
20000003  cnt                           
20000004  flag                          
000004eb  initPorts                     
00000000  interruptVectors              
00000419  main                          
00000701  memcpy                        
20000005  mnt                           


GLOBAL SYMBOLS: SORTED BY Symbol Address 

address   name                          
-------   ----                          
00000000  __TI_static_base__            
00000000  interruptVectors              
000000e5  SystemCoreClockUpdate         
00000200  __STACK_SIZE                  
0000035d  SystemInit                    
00000419  main                          
00000473  SysTick_Handler               
00000473  SysTick_Handler               
0000047b  SysTick_Init                  
000004eb  initPorts                     
0000051b  TicFctDM                      
0000059f  TicFctIL                      
0000063f  TicFctBL                      
00000701  __aeabi_memcpy                
00000701  __aeabi_memcpy4               
00000701  __aeabi_memcpy8               
00000701  memcpy                        
0000079d  __TI_decompress_lzss          
00000805  __TI_auto_init_nobinit_nopinit
00000849  _c_int00_noargs               
0000087d  __TI_zero_init_nomemset       
00000899  __TI_decompress_none          
000008a7  Reset_Handler                 
000008b3  ADC14_IRQHandler              
000008b3  AES256_IRQHandler             
000008b3  BusFault_Handler              
000008b3  COMP_E0_IRQHandler            
000008b3  COMP_E1_IRQHandler            
000008b3  CS_IRQHandler                 
000008b3  DMA_ERR_IRQHandler            
000008b3  DMA_INT0_IRQHandler           
000008b3  DMA_INT1_IRQHandler           
000008b3  DMA_INT2_IRQHandler           
000008b3  DMA_INT3_IRQHandler           
000008b3  DebugMon_Handler              
000008b3  Default_Handler               
000008b3  EUSCIA0_IRQHandler            
000008b3  EUSCIA1_IRQHandler            
000008b3  EUSCIA2_IRQHandler            
000008b3  EUSCIA3_IRQHandler            
000008b3  EUSCIB0_IRQHandler            
000008b3  EUSCIB1_IRQHandler            
000008b3  EUSCIB2_IRQHandler            
000008b3  EUSCIB3_IRQHandler            
000008b3  FLCTL_IRQHandler              
000008b3  FPU_IRQHandler                
000008b3  HardFault_Handler             
000008b3  MemManage_Handler             
000008b3  NMI_Handler                   
000008b3  PCM_IRQHandler                
000008b3  PORT1_IRQHandler              
000008b3  PORT2_IRQHandler              
000008b3  PORT3_IRQHandler              
000008b3  PORT4_IRQHandler              
000008b3  PORT5_IRQHandler              
000008b3  PORT6_IRQHandler              
000008b3  PSS_IRQHandler                
000008b3  PendSV_Handler                
000008b3  RTC_C_IRQHandler              
000008b3  SVC_Handler                   
000008b3  T32_INT1_IRQHandler           
000008b3  T32_INT2_IRQHandler           
000008b3  T32_INTC_IRQHandler           
000008b3  TA0_0_IRQHandler              
000008b3  TA0_N_IRQHandler              
000008b3  TA1_0_IRQHandler              
000008b3  TA1_N_IRQHandler              
000008b3  TA2_0_IRQHandler              
000008b3  TA2_N_IRQHandler              
000008b3  TA3_0_IRQHandler              
000008b3  TA3_N_IRQHandler              
000008b3  UsageFault_Handler            
000008b3  WDT_A_IRQHandler              
000008b5  _system_pre_init              
000008b9  C$$EXIT                       
000008b9  abort                         
000008c0  __TI_Handler_Table_Base       
000008cc  __TI_Handler_Table_Limit      
000008e0  __TI_CINIT_Base               
000008f0  __TI_CINIT_Limit              
20000000  BLstate                       
20000001  DMstate                       
20000002  ILstate                       
20000003  cnt                           
20000004  flag                          
20000005  mnt                           
20000008  SystemCoreClock               
2000fe00  __stack                       
20010000  __STACK_END                   
4000480c  WDTCTL_SYM                    
ffffffff  __TI_pprof_out_hndl           
ffffffff  __TI_prof_data_size           
ffffffff  __TI_prof_data_start          
ffffffff  __binit__                     
ffffffff  __c_args__                    
ffffffff  binit                         
UNDEFED   __mpu_init                    
UNDEFED   _system_post_cinit            

[98 symbols]
