******************************************************************************
                  TI ARM Linker Unix v18.12.3                  
******************************************************************************
>> Linked Thu Oct 31 00:50:45 2019

OUTPUT FILE NAME:   <hw8.out>
ENTRY POINT SYMBOL: "_c_int00_noargs"  address: 00000779


MEMORY CONFIGURATION

         name            origin    length      used     unused   attr    fill
----------------------  --------  ---------  --------  --------  ----  --------
  MAIN                  00000000   00040000  00000824  0003f7dc  R  X
  INFO                  00200000   00004000  00000000  00004000  R  X
  SRAM_CODE             01000000   00010000  00000210  0000fdf0  RW X
  SRAM_DATA             20000000   00010000  00000210  0000fdf0  RW  


SEGMENT ALLOCATION MAP

run origin  load origin   length   init length attrs members
----------  ----------- ---------- ----------- ----- -------
00000000    00000000    00000828   00000828    r-x
  00000000    00000000    000000e4   000000e4    r-- .intvecs
  000000e4    000000e4    00000708   00000708    r-x .text
  000007f0    000007f0    00000038   00000038    r-- .cinit
20000000    20000000    00000010   00000000    rw-
  20000000    20000000    0000000c   00000000    rw- .data
  2000000c    2000000c    00000004   00000000    rw- .bss
2000fe00    2000fe00    00000200   00000000    rw-
  2000fe00    2000fe00    00000200   00000000    rw- .stack


SECTION ALLOCATION MAP

 output                                  attributes/
section   page    origin      length       input sections
--------  ----  ----------  ----------   ----------------
.intvecs   0    00000000    000000e4     
                  00000000    000000e4     startup_msp432p401r_ccs.obj (.intvecs:retain)

.text      0    000000e4    00000708     
                  000000e4    00000334     system_msp432p401r.obj (.text)
                  00000418    00000218     main.obj (.text)
                  00000630    0000009c     rtsv7M4_T_le_v4SPD16_eabi.lib : memcpy_t2.asm.obj (.text)
                  000006cc    00000068                                   : copy_decompress_lzss.c.obj (.text:decompress:lzss:__TI_decompress_lzss)
                  00000734    00000044                                   : autoinit.c.obj (.text:__TI_auto_init_nobinit_nopinit:__TI_auto_init_nobinit_nopinit)
                  00000778    00000034                                   : boot_cortex_m.c.obj (.text:_c_int00_noargs:_c_int00_noargs)
                  000007ac    0000001c                                   : copy_zero_init.c.obj (.text:decompress:ZI:__TI_zero_init_nomemset:__TI_zero_init_nomemset)
                  000007c8    0000000e                                   : copy_decompress_none.c.obj (.text:decompress:none:__TI_decompress_none)
                  000007d6    0000000e     startup_msp432p401r_ccs.obj (.text)
                  000007e4    00000004     rtsv7M4_T_le_v4SPD16_eabi.lib : pre_init.c.obj (.text:_system_pre_init)
                  000007e8    00000004                                   : exit.c.obj (.text:abort:abort)

.cinit     0    000007f0    00000038     
                  000007f0    0000000f     (.cinit..data.load) [load image, compression = lzss]
                  000007ff    00000001     --HOLE-- [fill = 0]
                  00000800    0000000c     (__TI_handler_table)
                  0000080c    00000004     --HOLE-- [fill = 0]
                  00000810    00000008     (.cinit..bss.load) [load image, compression = zero_init]
                  00000818    00000010     (__TI_cinit_table)

.init_array 
*          0    00000000    00000000     UNINITIALIZED

.binit     0    00000000    00000000     

.data      0    20000000    0000000c     UNINITIALIZED
                  20000000    00000008     main.obj (.data)
                  20000008    00000004     system_msp432p401r.obj (.data)

.bss       0    2000000c    00000004     UNINITIALIZED
                  2000000c    00000004     (.common:JOYresults)

.stack     0    2000fe00    00000200     UNINITIALIZED
                  2000fe00    00000004     rtsv7M4_T_le_v4SPD16_eabi.lib : boot_cortex_m.c.obj (.stack)
                  2000fe04    000001fc     --HOLE--

MODULE SUMMARY

       Module                        code   ro data   rw data
       ------                        ----   -------   -------
    ./
       system_msp432p401r.obj        820    0         8      
       main.obj                      536    0         24     
       startup_msp432p401r_ccs.obj   14     228       0      
    +--+-----------------------------+------+---------+---------+
       Total:                        1370   228       32     
                                                             
    /Applications/ti/ccs920/ccs/tools/compiler/ti-cgt-arm_18.12.3.LTS/lib/rtsv7M4_T_le_v4SPD16_eabi.lib
       memcpy_t2.asm.obj             156    0         0      
       copy_decompress_lzss.c.obj    104    0         0      
       autoinit.c.obj                68     0         0      
       boot_cortex_m.c.obj           52     0         0      
       copy_zero_init.c.obj          28     0         0      
       copy_decompress_none.c.obj    14     0         0      
       exit.c.obj                    4      0         0      
       pre_init.c.obj                4      0         0      
    +--+-----------------------------+------+---------+---------+
       Total:                        430    0         0      
                                                             
       Stack:                        0      0         1024   
       Linker Generated:             0      51        0      
    +--+-----------------------------+------+---------+---------+
       Grand Total:                  1800   279       1056   


LINKER GENERATED COPY TABLES

__TI_cinit_table @ 00000818 records: 2, size/record: 8, table size: 16
	.data: load addr=000007f0, load size=0000000f bytes, run addr=20000000, run size=0000000c bytes, compression=lzss
	.bss: load addr=00000810, load size=00000008 bytes, run addr=2000000c, run size=00000004 bytes, compression=zero_init


LINKER GENERATED HANDLER TABLE

__TI_handler_table @ 00000800 records: 3, size/record: 4, table size: 12
	index: 0, handler: __TI_decompress_lzss
	index: 1, handler: __TI_decompress_none
	index: 2, handler: __TI_zero_init


GLOBAL SYMBOLS: SORTED ALPHABETICALLY BY Name 

address   name                          
-------   ----                          
000004fb  ADC14_IRQHandler              
000004fb  ADC14_IRQHandler              
000007e3  AES256_IRQHandler             
000007e3  BusFault_Handler              
000007e9  C$$EXIT                       
000007e3  COMP_E0_IRQHandler            
000007e3  COMP_E1_IRQHandler            
000007e3  CS_IRQHandler                 
000007e3  DMA_ERR_IRQHandler            
000007e3  DMA_INT0_IRQHandler           
000007e3  DMA_INT1_IRQHandler           
000007e3  DMA_INT2_IRQHandler           
000007e3  DMA_INT3_IRQHandler           
000007e3  DebugMon_Handler              
000007e3  Default_Handler               
000007e3  EUSCIA0_IRQHandler            
000007e3  EUSCIA1_IRQHandler            
000007e3  EUSCIA2_IRQHandler            
000007e3  EUSCIA3_IRQHandler            
000007e3  EUSCIB0_IRQHandler            
000007e3  EUSCIB1_IRQHandler            
000007e3  EUSCIB2_IRQHandler            
000007e3  EUSCIB3_IRQHandler            
000007e3  FLCTL_IRQHandler              
000007e3  FPU_IRQHandler                
000007e3  HardFault_Handler             
2000000c  JOYresults                    
000007e3  MemManage_Handler             
000007e3  NMI_Handler                   
000007e3  PCM_IRQHandler                
000007e3  PORT1_IRQHandler              
000007e3  PORT2_IRQHandler              
000007e3  PORT3_IRQHandler              
000007e3  PORT4_IRQHandler              
000007e3  PORT5_IRQHandler              
000007e3  PORT6_IRQHandler              
000007e3  PSS_IRQHandler                
000007e3  PendSV_Handler                
000007e3  RTC_C_IRQHandler              
000007d7  Reset_Handler                 
000007e3  SVC_Handler                   
000007e3  SysTick_Handler               
20000008  SystemCoreClock               
000000e5  SystemCoreClockUpdate         
0000035d  SystemInit                    
000007e3  T32_INT1_IRQHandler           
000007e3  T32_INT2_IRQHandler           
000007e3  T32_INTC_IRQHandler           
000007e3  TA0_0_IRQHandler              
000007e3  TA0_N_IRQHandler              
000007e3  TA1_0_IRQHandler              
000007e3  TA1_N_IRQHandler              
000007e3  TA2_0_IRQHandler              
000007e3  TA2_N_IRQHandler              
000007e3  TA3_0_IRQHandler              
000007e3  TA3_N_IRQHandler              
000007e3  UsageFault_Handler            
4000480c  WDTCTL_SYM                    
000007e3  WDT_A_IRQHandler              
20010000  __STACK_END                   
00000200  __STACK_SIZE                  
00000818  __TI_CINIT_Base               
00000828  __TI_CINIT_Limit              
00000800  __TI_Handler_Table_Base       
0000080c  __TI_Handler_Table_Limit      
00000735  __TI_auto_init_nobinit_nopinit
000006cd  __TI_decompress_lzss          
000007c9  __TI_decompress_none          
ffffffff  __TI_pprof_out_hndl           
ffffffff  __TI_prof_data_size           
ffffffff  __TI_prof_data_start          
00000000  __TI_static_base__            
000007ad  __TI_zero_init_nomemset       
00000631  __aeabi_memcpy                
00000631  __aeabi_memcpy4               
00000631  __aeabi_memcpy8               
ffffffff  __binit__                     
ffffffff  __c_args__                    
UNDEFED   __mpu_init                    
2000fe00  __stack                       
00000779  _c_int00_noargs               
UNDEFED   _system_post_cinit            
000007e5  _system_pre_init              
000007e9  abort                         
ffffffff  binit                         
20000004  duty_cycle                    
00000000  interruptVectors              
00000419  main                          
00000631  memcpy                        
20000000  period_of_blue_led            


GLOBAL SYMBOLS: SORTED BY Symbol Address 

address   name                          
-------   ----                          
00000000  __TI_static_base__            
00000000  interruptVectors              
000000e5  SystemCoreClockUpdate         
00000200  __STACK_SIZE                  
0000035d  SystemInit                    
00000419  main                          
000004fb  ADC14_IRQHandler              
000004fb  ADC14_IRQHandler              
00000631  __aeabi_memcpy                
00000631  __aeabi_memcpy4               
00000631  __aeabi_memcpy8               
00000631  memcpy                        
000006cd  __TI_decompress_lzss          
00000735  __TI_auto_init_nobinit_nopinit
00000779  _c_int00_noargs               
000007ad  __TI_zero_init_nomemset       
000007c9  __TI_decompress_none          
000007d7  Reset_Handler                 
000007e3  AES256_IRQHandler             
000007e3  BusFault_Handler              
000007e3  COMP_E0_IRQHandler            
000007e3  COMP_E1_IRQHandler            
000007e3  CS_IRQHandler                 
000007e3  DMA_ERR_IRQHandler            
000007e3  DMA_INT0_IRQHandler           
000007e3  DMA_INT1_IRQHandler           
000007e3  DMA_INT2_IRQHandler           
000007e3  DMA_INT3_IRQHandler           
000007e3  DebugMon_Handler              
000007e3  Default_Handler               
000007e3  EUSCIA0_IRQHandler            
000007e3  EUSCIA1_IRQHandler            
000007e3  EUSCIA2_IRQHandler            
000007e3  EUSCIA3_IRQHandler            
000007e3  EUSCIB0_IRQHandler            
000007e3  EUSCIB1_IRQHandler            
000007e3  EUSCIB2_IRQHandler            
000007e3  EUSCIB3_IRQHandler            
000007e3  FLCTL_IRQHandler              
000007e3  FPU_IRQHandler                
000007e3  HardFault_Handler             
000007e3  MemManage_Handler             
000007e3  NMI_Handler                   
000007e3  PCM_IRQHandler                
000007e3  PORT1_IRQHandler              
000007e3  PORT2_IRQHandler              
000007e3  PORT3_IRQHandler              
000007e3  PORT4_IRQHandler              
000007e3  PORT5_IRQHandler              
000007e3  PORT6_IRQHandler              
000007e3  PSS_IRQHandler                
000007e3  PendSV_Handler                
000007e3  RTC_C_IRQHandler              
000007e3  SVC_Handler                   
000007e3  SysTick_Handler               
000007e3  T32_INT1_IRQHandler           
000007e3  T32_INT2_IRQHandler           
000007e3  T32_INTC_IRQHandler           
000007e3  TA0_0_IRQHandler              
000007e3  TA0_N_IRQHandler              
000007e3  TA1_0_IRQHandler              
000007e3  TA1_N_IRQHandler              
000007e3  TA2_0_IRQHandler              
000007e3  TA2_N_IRQHandler              
000007e3  TA3_0_IRQHandler              
000007e3  TA3_N_IRQHandler              
000007e3  UsageFault_Handler            
000007e3  WDT_A_IRQHandler              
000007e5  _system_pre_init              
000007e9  C$$EXIT                       
000007e9  abort                         
00000800  __TI_Handler_Table_Base       
0000080c  __TI_Handler_Table_Limit      
00000818  __TI_CINIT_Base               
00000828  __TI_CINIT_Limit              
20000000  period_of_blue_led            
20000004  duty_cycle                    
20000008  SystemCoreClock               
2000000c  JOYresults                    
2000fe00  __stack                       
20010000  __STACK_END                   
4000480c  WDTCTL_SYM                    
ffffffff  __TI_pprof_out_hndl           
ffffffff  __TI_prof_data_size           
ffffffff  __TI_prof_data_start          
ffffffff  __binit__                     
ffffffff  __c_args__                    
ffffffff  binit                         
UNDEFED   __mpu_init                    
UNDEFED   _system_post_cinit            

[90 symbols]
