******************************************************************************
                  TI ARM Linker PC v18.12.3                    
******************************************************************************
>> Linked Thu Nov 21 15:19:17 2019

OUTPUT FILE NAME:   <boostxl_edumkii_lightsensor_msp432p401r_MSP_EXP432P401R_nortos_ccs.out>
ENTRY POINT SYMBOL: "_c_int00_noargs"  address: 00003389


MEMORY CONFIGURATION

         name            origin    length      used     unused   attr    fill
----------------------  --------  ---------  --------  --------  ----  --------
  MAIN                  00000000   00040000  00003c60  0003c3a0  R  X
  INFO                  00200000   00004000  00000000  00004000  R  X
  SRAM_CODE             01000000   00010000  0000024e  0000fdb2  RW X
  SRAM_DATA             20000000   00010000  0000024e  0000fdb2  RW  


SEGMENT ALLOCATION MAP

run origin  load origin   length   init length attrs members
----------  ----------- ---------- ----------- ----- -------
00000000    00000000    00003c60   00003c60    r-x
  00000000    00000000    000000e4   000000e4    r-- .intvecs
  000000e4    000000e4    000035ec   000035ec    r-x .text
  000036d0    000036d0    00000550   00000550    r-- .const
  00003c20    00003c20    00000040   00000040    r-- .cinit
20000000    20000000    00000050   00000000    rw-
  20000000    20000000    0000002a   00000000    rw- .bss
  2000002c    2000002c    00000024   00000000    rw- .data
2000fe00    2000fe00    00000200   00000000    rw-
  2000fe00    2000fe00    00000200   00000000    rw- .stack


SECTION ALLOCATION MAP

 output                                  attributes/
section   page    origin      length       input sections
--------  ----  ----------  ----------   ----------------
.intvecs   0    00000000    000000e4     
                  00000000    000000e4     startup_msp432p401r_ccs.obj (.intvecs:retain)

.text      0    000000e4    000035ec     
                  000000e4    00000a4e     rtsv7M4_T_le_v4SPD16_eabi.lib : _printfi.c.obj (.text:__TI_printfi)
                  00000b32    0000047e     grlib.a : string.obj (.text:Graphics_drawString)
                  00000fb0    00000270     rtsv7M4_T_le_v4SPD16_eabi.lib : _printfi.c.obj (.text:_pconv_a)
                  00001220    00000248     main.obj (.text:main)
                  00001468    000001e0     main.obj (.text:get_sensordata)
                  00001648    000001d8     Crystalfontz128x128_ST7735.obj (.text:Crystalfontz128x128_PixelDrawMultiple)
                  00001820    000001d0     rtsv7M4_T_le_v4SPD16_eabi.lib : _printfi.c.obj (.text:_pconv_g)
                  000019f0    000001b6                                   : fd_add_t2.asm.obj (.text)
                  00001ba6    00000002     startup_msp432p401r_ccs.obj (.text:Default_Handler)
                  00001ba8    0000013c     rtsv7M4_T_le_v4SPD16_eabi.lib : _printfi.c.obj (.text:_pconv_e)
                  00001ce4    00000136                                   : fd_div_t2.asm.obj (.text)
                  00001e1a    00000002                                   : div0.asm.obj (.text)
                  00001e1c    00000134     Crystalfontz128x128_ST7735.obj (.text:Crystalfontz128x128_SetDrawFrame)
                  00001f50    0000012c     Crystalfontz128x128_ST7735.obj (.text:Crystalfontz128x128_Init)
                  0000207c    00000124     rtsv7M4_T_le_v4SPD16_eabi.lib : _printfi.c.obj (.text:fcvt)
                  000021a0    00000110                                   : s_scalbn.c.obj (.text:scalbn)
                  000022b0    000000fc                                   : fd_mul_t2.asm.obj (.text)
                  000023ac    000000fa     grlib.a : string.obj (.text:Graphics_getStringWidth)
                  000024a6    00000002     --HOLE-- [fill = 0]
                  000024a8    000000cc     main.obj (.text:init_lightSensor)
                  00002574    000000b1     rtsv7M4_T_le_v4SPD16_eabi.lib : _printfi.c.obj (.text:_ltostr)
                  00002625    00000001     --HOLE-- [fill = 0]
                  00002626    000000b0     msp432p4xx_driverlib.lib : spi.o (.text:SPI_initMaster)
                  000026d6    0000009c     Crystalfontz128x128_ST7735.obj (.text:Crystalfontz128x128_RectFill)
                  00002772    0000009c     grlib.a : line.obj (.text:Graphics_drawLineH)
                  0000280e    0000009c     rtsv7M4_T_le_v4SPD16_eabi.lib : memcpy_t2.asm.obj (.text)
                  000028aa    00000096                                   : ull_div_t2.asm.obj (.text)
                  00002940    00000088     msp432p4xx_driverlib.lib : gpio.o (.text:GPIO_setAsPeripheralModuleFunctionOutputPin)
                  000029c8    00000086     rtsv7M4_T_le_v4SPD16_eabi.lib : fd_cmp_t2.asm.obj (.text:__aeabi_cdcmple)
                  00002a4e    00000086                                   : fd_cmp_t2.asm.obj (.text:__aeabi_cdrcmple)
                  00002ad4    0000007a                                   : memset_t2.asm.obj (.text)
                  00002b4e    00000002     --HOLE-- [fill = 0]
                  00002b50    00000078     system_msp432p401r.obj (.text:SystemInit)
                  00002bc8    0000006e     rtsv7M4_T_le_v4SPD16_eabi.lib : _printfi.c.obj (.text:_mcpy)
                  00002c36    00000068                                   : copy_decompress_lzss.c.obj (.text:decompress:lzss:__TI_decompress_lzss)
                  00002c9e    00000002     --HOLE-- [fill = 0]
                  00002ca0    00000064                                   : s_frexp.c.obj (.text:frexp)
                  00002d04    00000060     Crystalfontz128x128_ST7735.obj (.text:Crystalfontz128x128_LineDrawH)
                  00002d64    00000060     Crystalfontz128x128_ST7735.obj (.text:Crystalfontz128x128_LineDrawV)
                  00002dc4    00000056     rtsv7M4_T_le_v4SPD16_eabi.lib : _printfi.c.obj (.text:_pconv_f)
                  00002e1a    00000002     --HOLE-- [fill = 0]
                  00002e1c    00000054     Crystalfontz128x128_ST7735.obj (.text:Crystalfontz128x128_SetOrientation)
                  00002e70    00000054     rtsv7M4_T_le_v4SPD16_eabi.lib : ltoa.c.obj (.text:ltoa)
                  00002ec4    00000052     grlib.a : context.obj (.text:Graphics_initContext)
                  00002f16    00000052     rtsv7M4_T_le_v4SPD16_eabi.lib : _printfi.c.obj (.text:_ecpy)
                  00002f68    0000004e     msp432p4xx_driverlib.lib : timer_a.o (.text:Timer_A_initCompare)
                  00002fb6    00000002     --HOLE-- [fill = 0]
                  00002fb8    0000004c     rtsv7M4_T_le_v4SPD16_eabi.lib : atoi.c.obj (.text:atoi)
                  00003004    00000048     grlib.a : string.obj (.text:Graphics_drawStringCentered)
                  0000304c    00000048     main.obj (.text:init_I2C)
                  00003094    00000048     rtsv7M4_T_le_v4SPD16_eabi.lib : fd_toi_t2.asm.obj (.text)
                  000030dc    00000044                                   : autoinit.c.obj (.text:__TI_auto_init_nobinit_nopinit:__TI_auto_init_nobinit_nopinit)
                  00003120    00000040     Crystalfontz128x128_ST7735.obj (.text:Crystalfontz128x128_PixelDraw)
                  00003160    00000040     msp432p4xx_driverlib.lib : gpio.o (.text:GPIO_setAsOutputPin)
                  000031a0    00000040     grlib.a : string.obj (.text:Graphics_getNumberOfLeadingZeros)
                  000031e0    00000040     HAL_MSP_EXP432P401R_Crystalfontz128x128_ST7735.obj (.text:HAL_LCD_SpiInit)
                  00003220    00000040     msp432p4xx_driverlib.lib : spi.o (.text:is_A_Module)
                  00003260    00000040     rtsv7M4_T_le_v4SPD16_eabi.lib : sprintf.c.obj (.text:sprintf)
                  000032a0    0000003e                                   : _printfi.c.obj (.text:_fcpy)
                  000032de    00000002     --HOLE-- [fill = 0]
                  000032e0    00000038     HAL_MSP_EXP432P401R_Crystalfontz128x128_ST7735.obj (.text:HAL_LCD_writeCommand)
                  00003318    00000038     rtsv7M4_T_le_v4SPD16_eabi.lib : fs_tod_t2.asm.obj (.text)
                  00003350    00000036     grlib.a : display.obj (.text:Graphics_drawHorizontalLineOnDisplay)
                  00003386    00000002     --HOLE-- [fill = 0]
                  00003388    00000034     rtsv7M4_T_le_v4SPD16_eabi.lib : boot_cortex_m.c.obj (.text:_c_int00_noargs:_c_int00_noargs)
                  000033bc    00000030     HAL_MSP_EXP432P401R_Crystalfontz128x128_ST7735.obj (.text:HAL_LCD_PortInit)
                  000033ec    0000002e     rtsv7M4_T_le_v4SPD16_eabi.lib : i_tofd_t2.asm.obj (.text)
                  0000341a    00000002     --HOLE-- [fill = 0]
                  0000341c    0000002c     Crystalfontz128x128_ST7735.obj (.text:Crystalfontz128x128_ClearScreen)
                  00003448    0000002c     grlib.a : display.obj (.text:Graphics_drawPixelOnDisplay)
                  00003474    0000002c     HAL_MSP_EXP432P401R_Crystalfontz128x128_ST7735.obj (.text:HAL_LCD_writeData)
                  000034a0    00000028     Crystalfontz128x128_ST7735.obj (.text:Crystalfontz128x128_ColorTranslate)
                  000034c8    00000028     msp432p4xx_driverlib.lib : gpio.o (.text:GPIO_setOutputHighOnPin)
                  000034f0    00000028                              : gpio.o (.text:GPIO_setOutputLowOnPin)
                  00003518    0000001c                              : spi.o (.text:SPI_enableModule)
                  00003534    0000001c     rtsv7M4_T_le_v4SPD16_eabi.lib : copy_zero_init.c.obj (.text:decompress:ZI:__TI_zero_init_nomemset:__TI_zero_init_nomemset)
                  00003550    0000001c                                   : memccpy.c.obj (.text:memccpy)
                  0000356c    0000001a     grlib.a : display.obj (.text:Graphics_clearDisplayOnDisplay)
                  00003586    0000001a             : context.obj (.text:Graphics_setBackgroundColor)
                  000035a0    0000001a             : context.obj (.text:Graphics_setFont)
                  000035ba    0000001a     rtsv7M4_T_le_v4SPD16_eabi.lib : s_copysign.c.obj (.text:copysign)
                  000035d4    00000018                                   : sprintf.c.obj (.text:_outs)
                  000035ec    00000016     msp432p4xx_driverlib.lib : spi.o (.text:EUSCI_A_SPI_enable)
                  00003602    00000016                              : spi.o (.text:EUSCI_B_SPI_enable)
                  00003618    00000016     grlib.a : context.obj (.text:Graphics_setForegroundColor)
                  0000362e    00000016             : display.obj (.text:Graphics_translateColorOnDisplay)
                  00003644    00000016     rtsv7M4_T_le_v4SPD16_eabi.lib : strchr.c.obj (.text:strchr)
                  0000365a    00000014                                   : strlen.c.obj (.text:strlen)
                  0000366e    00000012     grlib.a : context.obj (.text:Graphics_clearDisplay)
                  00003680    00000012     rtsv7M4_T_le_v4SPD16_eabi.lib : wcslen.c.obj (.text:wcslen)
                  00003692    0000000e                                   : copy_decompress_none.c.obj (.text:decompress:none:__TI_decompress_none)
                  000036a0    0000000c     startup_msp432p401r_ccs.obj (.text:Reset_Handler)
                  000036ac    0000000a     Crystalfontz128x128_ST7735.obj (.text:Crystalfontz128x128_Flush)
                  000036b6    0000000a     rtsv7M4_T_le_v4SPD16_eabi.lib : sprintf.c.obj (.text:_outc)
                  000036c0    00000008                                   : errno.c.obj (.text:__aeabi_errno_addr)
                  000036c8    00000004                                   : pre_init.c.obj (.text:_system_pre_init)
                  000036cc    00000004                                   : exit.c.obj (.text:abort:abort)

.const     0    000036d0    00000550     
                  000036d0    000002f8     grlib.a : fontfixed6x8.obj (.const:.string:g_pucFontFixed6x8Data)
                  000039c8    00000101     rtsv7M4_T_le_v4SPD16_eabi.lib : ctype.c.obj (.const:.string:_ctypes_)
                  00003ac9    00000003     --HOLE-- [fill = 0]
                  00003acc    000000c8     grlib.a : fontfixed6x8.obj (.const:g_sFontFixed6x8)
                  00003b94    00000030     msp432p4xx_driverlib.lib : gpio.o (.const:GPIO_PORT_TO_BASE)
                  00003bc4    00000020     Crystalfontz128x128_ST7735.obj (.const:g_sCrystalfontz128x128_funcs)
                  00003be4    0000001c     HAL_MSP_EXP432P401R_Crystalfontz128x128_ST7735.obj (.const:$P$T0$1)
                  00003c00    00000018     main.obj (.const:upConfig)
                  00003c18    00000008     Crystalfontz128x128_ST7735.obj (.const:$P$T0$1)

.cinit     0    00003c20    00000040     
                  00003c20    00000017     (.cinit..data.load) [load image, compression = lzss]
                  00003c37    00000001     --HOLE-- [fill = 0]
                  00003c38    0000000c     (__TI_handler_table)
                  00003c44    00000004     --HOLE-- [fill = 0]
                  00003c48    00000008     (.cinit..bss.load) [load image, compression = zero_init]
                  00003c50    00000010     (__TI_cinit_table)

.init_array 
*          0    00000000    00000000     UNINITIALIZED

.binit     0    00000000    00000000     

.bss       0    20000000    0000002a     UNINITIALIZED
                  20000000    0000001c     (.common:g_sContext)
                  2000001c    00000004     (.common:lux)
                  20000020    00000002     (.common:Lcd_ScreenHeigth)
                  20000022    00000002     (.common:Lcd_ScreenWidth)
                  20000024    00000002     (.common:Lcd_TouchTrim)
                  20000026    00000001     (.common:Lcd_FlagRead)
                  20000027    00000001     (.common:Lcd_FontSolid)
                  20000028    00000001     (.common:Lcd_Orientation)
                  20000029    00000001     (.common:Lcd_PenSolid)

.data      0    2000002c    00000024     UNINITIALIZED
                  2000002c    00000010     main.obj (.data:compareConfig_PWM)
                  2000003c    00000010     Crystalfontz128x128_ST7735.obj (.data:g_sCrystalfontz128x128)
                  2000004c    00000004     rtsv7M4_T_le_v4SPD16_eabi.lib : errno.c.obj (.data)

.stack     0    2000fe00    00000200     UNINITIALIZED
                  2000fe00    00000004     rtsv7M4_T_le_v4SPD16_eabi.lib : boot_cortex_m.c.obj (.stack)
                  2000fe04    000001fc     --HOLE--

MODULE SUMMARY

       Module                                               code    ro data   rw data
       ------                                               ----    -------   -------
    .\
       main.obj                                             1340    24        96     
       system_msp432p401r.obj                               120     0         0      
    +--+----------------------------------------------------+-------+---------+---------+
       Total:                                               1460    24        96     
                                                                                     
    .\LcdDriver\
       Crystalfontz128x128_ST7735.obj                       1670    40        52     
       HAL_MSP_EXP432P401R_Crystalfontz128x128_ST7735.obj   212     28        0      
    +--+----------------------------------------------------+-------+---------+---------+
       Total:                                               1882    68        52     
                                                                                     
    .\ccs\
       startup_msp432p401r_ccs.obj                          14      228       0      
    +--+----------------------------------------------------+-------+---------+---------+
       Total:                                               14      228       0      
                                                                                     
    C:/ti/simplelink_msp432p4_sdk_3_30_00_13/source/ti/devices/msp432p4xx/driverlib/ccs/msp432p4xx_driverlib.lib
       gpio.o                                               280     48        0      
       spi.o                                                312     0         0      
       timer_a.o                                            78      0         0      
    +--+----------------------------------------------------+-------+---------+---------+
       Total:                                               670     48        0      
                                                                                     
    C:/ti/simplelink_msp432p4_sdk_3_30_00_13/source/ti/grlib/lib/ccs/m4f/grlib.a
       string.obj                                           1536    0         0      
       fontfixed6x8.obj                                     0       960       0      
       context.obj                                          174     0         0      
       line.obj                                             156     0         0      
       display.obj                                          146     0         0      
    +--+----------------------------------------------------+-------+---------+---------+
       Total:                                               2012    960       0      
                                                                                     
    C:\ti\ccs920\ccs\tools\compiler\ti-cgt-arm_18.12.3.LTS\lib\rtsv7M4_T_le_v4SPD16_eabi.lib
       _printfi.c.obj                                       4851    0         0      
       fd_add_t2.asm.obj                                    438     0         0      
       fd_div_t2.asm.obj                                    310     0         0      
       s_scalbn.c.obj                                       272     0         0      
       fd_cmp_t2.asm.obj                                    268     0         0      
       ctype.c.obj                                          0       257       0      
       fd_mul_t2.asm.obj                                    252     0         0      
       memcpy_t2.asm.obj                                    156     0         0      
       ull_div_t2.asm.obj                                   150     0         0      
       memset_t2.asm.obj                                    122     0         0      
       copy_decompress_lzss.c.obj                           104     0         0      
       s_frexp.c.obj                                        100     0         0      
       sprintf.c.obj                                        98      0         0      
       ltoa.c.obj                                           84      0         0      
       atoi.c.obj                                           76      0         0      
       fd_toi_t2.asm.obj                                    72      0         0      
       autoinit.c.obj                                       68      0         0      
       fs_tod_t2.asm.obj                                    56      0         0      
       boot_cortex_m.c.obj                                  52      0         0      
       i_tofd_t2.asm.obj                                    46      0         0      
       copy_zero_init.c.obj                                 28      0         0      
       memccpy.c.obj                                        28      0         0      
       s_copysign.c.obj                                     26      0         0      
       strchr.c.obj                                         22      0         0      
       strlen.c.obj                                         20      0         0      
       wcslen.c.obj                                         18      0         0      
       errno.c.obj                                          8       0         8      
       copy_decompress_none.c.obj                           14      0         0      
       exit.c.obj                                           4       0         0      
       pre_init.c.obj                                       4       0         0      
       div0.asm.obj                                         2       0         0      
    +--+----------------------------------------------------+-------+---------+---------+
       Total:                                               7749    257       8      
                                                                                     
       Stack:                                               0       0         1024   
       Linker Generated:                                    0       59        0      
    +--+----------------------------------------------------+-------+---------+---------+
       Grand Total:                                         13787   1644      1180   


LINKER GENERATED COPY TABLES

__TI_cinit_table @ 00003c50 records: 2, size/record: 8, table size: 16
	.data: load addr=00003c20, load size=00000017 bytes, run addr=2000002c, run size=00000024 bytes, compression=lzss
	.bss: load addr=00003c48, load size=00000008 bytes, run addr=20000000, run size=0000002a bytes, compression=zero_init


LINKER GENERATED HANDLER TABLE

__TI_handler_table @ 00003c38 records: 3, size/record: 4, table size: 12
	index: 0, handler: __TI_decompress_lzss
	index: 1, handler: __TI_decompress_none
	index: 2, handler: __TI_zero_init


GLOBAL SYMBOLS: SORTED ALPHABETICALLY BY Name 

address   name                                       
-------   ----                                       
00001ba7  ADC14_IRQHandler                           
00001ba7  AES256_IRQHandler                          
00001ba7  BusFault_Handler                           
000036cd  C$$EXIT                                    
00001ba7  COMP_E0_IRQHandler                         
00001ba7  COMP_E1_IRQHandler                         
00001ba7  CS_IRQHandler                              
00001f51  Crystalfontz128x128_Init                   
00001e1d  Crystalfontz128x128_SetDrawFrame           
00002e1d  Crystalfontz128x128_SetOrientation         
00001ba7  DMA_ERR_IRQHandler                         
00001ba7  DMA_INT0_IRQHandler                        
00001ba7  DMA_INT1_IRQHandler                        
00001ba7  DMA_INT2_IRQHandler                        
00001ba7  DMA_INT3_IRQHandler                        
00001ba7  DebugMon_Handler                           
00001ba7  Default_Handler                            
00001ba7  EUSCIA0_IRQHandler                         
00001ba7  EUSCIA1_IRQHandler                         
00001ba7  EUSCIA2_IRQHandler                         
00001ba7  EUSCIA3_IRQHandler                         
00001ba7  EUSCIB0_IRQHandler                         
00001ba7  EUSCIB1_IRQHandler                         
00001ba7  EUSCIB2_IRQHandler                         
00001ba7  EUSCIB3_IRQHandler                         
000035ed  EUSCI_A_SPI_enable                         
00003603  EUSCI_B_SPI_enable                         
00001ba7  FLCTL_IRQHandler                           
00001ba7  FPU_IRQHandler                             
00003161  GPIO_setAsOutputPin                        
00002941  GPIO_setAsPeripheralModuleFunctionOutputPin
000034c9  GPIO_setOutputHighOnPin                    
000034f1  GPIO_setOutputLowOnPin                     
0000366f  Graphics_clearDisplay                      
0000356d  Graphics_clearDisplayOnDisplay             
00003351  Graphics_drawHorizontalLineOnDisplay       
00002773  Graphics_drawLineH                         
00003449  Graphics_drawPixelOnDisplay                
00000b33  Graphics_drawString                        
00003005  Graphics_drawStringCentered                
000023ad  Graphics_getStringWidth                    
00002ec5  Graphics_initContext                       
00003587  Graphics_setBackgroundColor                
000035a1  Graphics_setFont                           
00003619  Graphics_setForegroundColor                
0000362f  Graphics_translateColorOnDisplay           
000033bd  HAL_LCD_PortInit                           
000031e1  HAL_LCD_SpiInit                            
000032e1  HAL_LCD_writeCommand                       
00003475  HAL_LCD_writeData                          
00001ba7  HardFault_Handler                          
20000026  Lcd_FlagRead                               
20000027  Lcd_FontSolid                              
20000028  Lcd_Orientation                            
20000029  Lcd_PenSolid                               
20000020  Lcd_ScreenHeigth                           
20000022  Lcd_ScreenWidth                            
20000024  Lcd_TouchTrim                              
00001ba7  MemManage_Handler                          
00001ba7  NMI_Handler                                
00001ba7  PCM_IRQHandler                             
00001ba7  PORT1_IRQHandler                           
00001ba7  PORT2_IRQHandler                           
00001ba7  PORT3_IRQHandler                           
00001ba7  PORT4_IRQHandler                           
00001ba7  PORT5_IRQHandler                           
00001ba7  PORT6_IRQHandler                           
00001ba7  PSS_IRQHandler                             
00001ba7  PendSV_Handler                             
00001ba7  RTC_C_IRQHandler                           
000036a1  Reset_Handler                              
00003519  SPI_enableModule                           
00002627  SPI_initMaster                             
00001ba7  SVC_Handler                                
00001ba7  SysTick_Handler                            
00002b51  SystemInit                                 
00001ba7  T32_INT1_IRQHandler                        
00001ba7  T32_INT2_IRQHandler                        
00001ba7  T32_INTC_IRQHandler                        
00001ba7  TA0_0_IRQHandler                           
00001ba7  TA0_N_IRQHandler                           
00001ba7  TA1_0_IRQHandler                           
00001ba7  TA1_N_IRQHandler                           
00001ba7  TA2_0_IRQHandler                           
00001ba7  TA2_N_IRQHandler                           
00001ba7  TA3_0_IRQHandler                           
00001ba7  TA3_N_IRQHandler                           
00002f69  Timer_A_initCompare                        
00001ba7  UsageFault_Handler                         
4000480c  WDTCTL_SYM                                 
00001ba7  WDT_A_IRQHandler                           
20010000  __STACK_END                                
00000200  __STACK_SIZE                               
00003c50  __TI_CINIT_Base                            
00003c60  __TI_CINIT_Limit                           
00003c38  __TI_Handler_Table_Base                    
00003c44  __TI_Handler_Table_Limit                   
000030dd  __TI_auto_init_nobinit_nopinit             
00002c37  __TI_decompress_lzss                       
00003693  __TI_decompress_none                       
ffffffff  __TI_pprof_out_hndl                        
000000e5  __TI_printfi                               
ffffffff  __TI_prof_data_size                        
ffffffff  __TI_prof_data_start                       
00000000  __TI_static_base__                         
00003535  __TI_zero_init_nomemset                    
000029c9  __aeabi_cdcmpeq                            
000029c9  __aeabi_cdcmple                            
00002a4f  __aeabi_cdrcmple                           
00003095  __aeabi_d2iz                               
000019fb  __aeabi_dadd                               
00001ce5  __aeabi_ddiv                               
000022b1  __aeabi_dmul                               
000019f1  __aeabi_dsub                               
000036c1  __aeabi_errno_addr                         
00003319  __aeabi_f2d                                
000033ed  __aeabi_i2d                                
00001e1b  __aeabi_idiv0                              
00001e1b  __aeabi_ldiv0                              
00002ad5  __aeabi_memclr                             
00002ad5  __aeabi_memclr4                            
00002ad5  __aeabi_memclr8                            
0000280f  __aeabi_memcpy                             
0000280f  __aeabi_memcpy4                            
0000280f  __aeabi_memcpy8                            
00002ad7  __aeabi_memset                             
00002ad7  __aeabi_memset4                            
00002ad7  __aeabi_memset8                            
000028ab  __aeabi_uldivmod                           
ffffffff  __binit__                                  
ffffffff  __c_args__                                 
UNDEFED   __mpu_init                                 
2000fe00  __stack                                    
00003389  _c_int00_noargs                            
000039c8  _ctypes_                                   
UNDEFED   _system_post_cinit                         
000036c9  _system_pre_init                           
000036cd  abort                                      
00002fb9  atoi                                       
ffffffff  binit                                      
2000002c  compareConfig_PWM                          
000035bb  copysign                                   
000035bb  copysignl                                  
2000004c  errno                                      
00002ca1  frexp                                      
00002ca1  frexpl                                     
20000000  g_sContext                                 
2000003c  g_sCrystalfontz128x128                     
00003bc4  g_sCrystalfontz128x128_funcs               
00003acc  g_sFontFixed6x8                            
00001469  get_sensordata                             
0000304d  init_I2C                                   
000024a9  init_lightSensor                           
00000000  interruptVectors                           
000021a1  ldexp                                      
000021a1  ldexpl                                     
00002e71  ltoa                                       
2000001c  lux                                        
00001221  main                                       
00003551  memccpy                                    
0000280f  memcpy                                     
00002add  memset                                     
000021a1  scalbn                                     
000021a1  scalbnl                                    
00003261  sprintf                                    
00003645  strchr                                     
0000365b  strlen                                     
00003c00  upConfig                                   
00003681  wcslen                                     


GLOBAL SYMBOLS: SORTED BY Symbol Address 

address   name                                       
-------   ----                                       
00000000  __TI_static_base__                         
00000000  interruptVectors                           
000000e5  __TI_printfi                               
00000200  __STACK_SIZE                               
00000b33  Graphics_drawString                        
00001221  main                                       
00001469  get_sensordata                             
000019f1  __aeabi_dsub                               
000019fb  __aeabi_dadd                               
00001ba7  ADC14_IRQHandler                           
00001ba7  AES256_IRQHandler                          
00001ba7  BusFault_Handler                           
00001ba7  COMP_E0_IRQHandler                         
00001ba7  COMP_E1_IRQHandler                         
00001ba7  CS_IRQHandler                              
00001ba7  DMA_ERR_IRQHandler                         
00001ba7  DMA_INT0_IRQHandler                        
00001ba7  DMA_INT1_IRQHandler                        
00001ba7  DMA_INT2_IRQHandler                        
00001ba7  DMA_INT3_IRQHandler                        
00001ba7  DebugMon_Handler                           
00001ba7  Default_Handler                            
00001ba7  EUSCIA0_IRQHandler                         
00001ba7  EUSCIA1_IRQHandler                         
00001ba7  EUSCIA2_IRQHandler                         
00001ba7  EUSCIA3_IRQHandler                         
00001ba7  EUSCIB0_IRQHandler                         
00001ba7  EUSCIB1_IRQHandler                         
00001ba7  EUSCIB2_IRQHandler                         
00001ba7  EUSCIB3_IRQHandler                         
00001ba7  FLCTL_IRQHandler                           
00001ba7  FPU_IRQHandler                             
00001ba7  HardFault_Handler                          
00001ba7  MemManage_Handler                          
00001ba7  NMI_Handler                                
00001ba7  PCM_IRQHandler                             
00001ba7  PORT1_IRQHandler                           
00001ba7  PORT2_IRQHandler                           
00001ba7  PORT3_IRQHandler                           
00001ba7  PORT4_IRQHandler                           
00001ba7  PORT5_IRQHandler                           
00001ba7  PORT6_IRQHandler                           
00001ba7  PSS_IRQHandler                             
00001ba7  PendSV_Handler                             
00001ba7  RTC_C_IRQHandler                           
00001ba7  SVC_Handler                                
00001ba7  SysTick_Handler                            
00001ba7  T32_INT1_IRQHandler                        
00001ba7  T32_INT2_IRQHandler                        
00001ba7  T32_INTC_IRQHandler                        
00001ba7  TA0_0_IRQHandler                           
00001ba7  TA0_N_IRQHandler                           
00001ba7  TA1_0_IRQHandler                           
00001ba7  TA1_N_IRQHandler                           
00001ba7  TA2_0_IRQHandler                           
00001ba7  TA2_N_IRQHandler                           
00001ba7  TA3_0_IRQHandler                           
00001ba7  TA3_N_IRQHandler                           
00001ba7  UsageFault_Handler                         
00001ba7  WDT_A_IRQHandler                           
00001ce5  __aeabi_ddiv                               
00001e1b  __aeabi_idiv0                              
00001e1b  __aeabi_ldiv0                              
00001e1d  Crystalfontz128x128_SetDrawFrame           
00001f51  Crystalfontz128x128_Init                   
000021a1  ldexp                                      
000021a1  ldexpl                                     
000021a1  scalbn                                     
000021a1  scalbnl                                    
000022b1  __aeabi_dmul                               
000023ad  Graphics_getStringWidth                    
000024a9  init_lightSensor                           
00002627  SPI_initMaster                             
00002773  Graphics_drawLineH                         
0000280f  __aeabi_memcpy                             
0000280f  __aeabi_memcpy4                            
0000280f  __aeabi_memcpy8                            
0000280f  memcpy                                     
000028ab  __aeabi_uldivmod                           
00002941  GPIO_setAsPeripheralModuleFunctionOutputPin
000029c9  __aeabi_cdcmpeq                            
000029c9  __aeabi_cdcmple                            
00002a4f  __aeabi_cdrcmple                           
00002ad5  __aeabi_memclr                             
00002ad5  __aeabi_memclr4                            
00002ad5  __aeabi_memclr8                            
00002ad7  __aeabi_memset                             
00002ad7  __aeabi_memset4                            
00002ad7  __aeabi_memset8                            
00002add  memset                                     
00002b51  SystemInit                                 
00002c37  __TI_decompress_lzss                       
00002ca1  frexp                                      
00002ca1  frexpl                                     
00002e1d  Crystalfontz128x128_SetOrientation         
00002e71  ltoa                                       
00002ec5  Graphics_initContext                       
00002f69  Timer_A_initCompare                        
00002fb9  atoi                                       
00003005  Graphics_drawStringCentered                
0000304d  init_I2C                                   
00003095  __aeabi_d2iz                               
000030dd  __TI_auto_init_nobinit_nopinit             
00003161  GPIO_setAsOutputPin                        
000031e1  HAL_LCD_SpiInit                            
00003261  sprintf                                    
000032e1  HAL_LCD_writeCommand                       
00003319  __aeabi_f2d                                
00003351  Graphics_drawHorizontalLineOnDisplay       
00003389  _c_int00_noargs                            
000033bd  HAL_LCD_PortInit                           
000033ed  __aeabi_i2d                                
00003449  Graphics_drawPixelOnDisplay                
00003475  HAL_LCD_writeData                          
000034c9  GPIO_setOutputHighOnPin                    
000034f1  GPIO_setOutputLowOnPin                     
00003519  SPI_enableModule                           
00003535  __TI_zero_init_nomemset                    
00003551  memccpy                                    
0000356d  Graphics_clearDisplayOnDisplay             
00003587  Graphics_setBackgroundColor                
000035a1  Graphics_setFont                           
000035bb  copysign                                   
000035bb  copysignl                                  
000035ed  EUSCI_A_SPI_enable                         
00003603  EUSCI_B_SPI_enable                         
00003619  Graphics_setForegroundColor                
0000362f  Graphics_translateColorOnDisplay           
00003645  strchr                                     
0000365b  strlen                                     
0000366f  Graphics_clearDisplay                      
00003681  wcslen                                     
00003693  __TI_decompress_none                       
000036a1  Reset_Handler                              
000036c1  __aeabi_errno_addr                         
000036c9  _system_pre_init                           
000036cd  C$$EXIT                                    
000036cd  abort                                      
000039c8  _ctypes_                                   
00003acc  g_sFontFixed6x8                            
00003bc4  g_sCrystalfontz128x128_funcs               
00003c00  upConfig                                   
00003c38  __TI_Handler_Table_Base                    
00003c44  __TI_Handler_Table_Limit                   
00003c50  __TI_CINIT_Base                            
00003c60  __TI_CINIT_Limit                           
20000000  g_sContext                                 
2000001c  lux                                        
20000020  Lcd_ScreenHeigth                           
20000022  Lcd_ScreenWidth                            
20000024  Lcd_TouchTrim                              
20000026  Lcd_FlagRead                               
20000027  Lcd_FontSolid                              
20000028  Lcd_Orientation                            
20000029  Lcd_PenSolid                               
2000002c  compareConfig_PWM                          
2000003c  g_sCrystalfontz128x128                     
2000004c  errno                                      
2000fe00  __stack                                    
20010000  __STACK_END                                
4000480c  WDTCTL_SYM                                 
ffffffff  __TI_pprof_out_hndl                        
ffffffff  __TI_prof_data_size                        
ffffffff  __TI_prof_data_start                       
ffffffff  __binit__                                  
ffffffff  __c_args__                                 
ffffffff  binit                                      
UNDEFED   __mpu_init                                 
UNDEFED   _system_post_cinit                         

[169 symbols]
